D/BackupManagerService( 1317): Received broadcast Intent { act=android.intent.action.PACKAGE_CHANGED dat=package:com.android.vending flg=0x4000010 (has extras) }
D/BackupManagerService( 1317): Received broadcast Intent { act=android.intent.action.PACKAGE_CHANGED dat=package:com.android.camera2 flg=0x4000010 (has extras) }
D/BackupManagerService( 1317): Received broadcast Intent { act=android.intent.action.PACKAGE_CHANGED dat=package:com.google.android.gm flg=0x4000010 (has extras) }
W/Launcher( 2583): setApplicationContext called twice! old=com.android.launcher3.LauncherApplication@13355f0f new=com.android.launcher3.LauncherApplication@13355f0f
W/Launcher( 2583): setApplicationContext called twice! old=com.android.launcher3.LauncherApplication@13355f0f new=com.android.launcher3.LauncherApplication@13355f0f
W/Launcher( 2583): setApplicationContext called twice! old=com.android.launcher3.LauncherApplication@13355f0f new=com.android.launcher3.LauncherApplication@13355f0f
W/Launcher( 2583): setApplicationContext called twice! old=com.android.launcher3.LauncherApplication@13355f0f new=com.android.launcher3.LauncherApplication@13355f0f
W/Launcher( 2583): setApplicationContext called twice! old=com.android.launcher3.LauncherApplication@13355f0f new=com.android.launcher3.LauncherApplication@13355f0f
W/Launcher( 2583): setApplicationContext called twice! old=com.android.launcher3.LauncherApplication@13355f0f new=com.android.launcher3.LauncherApplication@13355f0f
W/Launcher( 2583): setApplicationContext called twice! old=com.android.launcher3.LauncherApplication@13355f0f new=com.android.launcher3.LauncherApplication@13355f0f
W/Launcher( 2583): setApplicationContext called twice! old=com.android.launcher3.LauncherApplication@13355f0f new=com.android.launcher3.LauncherApplication@13355f0f
W/Launcher( 2583): setApplicationContext called twice! old=com.android.launcher3.LauncherApplication@13355f0f new=com.android.launcher3.LauncherApplication@13355f0f
W/Launcher( 2583): setApplicationContext called twice! old=com.android.launcher3.LauncherApplication@13355f0f new=com.android.launcher3.LauncherApplication@13355f0f
W/Launcher( 2583): setApplicationContext called twice! old=com.android.launcher3.LauncherApplication@13355f0f new=com.android.launcher3.LauncherApplication@13355f0f
W/Launcher( 2583): setApplicationContext called twice! old=com.android.launcher3.LauncherApplication@13355f0f new=com.android.launcher3.LauncherApplication@13355f0f
W/Launcher( 2583): setApplicationContext called twice! old=com.android.launcher3.LauncherApplication@13355f0f new=com.android.launcher3.LauncherApplication@13355f0f
W/Launcher( 2583): setApplicationContext called twice! old=com.android.launcher3.LauncherApplication@13355f0f new=com.android.launcher3.LauncherApplication@13355f0f
D/PackageBroadcastService( 2098): Received broadcast action=android.intent.action.PACKAGE_CHANGED and uri=com.google.android.youtube
D/PackageBroadcastService( 2098): Received broadcast action=android.intent.action.PACKAGE_CHANGED and uri=com.android.vending
D/PackageBroadcastService( 2098): Received broadcast action=android.intent.action.PACKAGE_CHANGED and uri=com.android.camera2
D/PackageBroadcastService( 2098): Received broadcast action=android.intent.action.PACKAGE_CHANGED and uri=com.google.android.gm
D/PackageBroadcastService( 2098): Received broadcast action=android.intent.action.PACKAGE_CHANGED and uri=com.android.calendar
D/PackageBroadcastService( 2098): Received broadcast action=android.intent.action.PACKAGE_CHANGED and uri=com.google.android.setupwizard
D/PackageBroadcastService( 2098): Received broadcast action=android.intent.action.PACKAGE_CHANGED and uri=com.google.android.music
D/PackageBroadcastService( 2098): Received broadcast action=android.intent.action.PACKAGE_CHANGED and uri=com.android.gallery3d
D/BackupManagerService( 1317): Received broadcast Intent { act=android.intent.action.PACKAGE_CHANGED dat=package:com.android.calendar flg=0x4000010 (has extras) }
D/BackupManagerService( 1317): Received broadcast Intent { act=android.intent.action.PACKAGE_CHANGED dat=package:com.google.android.setupwizard flg=0x4000010 (has extras) }
D/BackupManagerService( 1317): Received broadcast Intent { act=android.intent.action.PACKAGE_CHANGED dat=package:com.google.android.music flg=0x4000010 (has extras) }
D/PackageBroadcastService( 2098): Received broadcast action=android.intent.action.PACKAGE_CHANGED and uri=com.google.android.gms
I/PackageBroadcastService( 2098): Null package name or gms related package.  Ignoreing.
D/PackageBroadcastService( 2098): Received broadcast action=android.intent.action.PACKAGE_CHANGED and uri=com.google.android.gsf
D/PackageBroadcastService( 2098): Received broadcast action=android.intent.action.PACKAGE_CHANGED and uri=com.google.android.partnersetup
D/PackageBroadcastService( 2098): Received broadcast action=android.intent.action.PACKAGE_CHANGED and uri=com.android.inputmethod.latin
D/PackageBroadcastService( 2098): Received broadcast action=android.intent.action.PACKAGE_CHANGED and uri=com.google.android.backuptransport
D/PackageBroadcastService( 2098): Received broadcast action=android.intent.action.PACKAGE_CHANGED and uri=com.android.settings
D/PackageBroadcastService( 2098): Received broadcast action=android.intent.action.PACKAGE_CHANGED and uri=com.android.email
W/ResourcesManager( 1317): Asset path '/system/framework/com.google.android.media.effects.jar' does not exist or contains no resources.
D/BackupManagerService( 1317): Received broadcast Intent { act=android.intent.action.PACKAGE_CHANGED dat=package:com.android.gallery3d flg=0x4000010 (has extras) }
I/Icing   ( 2098): updateResources: need to parse f{com.google.android.gm}
I/PeopleContactsSync( 2098): CP2 sync disabled
I/ActivityManager( 1317): Killing 2233:com.android.mms/u0a12 (adj 15): empty #17
D/BackupManagerService( 1317): Received broadcast Intent { act=android.intent.action.PACKAGE_CHANGED dat=package:com.google.android.gms flg=0x4000010 (has extras) }
I/BackupManagerService( 1317): Unbinding ComponentInfo{com.google.android.gms/com.google.android.gms.backup.BackupTransportService}
I/Icing   ( 2098): updateResources: need to parse f{com.google.android.music}
I/Icing   ( 2098): Not sending global search app notification. Search app not installed or not signed properly.
I/Icing   ( 2098): updateResources: need to parse f{com.google.android.gms}
D/CountryDetector( 1317): No listener is left
I/Icing   ( 2098): Not indexing corpus from package com.google.android.music as it has never connected
E/Icing   ( 2098): Aborting indexing of corpus 7D422BE213D57A310643EC5F88CE6C50CCD6E30E
I/Icing   ( 2098): Not indexing corpus from package com.google.android.music as it has never connected
E/Icing   ( 2098): Aborting indexing of corpus E80E6C8240C8F3C441A2168D3BC80C639DC11135
I/Icing   ( 2098): Not indexing corpus from package com.google.android.music as it has never connected
E/Icing   ( 2098): Aborting indexing of corpus 41909DFE77E62B51C187E190703B2951DB1C5A6C
I/Icing   ( 2098): Not indexing corpus from package com.google.android.music as it has never connected
E/Icing   ( 2098): Aborting indexing of corpus 334E2CCDF51C3FC5DF2C69F17B28CDAB5C16F78F
I/BackupManagerService( 1317): Binding to transport host ComponentInfo{com.google.android.gms/com.google.android.gms.backup.BackupTransportService}
D/BackupManagerService( 1317): Received broadcast Intent { act=android.intent.action.PACKAGE_CHANGED dat=package:com.google.android.gsf flg=0x4000010 (has extras) }
D/BackupManagerService( 1317): Received broadcast Intent { act=android.intent.action.PACKAGE_CHANGED dat=package:com.google.android.partnersetup flg=0x4000010 (has extras) }
D/BackupManagerService( 1317): Received broadcast Intent { act=android.intent.action.PACKAGE_CHANGED dat=package:com.android.inputmethod.latin flg=0x4000010 (has extras) }
W/GmsBackupAccountManager( 2300): Backup account not found in gmscore.
D/BackupManagerService( 1317): Received broadcast Intent { act=android.intent.action.PACKAGE_CHANGED dat=package:com.google.android.backuptransport flg=0x4000010 (has extras) }
I/BackupManagerService( 1317): Unbinding ComponentInfo{com.google.android.backuptransport/com.google.android.backup.BackupTransportService}
I/ActivityManager( 1317): Killing 2963:com.android.settings/1000 (adj 15): empty #17
W/Launcher.Model( 2583): Nobody to tell about the new app.  Launcher is probably loading.
D/BackupManagerService( 1317): Received broadcast Intent { act=android.intent.action.PACKAGE_CHANGED dat=package:com.android.settings flg=0x4000010 (has extras) }
D/BackupManagerService( 1317): Received broadcast Intent { act=android.intent.action.PACKAGE_CHANGED dat=package:com.android.email flg=0x4000010 (has extras) }
V/BackupManagerService( 1317): Connected to transport ComponentInfo{com.google.android.gms/com.google.android.gms.backup.BackupTransportService}
V/BackupManagerService( 1317): Registering transport com.google.android.gms/.backup.BackupTransportService::com.google.android.gms/.backup.BackupTransportService = com.android.internal.backup.IBackupTransport$Stub$Proxy@62527f7
I/FusedLocation( 1317): engine stopped (com.android.location.fused)
I/Backup  ( 2062): [BackupTransportMigratorService] Starting migration...
W/Backup  ( 2062): [LegacyBackupAccountManager] No google accounts found!
I/art     ( 2300): Explicit concurrent mark sweep GC freed 37318(2MB) AllocSpace objects, 8(128KB) LOS objects, 40% free, 5MB/9MB, paused 80us total 20.544ms
W/GmsBackupAccountManager( 2300): Backup account not found in gmscore.
I/Backup  ( 2062): [BackupTransportMigratorService] Successfully migrated to use GMS BackupTransportService!
W/Launcher.Model( 2583): Nobody to tell about the new app.  Launcher is probably loading.
W/Launcher.Model( 2583): Nobody to tell about the new app.  Launcher is probably loading.
W/Launcher.Model( 2583): Nobody to tell about the new app.  Launcher is probably loading.
W/Launcher.Model( 2583): Nobody to tell about the new app.  Launcher is probably loading.
W/Launcher.Model( 2583): Nobody to tell about the new app.  Launcher is probably loading.
W/Launcher.Model( 2583): Nobody to tell about the new app.  Launcher is probably loading.
W/Launcher.Model( 2583): Nobody to tell about the new app.  Launcher is probably loading.
V/GmsNetworkLocationProvi( 2300): DISABLE
I/GCoreNlp( 2300): shouldConfirmNlp, NLP off. Ensuring opt-in disabled
W/Launcher.Model( 2583): Nobody to tell about the new app.  Launcher is probably loading.
I/art     ( 1317): Explicit concurrent mark sweep GC freed 53446(2MB) AllocSpace objects, 10(160KB) LOS objects, 33% free, 10MB/15MB, paused 214us total 18.505ms
W/Launcher.Model( 2583): Nobody to tell about the new app.  Launcher is probably loading.
W/Launcher.Model( 2583): Nobody to tell about the new app.  Launcher is probably loading.
W/Launcher.Model( 2583): Nobody to tell about the new app.  Launcher is probably loading.
W/Launcher.Model( 2583): Nobody to tell about the new app.  Launcher is probably loading.
W/Launcher.Model( 2583): Nobody to tell about the new app.  Launcher is probably loading.
W/Launcher.Model( 2583): Nobody to tell about the new app.  Launcher is probably loading.
D/NetworkMonitor/NetworkAgentInfo [Ethernet () - 100]( 1317): Probably not a portal: exception java.net.ConnectException: failed to connect to connectivitycheck.android.com/2404:6800:4005:800::200e (port 80) after 10000ms: connect failed: ENETUNREACH (Network is unreachable)
W/ActivityManager( 1317): Unable to start service Intent { act=com.google.android.gms.analytics.service.START cmp=com.google.android.gms/.analytics.service.AnalyticsService (has extras) } U=0: not found
W/GAV2    ( 2462): Thread[Service Reconnect,5,main]: Service unavailable (code=1), using local store.
E/BlueZ   ( 2694): bluetoothd connect timeout
E/BluetoothServiceJni( 2694): Error while setting the callbacks: 1
D/BluetoothManagerService( 1317): BluetoothServiceConnection: com.android.bluetooth.btservice.AdapterService
D/BluetoothManagerService( 1317): Message: 40
D/BluetoothManagerService( 1317): MESSAGE_BLUETOOTH_SERVICE_CONNECTED: 1
E/BluetoothManagerService( 1317): IBluetooth.configHciSnoopLog return false
D/BluetoothManagerService( 1317): Message: 200
D/BluetoothManagerService( 1317): MESSAGE_GET_NAME_AND_ADDRESS
D/BluetoothManagerService( 1317): Message: 201
D/BluetoothManagerService( 1317): MESSAGE_SAVE_NAME_AND_ADDRESS
D/BluetoothAdapterState( 2694): CURRENT_STATE=OFF, MESSAGE = USER_TURN_ON
D/BluetoothAdapterProperties( 2694): Setting state to 11
I/BluetoothAdapterState( 2694): Bluetooth adapter state changed: 10-> 11
D/BluetoothBondStateMachine( 2694): make
D/BluetoothAdapterService( 2694): getAdapterService() - returning com.android.bluetooth.btservice.AdapterService@54a3b9c
I/BluetoothAdapterState( 2694): Entering PendingCommandState State: isTurningOn()=true, isTurningOff()=false
D/HeadsetService( 2694): Received start request. Starting profile...
I/BluetoothHeadsetServiceJni( 2694): classInitNative: succeeds
D/HeadsetStateMachine( 2694): make
I/BluetoothBondStateMachine( 2694): StableState(): Entering Off State
D/HeadsetStateMachine( 2694): max_hf_connections = 1
E/BluetoothHeadsetServiceJni( 2694): Bluetooth module is not loaded
D/BluetoothAdapterService( 2694): getAdapterService() - returning com.android.bluetooth.btservice.AdapterService@54a3b9c
D/BluetoothA2dp( 1757): Proxy object connected
D/BluetoothA2dp( 1317): Proxy object connected
D/BluetoothAdapter( 1317): 496867986: getState() :  mService = null. Returning STATE_OFF
D/A2dpService( 2694): Received start request. Starting profile...
I/BluetoothAvrcpServiceJni( 2694): classInitNative: succeeds
E/BluetoothAvrcpServiceJni( 2694): Bluetooth module is not loaded
D/HeadsetStateMachine( 2694): Enter Disconnected: -2, size: 0
E/RemoteController( 2694): Cannot set synchronization mode on an unregistered RemoteController
I/BluetoothA2dpServiceJni( 2694): classInitNative: succeeds
D/A2dpStateMachine( 2694): make
E/BluetoothA2dpServiceJni( 2694): Bluetooth module is not loaded
I/BluetoothHidServiceJni( 2694): classInitNative: succeeds
D/BluetoothAdapterService( 2694): getAdapterService() - returning com.android.bluetooth.btservice.AdapterService@54a3b9c
D/BluetoothInputDevice( 1757): Proxy object connected
D/HidService( 2694): Received start request. Starting profile...
E/BluetoothHidServiceJni( 2694): Bluetooth module is not loaded
I/BluetoothHealthServiceJni( 2694): classInitNative: succeeds
D/BluetoothAdapterService( 2694): getAdapterService() - returning com.android.bluetooth.btservice.AdapterService@54a3b9c
D/HealthService( 2694): Received start request. Starting profile...
D/A2dpStateMachine( 2694): Enter Disconnected: -2
E/BluetoothHealthServiceJni( 2694): Bluetooth module is not loaded
I/BluetoothPanServiceJni( 2694): classInitNative(L105): succeeds
D/BluetoothAdapterService( 2694): getAdapterService() - returning com.android.bluetooth.btservice.AdapterService@54a3b9c
D/BluetoothPan( 1757): BluetoothPAN Proxy object connected
D/PanService( 2694): Received start request. Starting profile...
D/BluetoothPanServiceJni( 2694): initializeNative(L110): pan
E/BluetoothPanServiceJni( 2694): ## ERROR : initializeNative(L115): Bluetooth module is not loaded##
I/BtGatt.JNI( 2694): classInitNative(L873): classInitNative: Success!
D/BluetoothAdapterService( 2694): getAdapterService() - returning com.android.bluetooth.btservice.AdapterService@54a3b9c
D/BtGatt.DebugUtils( 2694): handleDebugAction() action=null
D/BtGatt.GattService( 2694): Received start request. Starting profile...
D/BtGatt.GattService( 2694): start()
E/BtGatt.JNI( 2694): ERROR: initializeNative(L883): Bluetooth module is not loaded##
D/BluetoothAdapterService( 2694): getAdapterService() - returning com.android.bluetooth.btservice.AdapterService@54a3b9c
D/BtGatt.AdvertiseManager( 2694): advertise manager created
D/BluetoothAdapterService( 2694): getAdapterService() - returning com.android.bluetooth.btservice.AdapterService@54a3b9c
D/BluetoothMap( 1757): Proxy object connected
D/BluetoothMapService( 2694): Received start request. Starting profile...
D/BluetoothMapService( 2694): start()
D/BluetoothMapEmailSettingsLoader( 2694): Found 0 applications
D/BluetoothMapEmailAppObserver( 2694): createReceiver()
D/BluetoothMapEmailAppObserver( 2694): initObservers()
D/BluetoothMapEmailAppObserver( 2694): getEnabledAccountItems()
D/HeadsetStateMachine( 2694): Proxy object connected
D/HeadsetStateMachine( 2694): Disconnected process message: 10, size: 0
D/BluetoothAdapterState( 2694): CURRENT_STATE=PENDING, MESSAGE = STARTED, isTurningOn=true, isTurningOff=false
E/BluetoothAdapterState( 2694): Error while turning Bluetooth On
D/BluetoothAdapterProperties( 2694): Setting state to 10
I/BluetoothAdapterState( 2694): Bluetooth adapter state changed: 11-> 10
I/BluetoothAdapterState( 2694): Entering OffState
D/GCM     ( 2062): GcmService start Intent { act=com.google.android.c2dm.intent.REGISTER pkg=com.google.android.gms cmp=com.google.android.gms/.gcm.GcmService (has extras) } com.google.android.c2dm.intent.REGISTER
E/GCM     ( 2062): Missing checkin config file
W/GCM     ( 2062): GCM FAILED TO INITIALIZE - missing checkin
W/YouTube ( 2613): (unknown) Could not register with GCM: 
W/YouTube ( 2613): java.io.IOException: AUTHENTICATION_FAILED
W/YouTube ( 2613): 	at eom.a(Unknown Source)
W/YouTube ( 2613): 	at kek.run(SourceFile:2038)
W/YouTube ( 2613): 	at java.util.concurrent.Executors$RunnableAdapter.call(Executors.java:422)
W/YouTube ( 2613): 	at java.util.concurrent.FutureTask.run(FutureTask.java:237)
W/YouTube ( 2613): 	at java.util.concurrent.ScheduledThreadPoolExecutor$ScheduledFutureTask.access$201(ScheduledThreadPoolExecutor.java:152)
W/YouTube ( 2613): 	at java.util.concurrent.ScheduledThreadPoolExecutor$ScheduledFutureTask.run(ScheduledThreadPoolExecutor.java:265)
W/YouTube ( 2613): 	at java.util.concurrent.ThreadPoolExecutor.runWorker(ThreadPoolExecutor.java:1112)
W/YouTube ( 2613): 	at java.util.concurrent.ThreadPoolExecutor$Worker.run(ThreadPoolExecutor.java:587)
W/YouTube ( 2613): 	at gzp.run(SourceFile:40)
W/YouTube ( 2613): 	at java.lang.Thread.run(Thread.java:818)
W/MplexGcmListener( 2613): GCM error: AUTHENTICATION_FAILED
D/NetworkMonitor/NetworkAgentInfo [Ethernet () - 100]( 1317): EvaluatingState{ when=-5ms what=532486 arg1=2 target=com.android.internal.util.StateMachine$SmHandler }
D/NetworkMonitor/NetworkAgentInfo [Ethernet () - 100]( 1317): Checking http://connectivitycheck.android.com/generate_204 on 52:54:00:12:34:56
I/iu.UploadsManager( 2098): End new media; added: 0, uploading: 0, time: 13 ms
E/BluetoothManagerService( 1317): waitForOnOff time out
D/BluetoothManagerService( 1317): Retrying name/address remote retrieval and save.....Retry count =1
D/BluetoothAdapterState( 2694): CURRENT_STATE=OFF, MESSAGE = USER_TURN_OFF
D/BluetoothManagerService( 1317): Message: 201
D/BluetoothManagerService( 1317): MESSAGE_SAVE_NAME_AND_ADDRESS
D/BluetoothAdapterState( 2694): CURRENT_STATE=OFF, MESSAGE = USER_TURN_ON
D/BluetoothAdapterProperties( 2694): Setting state to 11
I/BluetoothAdapterState( 2694): Bluetooth adapter state changed: 10-> 11
D/BluetoothBondStateMachine( 2694): make
I/BluetoothAdapterState( 2694): Entering PendingCommandState State: isTurningOn()=true, isTurningOff()=false
D/BluetoothAdapterState( 2694): CURRENT_STATE=PENDING, MESSAGE = STARTED, isTurningOn=true, isTurningOff=false
E/BluetoothAdapterState( 2694): Error while turning Bluetooth On
D/BluetoothAdapterProperties( 2694): Setting state to 10
I/BluetoothAdapterState( 2694): Bluetooth adapter state changed: 11-> 10
I/BluetoothAdapterState( 2694): Entering OffState
I/BluetoothBondStateMachine( 2694): StableState(): Entering Off State
I/ActivityManager( 1317): Waited long enough for: ServiceRecord{8eec7be u0 com.android.calendar/.alerts.InitAlarmsService}
E/BluetoothManagerService( 1317): waitForOnOff time out
D/BluetoothManagerService( 1317): Retrying name/address remote retrieval and save.....Retry count =2
D/BluetoothAdapterState( 2694): CURRENT_STATE=OFF, MESSAGE = USER_TURN_OFF
D/DownloadManager( 2126): [1] Finished with status SUCCESS
D/ChimeraCfgMgr( 2098): Loading module com.google.android.gms.vision from APK com.google.android.gms
I/Vision  ( 2098): Supported ABIS: [x86, armeabi-v7a, armeabi]
I/ActivityManager( 1317): Killing 2979:com.android.camera2/u0a28 (adj 15): empty #17
D/ChimeraCfgMgr( 2098): Loading module com.google.android.gms.vision from APK com.google.android.gms
D/BluetoothManagerService( 1317): Message: 201
D/BluetoothManagerService( 1317): MESSAGE_SAVE_NAME_AND_ADDRESS
D/BluetoothAdapterState( 2694): CURRENT_STATE=OFF, MESSAGE = USER_TURN_ON
D/BluetoothAdapterProperties( 2694): Setting state to 11
I/BluetoothAdapterState( 2694): Bluetooth adapter state changed: 10-> 11
D/BluetoothBondStateMachine( 2694): make
I/BluetoothAdapterState( 2694): Entering PendingCommandState State: isTurningOn()=true, isTurningOff()=false
D/BluetoothAdapterState( 2694): CURRENT_STATE=PENDING, MESSAGE = STARTED, isTurningOn=true, isTurningOff=false
E/BluetoothAdapterState( 2694): Error while turning Bluetooth On
D/BluetoothAdapterProperties( 2694): Setting state to 10
I/BluetoothAdapterState( 2694): Bluetooth adapter state changed: 11-> 10
I/BluetoothAdapterState( 2694): Entering OffState
I/BluetoothBondStateMachine( 2694): StableState(): Entering Off State
W/Launcher( 2583): setApplicationContext called twice! old=com.android.launcher3.LauncherApplication@13355f0f new=com.android.launcher3.LauncherApplication@13355f0f
I/InputReader( 1317): Reconfiguring input devices.  changes=0x00000010
I/CheckinService( 2098): Done disabling old GoogleServicesFramework version
D/PackageBroadcastService( 2098): Received broadcast action=android.intent.action.PACKAGE_CHANGED and uri=com.google.android.gsf
D/BackupManagerService( 1317): Received broadcast Intent { act=android.intent.action.PACKAGE_CHANGED dat=package:com.google.android.gsf flg=0x4000010 (has extras) }
I/PeopleContactsSync( 2098): CP2 sync disabled
W/Launcher.Model( 2583): Nobody to tell about the new app.  Launcher is probably loading.
E/BluetoothManagerService( 1317): waitForOnOff time out
D/BluetoothManagerService( 1317): Retrying name/address remote retrieval and save.....Retry count =3
D/BluetoothAdapterState( 2694): CURRENT_STATE=OFF, MESSAGE = USER_TURN_OFF
D/BluetoothManagerService( 1317): Message: 201
D/BluetoothManagerService( 1317): MESSAGE_SAVE_NAME_AND_ADDRESS
D/BluetoothAdapterState( 2694): CURRENT_STATE=OFF, MESSAGE = USER_TURN_ON
D/BluetoothAdapterProperties( 2694): Setting state to 11
I/BluetoothAdapterState( 2694): Bluetooth adapter state changed: 10-> 11
D/BluetoothBondStateMachine( 2694): make
I/BluetoothAdapterState( 2694): Entering PendingCommandState State: isTurningOn()=true, isTurningOff()=false
D/BluetoothAdapterState( 2694): CURRENT_STATE=PENDING, MESSAGE = STARTED, isTurningOn=true, isTurningOff=false
E/BluetoothAdapterState( 2694): Error while turning Bluetooth On
D/BluetoothAdapterProperties( 2694): Setting state to 10
I/BluetoothAdapterState( 2694): Bluetooth adapter state changed: 11-> 10
I/BluetoothAdapterState( 2694): Entering OffState
I/BluetoothBondStateMachine( 2694): StableState(): Entering Off State
D/NetworkMonitor/NetworkAgentInfo [Ethernet () - 100]( 1317): Probably not a portal: exception java.net.SocketTimeoutException: failed to connect to connectivitycheck.android.com/216.58.221.238 (port 80) after 10000ms
E/BluetoothManagerService( 1317): waitForOnOff time out
W/BluetoothManagerService( 1317): Maximum name/address remote retrieval retry exceeded
D/BluetoothAdapterState( 2694): CURRENT_STATE=OFF, MESSAGE = USER_TURN_OFF
D/BluetoothManagerService( 1317): unbindAndFinish(): android.bluetooth.IBluetooth$Stub$Proxy@1e44f4fa mBinding = false
D/BluetoothManagerService( 1317): Sending unbind request.
I/art     ( 2694): System.exit called, status: 0
I/AndroidRuntime( 2694): VM exiting with result code 0, cleanup skipped.
D/BluetoothMap( 1757): Proxy object disconnected
D/BluetoothA2dp( 1757): Proxy object disconnected
D/BluetoothInputDevice( 1757): Proxy object disconnected
D/BluetoothPan( 1757): BluetoothPAN Proxy object disconnected
D/BluetoothA2dp( 1317): Proxy object disconnected
I/ActivityManager( 1317): Process com.android.bluetooth (pid 2694) has died
W/ActivityManager( 1317): Scheduling restart of crashed service com.android.bluetooth/.map.BluetoothMapService in 1000ms
W/ActivityManager( 1317): Scheduling restart of crashed service com.android.bluetooth/.hdp.HealthService in 1000ms
W/ActivityManager( 1317): Scheduling restart of crashed service com.android.bluetooth/.pan.PanService in 1000ms
W/ActivityManager( 1317): Scheduling restart of crashed service com.android.bluetooth/.gatt.GattService in 1000ms
W/ActivityManager( 1317): Scheduling restart of crashed service com.android.bluetooth/.a2dp.A2dpService in 1000ms
W/ActivityManager( 1317): Scheduling restart of crashed service com.android.bluetooth/.hid.HidService in 1000ms
W/ActivityManager( 1317): Scheduling restart of crashed service com.android.bluetooth/.hfp.HeadsetService in 1000ms
D/GCM     ( 2062): GcmService start Intent { act=com.google.android.c2dm.intent.REGISTER pkg=com.google.android.gms cmp=com.google.android.gms/.gcm.GcmService (has extras) } com.google.android.c2dm.intent.REGISTER
E/GCM     ( 2062): Missing checkin config file
W/GCM     ( 2062): GCM FAILED TO INITIALIZE - missing checkin
W/YouTube ( 2613): (unknown) Could not register with GCM: 
W/YouTube ( 2613): java.io.IOException: AUTHENTICATION_FAILED
W/YouTube ( 2613): 	at eom.a(Unknown Source)
W/YouTube ( 2613): 	at kek.run(SourceFile:2038)
W/YouTube ( 2613): 	at java.util.concurrent.Executors$RunnableAdapter.call(Executors.java:422)
W/YouTube ( 2613): 	at java.util.concurrent.FutureTask.run(FutureTask.java:237)
W/YouTube ( 2613): 	at java.util.concurrent.ScheduledThreadPoolExecutor$ScheduledFutureTask.access$201(ScheduledThreadPoolExecutor.java:152)
W/YouTube ( 2613): 	at java.util.concurrent.ScheduledThreadPoolExecutor$ScheduledFutureTask.run(ScheduledThreadPoolExecutor.java:265)
W/YouTube ( 2613): 	at java.util.concurrent.ThreadPoolExecutor.runWorker(ThreadPoolExecutor.java:1112)
W/YouTube ( 2613): 	at java.util.concurrent.ThreadPoolExecutor$Worker.run(ThreadPoolExecutor.java:587)
W/YouTube ( 2613): 	at gzp.run(SourceFile:40)
W/YouTube ( 2613): 	at java.lang.Thread.run(Thread.java:818)
W/MplexGcmListener( 2613): GCM error: AUTHENTICATION_FAILED
D/SettingsProvider( 1317): User 0 external modification to /data/data/com.android.providers.settings/databases/settings.db; event=2
D/SettingsProvider( 1317): User 0 updating our caches for /data/data/com.android.providers.settings/databases/settings.db
D/NetworkMonitor/NetworkAgentInfo [Ethernet () - 100]( 1317): EvaluatingState{ when=-5ms what=532486 arg1=3 target=com.android.internal.util.StateMachine$SmHandler }
D/NetworkMonitor/NetworkAgentInfo [Ethernet () - 100]( 1317): Checking http://connectivitycheck.android.com/generate_204 on 52:54:00:12:34:56
D/SettingsProvider( 1317): User 0 external modification to /data/data/com.android.providers.settings/databases/settings.db; event=2
D/SettingsProvider( 1317): User 0 updating our caches for /data/data/com.android.providers.settings/databases/settings.db
D/SettingsProvider( 1317): User 0 external modification to /data/data/com.android.providers.settings/databases/settings.db; event=2
D/SettingsProvider( 1317): User 0 updating our caches for /data/data/com.android.providers.settings/databases/settings.db
I/InputReader( 1317): Reconfiguring input devices.  changes=0x00000010
W/Launcher( 2583): setApplicationContext called twice! old=com.android.launcher3.LauncherApplication@13355f0f new=com.android.launcher3.LauncherApplication@13355f0f
D/BackupManagerService( 1317): Received broadcast Intent { act=android.intent.action.PACKAGE_CHANGED dat=package:com.google.android.gsf flg=0x4000010 (has extras) }
D/PackageBroadcastService( 2098): Received broadcast action=android.intent.action.PACKAGE_CHANGED and uri=com.google.android.gsf
W/Launcher.Model( 2583): Nobody to tell about the new app.  Launcher is probably loading.
I/PeopleContactsSync( 2098): CP2 sync disabled
I/dex2oat ( 3211): /system/bin/dex2oat --runtime-arg -classpath --runtime-arg  --instruction-set=x86 --instruction-set-features=default --runtime-arg -Xrelocate --boot-image=/system/framework/boot.art --dex-file=/data/data/com.google.android.gms/app_fb/f.apk --oat-fd=22 --oat-location=/data/data/com.google.android.gms/app_fb/f.dex --runtime-arg -Xms64m --runtime-arg -Xmx512m
I/dex2oat ( 3211): dex2oat took 7.424ms (threads: 1) arena alloc=25KB java alloc=18KB native alloc=537KB free=3MB
I/CheckinRequestBuilder( 2098): Classify the device as Tablet.
D/InitAlarmsService( 2248): Clearing and rescheduling alarms.
I/ActivityManager( 1317): Killing 2996:com.google.android.configupdater/u0a31 (adj 15): empty #17
E/GCM     ( 2062): Missing checkin config file
W/GCM     ( 2062): GCM FAILED TO INITIALIZE - missing checkin
I/ActivityManager( 1317): Killing 2317:com.android.deskclock/u0a32 (adj 15): empty #17
D/NetworkMonitor/NetworkAgentInfo [Ethernet () - 100]( 1317): Probably not a portal: exception java.net.SocketTimeoutException: failed to connect to connectivitycheck.android.com/216.58.221.238 (port 80) after 10000ms
D/ConnectivityService( 1317): setProvNotificationVisibleIntent: E visible=false networkType=0 extraInfo=null
D/GCM     ( 2062): GcmService start Intent { act=com.google.android.c2dm.intent.REGISTER pkg=com.google.android.gms cmp=com.google.android.gms/.gcm.GcmService (has extras) } com.google.android.c2dm.intent.REGISTER
E/GCM     ( 2062): Missing checkin config file
W/GCM     ( 2062): GCM FAILED TO INITIALIZE - missing checkin
W/YouTube ( 2613): (unknown) Could not register with GCM: 
W/YouTube ( 2613): java.io.IOException: AUTHENTICATION_FAILED
W/YouTube ( 2613): 	at eom.a(Unknown Source)
W/YouTube ( 2613): 	at kek.run(SourceFile:2038)
W/YouTube ( 2613): 	at java.util.concurrent.Executors$RunnableAdapter.call(Executors.java:422)
W/YouTube ( 2613): 	at java.util.concurrent.FutureTask.run(FutureTask.java:237)
W/YouTube ( 2613): 	at java.util.concurrent.ScheduledThreadPoolExecutor$ScheduledFutureTask.access$201(ScheduledThreadPoolExecutor.java:152)
W/YouTube ( 2613): 	at java.util.concurrent.ScheduledThreadPoolExecutor$ScheduledFutureTask.run(ScheduledThreadPoolExecutor.java:265)
W/YouTube ( 2613): 	at java.util.concurrent.ThreadPoolExecutor.runWorker(ThreadPoolExecutor.java:1112)
W/YouTube ( 2613): 	at java.util.concurrent.ThreadPoolExecutor$Worker.run(ThreadPoolExecutor.java:587)
W/YouTube ( 2613): 	at gzp.run(SourceFile:40)
W/YouTube ( 2613): 	at java.lang.Thread.run(Thread.java:818)
W/MplexGcmListener( 2613): GCM error: AUTHENTICATION_FAILED
I/ActivityManager( 1317): Waited long enough for: ServiceRecord{1338eabd u0 com.google.android.youtube/com.google.android.libraries.youtube.common.gcore.gcoreclient.gcm.impl.GcmTaskServiceDelegator}
E/YouTube ( 2613): (unknown) Could not do device auth handshake: ExecutionException - org.apache.http.conn.ConnectTimeoutException: Connect to /216.58.221.106:443 timed out
I/TextToSpeech( 2039): Set up connection to ComponentInfo{com.svox.pico/com.svox.pico.PicoService}
D/Finsky  ( 2417): [1] DailyHygiene.onStartCommand: DailyHygiene holdoff continue
D/Volley  ( 2098): [1] Request.finish: 60394 ms: [ ] https://www.google.com/ads/preferences/mobile_view?sig=TXhJ669ce6y8ETrFAg4hrDMiU3HcOJbONbLbuTQzIIyH7AE6aAZ_-HM7dyFA6zfJOI5lqyz6k94nYclvrc7BAsdJLE-1XQm1lu1GnJRAfYYgk-AJcQyVrY9PtKIlEop0yt4jcQ_ylDN_oM_nKgJqN4BCOjrYPiTuhRCAld-sC7Vgdq4fLOP9EI1KLffg20rWAw4rNFU4mEXkgOXvP9-mmQvoHoNoTAzUI3CZdPv2E04KvHMszuEH-i6RB0THP8mYSvCh8CLd4LekrHH1OtEDiDgtPn0yPnqfLK2xg8d2G4FEAajyIndeLf1gn_qY7vSdLcI__rhuHkUzx0agck6D3g&vv=2 0xd61ac103 NORMAL 2
D/Volley  ( 2098): [1] Request.finish: 60425 ms: [ ] https://www.google.com/ads/preferences/mobile_view?sig=oSVBivwkqdlL74atAzRum5FY1htbAgvA1EpT03p6nnVU9zfYL1g0r1m2M4UcqaoBCPzipR9-psNtTN5HDvZKwR6vqw_sx_d9uVR0Ki4aQig5bx8wipgv33mP0sCVYGbpqwMWYw5VQSBU88AZHu1-StYHFymEojsSxY3b1U_DpaLuZzLtFLcshmTnROJUFuLUAfu6V6uWgk1iR7vFeADSHGJ4da4eZWr9sNwOv_dYLXndtAmpdEZap2ZiT2DFC0RROKhccu8ifaV3ePk9Htb-LCcBYcolXmNBCQlfptBLCfq8IAnUk4FNHD9RrdovndXmy8yv7xdaQ2XaL7ThcGLgww&vv=2 0xd61ac103 NORMAL 1
D/Volley  ( 2098): [1] Request.finish: 60102 ms: [ ] https://www.google.com/ads/preferences/mobile_view?sig=mwZxq5x6au-UGAW2dE0dR6lrqDPJDWPiE99-tCKYWdzec7ZKHAz5qCp7fN-6UjfewmV6_jso2as4oFVDAoo7L-oo6-qzHpoqVqguZ1WhOSZFVIdtoFTL0B-gRFyC1oXV0lYvlz8JWAlEDZLF--s0-fqTpc29_3f1PnmZMUsyoN2H4u1loHnk7L7HbEF_tK5y-nrwJSlX3OYIurDCdFsJFglHzd5YFDfPX1BfZ-cMM1BZstJ8ZmLBah3pZGQGY9A_oy_ahqZHNfs_XTmJDjT_GKnB_fg6sfB6rLIKBPTye-Yt9jnUEAbr5up34HFFB3_TnEl6cpKSMuFbDFesp3db-Q&vv=2 0xd61ac103 NORMAL 4
D/Volley  ( 2098): [1] Request.finish: 60107 ms: [ ] https://www.google.com/ads/preferences/mobile_view?sig=1HgmEuof6BMVNBl1sKuFobVjgdwxI_hG9B8UEHpjGuvqJu9bC8adqj0YD4An6L4Zgbnuzof6GYuVmHyUDL6qQk3_5cLdtxZiHVhKc8UPGH4j9PMNDib1JssuUGr606-tL2TjqynW7B8ETBg8sqhp8JUn3-gdwXw9NdZ-iBsbKT9Rkvzuwz7xuCz-a7IbKhEU5LoVmDACnH-0NEVxTaLMzZK0Rr-69jqilCFzQSeeCXynZWjsXrtGkhgeie2sYMWObx3DyFgVGeRfn6_AV-c6RD0R9cKHRnS61TeBoob6BGDGP0ZoHcHdijeCVw-jAsyWmGRxsbOe8Ly1lSmPl3wO3Q&vv=2 0xd61ac103 NORMAL 3
E/YouTube ( 2613): (unknown) Could not do device auth handshake: ExecutionException - org.apache.http.conn.ConnectTimeoutException: Connect to /216.58.221.234:443 timed out
E/GCM     ( 2062): Missing checkin config file
W/GCM     ( 2062): GCM FAILED TO INITIALIZE - missing checkin
D/GetConfigurationSnapshotOperation( 2062): no corresponding serverToken: com.google.android.gms.playlog.uploader, 1, 
I/PhenotypeFlagCommitter( 2062): Experiment Configs successfully retrieved for com.google.android.gms.playlog.uploader
I/GoogleURLConnFactory( 2062): Using platform SSLCertificateSocketFactory
D/GetCommittedConfigurationOperation( 2062): no corresponding serverToken: com.google.android.gms.playlog.uploader
I/ActivityManager( 1317): Waited long enough for: ServiceRecord{111334b0 u0 com.google.android.gms/.playlog.uploader.UploaderService}
E/YouTube ( 2613): (unknown) Could not do device auth handshake: ExecutionException - org.apache.http.conn.ConnectTimeoutException: Connect to /216.58.221.234:443 timed out
E/YouTube ( 2613): (unknown) Could not do device auth handshake: ExecutionException - org.apache.http.conn.ConnectTimeoutException: Connect to /216.58.221.234:443 timed out
I/PowerManagerService( 1317): Going to sleep due to screen timeout (uid 1000)...
D/KbdSensor( 1317): poll_activate: dev=0xb3c51a80 handle=0 enabled=0
I/WifiNative-HAL( 1317): startHal
E/wifi    ( 1317): getStaticLongField sWifiHalHandle 0xa051d88c
D/wifi    ( 1317): halHandle = 0x0, mVM = 0xb3c4d280, mCls = 0x184a
I/WifiNative-HAL( 1317): Could not start hal
E/WifiStateMachine( 1317): cancelDelayedScan -> 1
D/BlueZ   ( 1105): external/bluetooth/bluez/android/hal-audio.c:audio_set_parameters() 
```
I/PowerManagerService( 1317): Sleeping (uid 1000)...
E/libEGL  ( 1317): eglGetConfigAttrib(EGL_NATIVE_VISUAL_ID) failed: 0x3005
E/libEGL  ( 1317): eglMakeCurrent:811 error 3009 (EGL_BAD_MATCH)
E/ColorFade( 1317): eglMakeCurrent failed: error 12297
E/ColorFade( 1317): java.lang.Throwable
E/ColorFade( 1317): 	at com.android.server.display.ColorFade.logEglError(ColorFade.java:671)
E/ColorFade( 1317): 	at com.android.server.display.ColorFade.attachEglContext(ColorFade.java:651)
E/ColorFade( 1317): 	at com.android.server.display.ColorFade.captureScreenshotTextureAndSetViewport(ColorFade.java:450)
E/ColorFade( 1317): 	at com.android.server.display.ColorFade.prepare(ColorFade.java:154)
E/ColorFade( 1317): 	at com.android.server.display.DisplayPowerState.prepareColorFade(DisplayPowerState.java:183)
E/ColorFade( 1317): 	at com.android.server.display.DisplayPowerController.animateScreenStateChange(DisplayPowerController.java:885)
E/ColorFade( 1317): 	at com.android.server.display.DisplayPowerController.updatePowerState(DisplayPowerController.java:581)
E/ColorFade( 1317): 	at com.android.server.display.DisplayPowerController.access$400(DisplayPowerController.java:72)
E/ColorFade( 1317): 	at com.android.server.display.DisplayPowerController$DisplayControllerHandler.handleMessage(DisplayPowerController.java:1160)
E/ColorFade( 1317): 	at android.os.Handler.dispatchMessage(Handler.java:102)
E/ColorFade( 1317): 	at android.os.Looper.loop(Looper.java:135)
E/ColorFade( 1317): 	at android.os.HandlerThread.run(HandlerThread.java:61)
E/ColorFade( 1317): 	at com.android.server.ServiceThread.run(ServiceThread.java:46)
I/libsuspend( 1317): autosuspend_earlysuspend_enable
D/SurfaceFlinger( 1099): Set power mode=0, type=0 flinger=0xb685c000
```
