--------- beginning of main
I/Netd    (    0): Netd 1.0 starting
E/Netd    (    0): Failed to open /proc/sys/net/ipv6/conf/default/accept_ra_rt_table: No such file or directory
E/Netd    (    0): Failed to open /proc/sys/net/ipv6/conf/eth0/accept_ra_rt_table: No such file or directory
E/Netd    (    0): Failed to open /proc/sys/net/ipv6/conf/ip6tnl0/accept_ra_rt_table: No such file or directory
E/Netd    (    0): Failed to open /proc/sys/net/ipv6/conf/lo/accept_ra_rt_table: No such file or directory
E/Netd    (    0): Failed to open /proc/sys/net/ipv6/conf/sit0/accept_ra_rt_table: No such file or directory
I/        (    0): debuggerd: Oct  7 2015 00:32:19
E/ProbeModule( 1128): insmod_by_dep: cannot load module: [net-pf-16-proto-9]
--------- beginning of system
I/Vold    ( 1098): Vold 2.1 (the revenge) firing up
E/DirectVolume( 1098): Vold managed volumes must have auto mount point; ignoring /storage/usb0
D/Vold    ( 1098): Volume usb0 state changing -1 (Initializing) -> 0 (No-Media)
E/DirectVolume( 1098): Vold managed volumes must have auto mount point; ignoring /storage/usb1
D/Vold    ( 1098): Volume usb1 state changing -1 (Initializing) -> 0 (No-Media)
E/DirectVolume( 1098): Vold managed volumes must have auto mount point; ignoring /storage/usb2
D/Vold    ( 1098): Volume usb2 state changing -1 (Initializing) -> 0 (No-Media)
E/DirectVolume( 1098): Vold managed volumes must have auto mount point; ignoring /storage/usb3
D/Vold    ( 1098): Volume usb3 state changing -1 (Initializing) -> 0 (No-Media)
I/lowmemorykiller( 1096): Using in-kernel low memory killer interface
I/keystore( 1107): SELinux: Keystore SELinux is disabled.
```sh
I/SurfaceFlinger( 1099): SurfaceFlinger is starting
I/SurfaceFlinger( 1099): SurfaceFlinger's main thread ready to run. Initializing graphics H/W...
D/libEGL  ( 1099): 3D hardware acceleration is disabled
D/libEGL  ( 1099): Emulator without GPU support detected. Fallback to software renderer.
D/libEGL  ( 1099): loaded /system/lib/egl/libGLES_android.so
W/gralloc ( 1099): page flipping not supported (yres_virtual=600, requested=1200)
I/gralloc ( 1099): using (fd=11)
I/gralloc ( 1099): id           = VESA VGA
I/gralloc ( 1099): xres         = 800 px
I/gralloc ( 1099): yres         = 600 px
I/gralloc ( 1099): xres_virtual = 800 px
I/gralloc ( 1099): yres_virtual = 600 px
I/gralloc ( 1099): bpp          = 16
I/gralloc ( 1099): r            = 11:5
I/gralloc ( 1099): g            =  5:6
I/gralloc ( 1099): b            =  0:5
I/gralloc ( 1099): width        = 127 mm (160.000000 dpi)
I/gralloc ( 1099): height       = 95 mm (160.421051 dpi)
I/gralloc ( 1099): refresh rate = 91.11 Hz
W/hwcomposer( 1099): getting VSYNC period from fb HAL: 10975503
D/hwcomposer( 1099): Intel hwcomposer module
I/SurfaceFlinger( 1099): Using composer version 1.0
W/SurfaceFlinger( 1099): no suitable EGLConfig found, trying a simpler query
W/SurfaceFlinger( 1099): EGL_SLOW_CONFIG selected!
I/SurfaceFlinger( 1099): EGL information:
I/SurfaceFlinger( 1099): vendor    : Android
I/SurfaceFlinger( 1099): version   : 1.4 Android META-EGL
I/SurfaceFlinger( 1099): extensions: EGL_KHR_get_all_proc_addresses EGL_ANDROID_presentation_time EGL_KHR_image_base EGL_KHR_fence_sync EGL_ANDROID_image_native_buffer 
I/SurfaceFlinger( 1099): Client API: OpenGL_ES
I/SurfaceFlinger( 1099): EGLSurface: 5-6-5-0, config=0x0
W/SurfaceFlinger( 1099): no suitable EGLConfig found, trying a simpler query
W/SurfaceFlinger( 1099): EGL_SLOW_CONFIG selected!
I/SurfaceFlinger( 1099): EGL information:
I/SurfaceFlinger( 1099): vendor    : Android
I/SurfaceFlinger( 1099): version   : 1.4 Android META-EGL
I/SurfaceFlinger( 1099): extensions: EGL_KHR_get_all_proc_addresses EGL_ANDROID_presentation_time EGL_KHR_image_base EGL_KHR_fence_sync EGL_ANDROID_image_native_buffer 
I/SurfaceFlinger( 1099): Client API: OpenGL_ES
I/SurfaceFlinger( 1099): EGLSurface: 5-6-5-0, config=0x0
I/SurfaceFlinger( 1099): OpenGL ES informations:
I/SurfaceFlinger( 1099): vendor    : Android
I/SurfaceFlinger( 1099): renderer  : Android PixelFlinger 1.4
I/SurfaceFlinger( 1099): version   : OpenGL ES-CM 1.0
I/SurfaceFlinger( 1099): extensions: GL_OES_byte_coordinates GL_OES_fixed_point GL_OES_single_precision GL_OES_read_format GL_OES_compressed_paletted_texture GL_OES_draw_texture GL_OES_matrix_get GL_OES_query_matrix GL_OES_EGL_image GL_OES_EGL_sync GL_OES_compressed_ETC1_RGB8_texture GL_ARB_texture_compression GL_ARB_texture_non_power_of_two GL_ANDROID_user_clip_plane GL_ANDROID_vertex_buffer_object GL_ANDROID_generate_mipmap 
I/SurfaceFlinger( 1099): GL_MAX_TEXTURE_SIZE = 4096
I/SurfaceFlinger( 1099): GL_MAX_VIEWPORT_DIMS = 4096
W/SurfaceFlinger( 1099): no suitable EGLConfig found, trying a simpler query
W/SurfaceFlinger( 1099): EGL_SLOW_CONFIG selected!
I/SurfaceFlinger( 1099): EGL information:
I/SurfaceFlinger( 1099): vendor    : Android
I/SurfaceFlinger( 1099): version   : 1.4 Android META-EGL
I/SurfaceFlinger( 1099): extensions: EGL_KHR_get_all_proc_addresses EGL_ANDROID_presentation_time EGL_KHR_image_base EGL_KHR_fence_sync EGL_ANDROID_image_native_buffer 
I/SurfaceFlinger( 1099): Client API: OpenGL_ES
I/SurfaceFlinger( 1099): EGLSurface: 5-6-5-0, config=0x0
D/SurfaceFlinger( 1099): Open /dev/tty0 OK
D/SurfaceFlinger( 1099): Set power mode=2, type=0 flinger=0xb685c000
I/SurfaceFlinger( 1099): auto set density to 130
D/libEGL  ( 1149): 3D hardware acceleration is disabled
D/libEGL  ( 1149): Emulator without GPU support detected. Fallback to software renderer.
D/libEGL  ( 1149): loaded /system/lib/egl/libGLES_android.so
```
I/mediaserver( 1105): ServiceManager: 0xb5c356a0
I/AudioFlinger( 1105): Using default 3000 mSec as standby time.
I/ServiceManager( 1105): Waiting for service batterystats...
I/X86Assembler( 1149): generated scanline__00000077:03010102_00000A01_00000000 [ 81 ipp ins size] (225 ins size) at [0xb51fd1f0:0xb51fd2d1] in 557050 ns
I/X86Assembler( 1149): generated scanline__00000077:03545402_00000A01_00000000 [287 ipp ins size] (431 ins size) at [0xb51fd2e0:0xb51fd48f] in 1065928 ns
E/pixelflinger( 1149): error generating or caching assembly. Reverting to NOP.  cache_err: 1 
D/AndroidRuntime( 1108): >>>>>> START com.android.internal.os.ZygoteInit uid 0 <<<<<<
D/AndroidRuntime( 1108): CheckJNI is OFF
I/art     ( 1108): option[0]=-Xzygote
I/art     ( 1108): option[1]=-Xstacktracefile:/data/anr/traces.txt
I/art     ( 1108): option[2]=exit
I/art     ( 1108): option[3]=vfprintf
I/art     ( 1108): option[4]=sensitiveThread
I/art     ( 1108): option[5]=-verbose:gc
I/art     ( 1108): option[6]=-Xms16m
I/art     ( 1108): option[7]=-Xmx512m
I/art     ( 1108): option[8]=-XX:mainThreadStackSize=24K
I/art     ( 1108): option[9]=-XX:HeapGrowthLimit=192m
I/art     ( 1108): option[10]=-XX:HeapMinFree=512k
I/art     ( 1108): option[11]=-XX:HeapMaxFree=8m
I/art     ( 1108): option[12]=-XX:HeapTargetUtilization=0.75
I/art     ( 1108): option[13]=-Xgenregmap
I/art     ( 1108): option[14]=-Xgc:precise
I/art     ( 1108): option[15]=-agentlib:jdwp=transport=dt_android_adb,suspend=n,server=y
I/art     ( 1108): option[16]=-Xlockprofthreshold:500
I/art     ( 1108): option[17]=-Ximage-compiler-option
I/art     ( 1108): option[18]=--runtime-arg
I/art     ( 1108): option[19]=-Ximage-compiler-option
I/art     ( 1108): option[20]=-Xms64m
I/art     ( 1108): option[21]=-Ximage-compiler-option
I/art     ( 1108): option[22]=--runtime-arg
I/art     ( 1108): option[23]=-Ximage-compiler-option
I/art     ( 1108): option[24]=-Xmx64m
I/art     ( 1108): option[25]=-Ximage-compiler-option
I/art     ( 1108): option[26]=--image-classes=/system/etc/preloaded-classes
I/art     ( 1108): option[27]=-Xcompiler-option
I/art     ( 1108): option[28]=--runtime-arg
I/art     ( 1108): option[29]=-Xcompiler-option
I/art     ( 1108): option[30]=-Xms64m
I/art     ( 1108): option[31]=-Xcompiler-option
I/art     ( 1108): option[32]=--runtime-arg
I/art     ( 1108): option[33]=-Xcompiler-option
I/art     ( 1108): option[34]=-Xmx512m
I/art     ( 1108): option[35]=-Duser.language=en
I/art     ( 1108): option[36]=-Duser.region=US
I/art     ( 1108): option[37]=-XX:NativeBridge=libnb.so
I/art     ( 1108): Pruning dalvik-cache since we are relocating an image and will need to recompile
I/art     ( 1108): RelocateImage: /system/bin/patchoat --input-image-location=/system/framework/boot.art --output-image-file=/data/dalvik-cache/x86/system@framework@boot.art --input-oat-location=/system/framework/boot.oat --output-oat-file=/data/dalvik-cache/x86/system@framework@boot.oat --instruction-set=x86 --base-offset-delta=-2678784
I/ServiceManager( 1105): Waiting for service batterystats...
E/memtrack( 1108): Couldn't load memtrack module (No such file or directory)
E/android.os.Debug( 1108): failed to load memtrack module: -2
I/SamplingProfilerIntegration( 1108): Profiling disabled.
D/Zygote  ( 1108): begin preload
I/Zygote  ( 1108): Preloading classes...
I/art     ( 1108): Explicit concurrent mark sweep GC freed 798(36KB) AllocSpace objects, 0(0B) LOS objects, 95% free, 44KB/1068KB, paused 6.080ms total 7.362ms
I/art     ( 1108): Counter: 1
I/art     ( 1108): Explicit concurrent mark sweep GC freed 559(34KB) AllocSpace objects, 0(0B) LOS objects, 94% free, 64KB/1088KB, paused 25us total 1.089ms
I/art     ( 1108): Explicit concurrent mark sweep GC freed 650(41KB) AllocSpace objects, 0(0B) LOS objects, 93% free, 72KB/1096KB, paused 25us total 1.224ms
I/art     ( 1108): Explicit concurrent mark sweep GC freed 381(22KB) AllocSpace objects, 0(0B) LOS objects, 90% free, 102KB/1126KB, paused 25us total 1.036ms
E/Minikin ( 1108): addFont failed to create font /system/fonts/NotoSansGujarati-Regular.ttf
E/Minikin ( 1108): addFont failed to create font /system/fonts/NotoSansGujarati-Bold.ttf
E/Minikin ( 1108): addFont failed to create font /system/fonts/NotoSansGujaratiUI-Regular.ttf
E/Minikin ( 1108): addFont failed to create font /system/fonts/NotoSansGujaratiUI-Bold.ttf
E/Minikin ( 1108): addFont failed to create font /system/fonts/NotoSansGurmukhi-Regular.ttf
E/Minikin ( 1108): addFont failed to create font /system/fonts/NotoSansGurmukhi-Bold.ttf
E/Minikin ( 1108): addFont failed to create font /system/fonts/NotoSansGurmukhiUI-Regular.ttf
E/Minikin ( 1108): addFont failed to create font /system/fonts/NotoSansGurmukhiUI-Bold.ttf
E/Minikin ( 1108): addFont failed to create font /system/fonts/NotoSansSinhala-Regular.ttf
E/Minikin ( 1108): addFont failed to create font /system/fonts/NotoSansSinhala-Bold.ttf
E/Minikin ( 1108): addFont failed to create font /system/fonts/NotoSansThaana-Regular.ttf
E/Minikin ( 1108): addFont failed to create font /system/fonts/NotoSansThaana-Bold.ttf
E/Minikin ( 1108): addFont failed to create font /system/fonts/NotoSansCham-Regular.ttf
E/Minikin ( 1108): addFont failed to create font /system/fonts/NotoSansCham-Bold.ttf
E/Minikin ( 1108): addFont failed to create font /system/fonts/NotoSansBalinese-Regular.ttf
E/Minikin ( 1108): addFont failed to create font /system/fonts/NotoSansBatak-Regular.ttf
E/Minikin ( 1108): addFont failed to create font /system/fonts/NotoSansBuginese-Regular.ttf
E/Minikin ( 1108): addFont failed to create font /system/fonts/NotoSansBuhid-Regular.ttf
E/Minikin ( 1108): addFont failed to create font /system/fonts/NotoSansCanadianAboriginal-Regular.ttf
E/Minikin ( 1108): addFont failed to create font /system/fonts/NotoSansCherokee-Regular.ttf
E/Minikin ( 1108): addFont failed to create font /system/fonts/NotoSansCoptic-Regular.ttf
E/Minikin ( 1108): addFont failed to create font /system/fonts/NotoSansGlagolitic-Regular.ttf
E/Minikin ( 1108): addFont failed to create font /system/fonts/NotoSansHanunoo-Regular.ttf
E/Minikin ( 1108): addFont failed to create font /system/fonts/NotoSansJavanese-Regular.ttf
E/Minikin ( 1108): addFont failed to create font /system/fonts/NotoSansKayahLi-Regular.ttf
E/Minikin ( 1108): addFont failed to create font /system/fonts/NotoSansLepcha-Regular.ttf
E/Minikin ( 1108): addFont failed to create font /system/fonts/NotoSansLimbu-Regular.ttf
E/Minikin ( 1108): addFont failed to create font /system/fonts/NotoSansMeeteiMayek-Regular.ttf
E/Minikin ( 1108): addFont failed to create font /system/fonts/NotoSansOlChiki-Regular.ttf
E/Minikin ( 1108): addFont failed to create font /system/fonts/NotoSansRejang-Regular.ttf
E/Minikin ( 1108): addFont failed to create font /system/fonts/NotoSansSaurashtra-Regular.ttf
E/Minikin ( 1108): addFont failed to create font /system/fonts/NotoSansSundanese-Regular.ttf
E/Minikin ( 1108): addFont failed to create font /system/fonts/NotoSansSylotiNagri-Regular.ttf
E/Minikin ( 1108): addFont failed to create font /system/fonts/NotoSansTagbanwa-Regular.ttf
E/Minikin ( 1108): addFont failed to create font /system/fonts/NotoSansTaiTham-Regular.ttf
E/Minikin ( 1108): addFont failed to create font /system/fonts/NotoSansTaiViet-Regular.ttf
E/Minikin ( 1108): addFont failed to create font /system/fonts/NotoSansTifinagh-Regular.ttf
E/Minikin ( 1108): addFont failed to create font /system/fonts/NotoSansYi-Regular.ttf
E/Minikin ( 1108): addFont failed to create font /system/fonts/Lohit-Odia.ttf
E/Minikin ( 1108): addFont failed to create font /system/fonts/NotoSansHans-Regular.otf
E/Minikin ( 1108): addFont failed to create font /system/fonts/NotoSansHant-Regular.otf
E/Minikin ( 1108): addFont failed to create font /system/fonts/NotoSansJP-Regular.otf
E/Minikin ( 1108): addFont failed to create font /system/fonts/NotoSansKR-Regular.otf
E/Minikin ( 1108): addFont failed to create font /system/fonts/NotoSansTaiLe-Regular.ttf
I/art     ( 1108): Explicit concurrent mark sweep GC freed 1798(129KB) AllocSpace objects, 0(0B) LOS objects, 90% free, 113KB/1137KB, paused 25us total 1.126ms
I/art     ( 1108): Explicit concurrent mark sweep GC freed 1933(92KB) AllocSpace objects, 0(0B) LOS objects, 86% free, 154KB/1178KB, paused 24us total 1.392ms
I/art     ( 1108): Explicit concurrent mark sweep GC freed 1977(87KB) AllocSpace objects, 0(0B) LOS objects, 84% free, 189KB/1213KB, paused 24us total 1.327ms
I/art     ( 1108): Explicit concurrent mark sweep GC freed 371(19KB) AllocSpace objects, 0(0B) LOS objects, 82% free, 222KB/1246KB, paused 24us total 1.326ms
I/art     ( 1108): Thread[1,tid=1108,WaitingForJniOnLoad,Thread*=0xb3c25800,peer=0x12c31160,"main"] recursive attempt to load library "/system/lib/libmedia_jni.so"
D/MtpDeviceJNI( 1108): register_android_mtp_MtpDevice
I/art     ( 1108): Thread[1,tid=1108,WaitingForJniOnLoad,Thread*=0xb3c25800,peer=0x12c31160,"main"] recursive attempt to load library "/system/lib/libmedia_jni.so"
I/art     ( 1108): Thread[1,tid=1108,WaitingForJniOnLoad,Thread*=0xb3c25800,peer=0x12c31160,"main"] recursive attempt to load library "/system/lib/libmedia_jni.so"
I/art     ( 1108): Explicit concurrent mark sweep GC freed 661(37KB) AllocSpace objects, 0(0B) LOS objects, 80% free, 244KB/1268KB, paused 25us total 1.473ms
I/art     ( 1108): Explicit concurrent mark sweep GC freed 578(29KB) AllocSpace objects, 0(0B) LOS objects, 79% free, 264KB/1288KB, paused 25us total 1.405ms
I/art     ( 1108): Explicit concurrent mark sweep GC freed 454(27KB) AllocSpace objects, 0(0B) LOS objects, 77% free, 303KB/1327KB, paused 24us total 1.146ms
I/art     ( 1108): Explicit concurrent mark sweep GC freed 1788(104KB) AllocSpace objects, 0(0B) LOS objects, 69% free, 452KB/1476KB, paused 25us total 1.411ms
E/EmojiFactory_jni( 1108): Failed to load libemoji.so: dlopen failed: library "libemoji.so" not found
I/art     ( 1108): Explicit concurrent mark sweep GC freed 350(45KB) AllocSpace objects, 0(0B) LOS objects, 57% free, 750KB/1774KB, paused 26us total 1.824ms
I/art     ( 1108): Explicit concurrent mark sweep GC freed 438(30KB) AllocSpace objects, 0(0B) LOS objects, 57% free, 768KB/1792KB, paused 25us total 8.660ms
I/art     ( 1108): Explicit concurrent mark sweep GC freed 789(49KB) AllocSpace objects, 0(0B) LOS objects, 57% free, 770KB/1794KB, paused 25us total 1.424ms
I/art     ( 1108): Explicit concurrent mark sweep GC freed 956(105KB) AllocSpace objects, 0(0B) LOS objects, 55% free, 812KB/1836KB, paused 26us total 2.102ms
I/art     ( 1108): Explicit concurrent mark sweep GC freed 597(42KB) AllocSpace objects, 0(0B) LOS objects, 55% free, 819KB/1843KB, paused 25us total 7.513ms
I/art     ( 1108): Explicit concurrent mark sweep GC freed 265(20KB) AllocSpace objects, 0(0B) LOS objects, 54% free, 848KB/1872KB, paused 26us total 1.386ms
I/art     ( 1108): Explicit concurrent mark sweep GC freed 89(3KB) AllocSpace objects, 0(0B) LOS objects, 45% free, 1226KB/2MB, paused 29us total 7.819ms
I/art     ( 1108): Explicit concurrent mark sweep GC freed 572(33KB) AllocSpace objects, 0(0B) LOS objects, 45% free, 1242KB/2MB, paused 28us total 1.990ms
I/art     ( 1108): Explicit concurrent mark sweep GC freed 741(45KB) AllocSpace objects, 0(0B) LOS objects, 45% free, 1246KB/2MB, paused 28us total 7.601ms
I/System  ( 1108): Loaded time zone names for "" in 26ms (25ms in ICU)
I/System  ( 1108): Loaded time zone names for "en_US" in 7ms (6ms in ICU)
I/art     ( 1108): Explicit concurrent mark sweep GC freed 2345(178KB) AllocSpace objects, 0(0B) LOS objects, 42% free, 1404KB/2MB, paused 27us total 7.989ms
I/art     ( 1108): Explicit concurrent mark sweep GC freed 136(12KB) AllocSpace objects, 0(0B) LOS objects, 41% free, 1470KB/2MB, paused 26us total 1.801ms
I/art     ( 1108): Explicit concurrent mark sweep GC freed 288(24KB) AllocSpace objects, 0(0B) LOS objects, 40% free, 1515KB/2MB, paused 27us total 9.049ms
I/art     ( 1108): Explicit concurrent mark sweep GC freed 679(47KB) AllocSpace objects, 0(0B) LOS objects, 40% free, 1517KB/2MB, paused 27us total 1.865ms
I/Zygote  ( 1108): ...preloaded 3005 classes in 587ms.
I/art     ( 1108): VMRuntime.preloadDexCaches starting
I/art     ( 1108): VMRuntime.preloadDexCaches strings total=214641 before=38996 after=38996
I/art     ( 1108): VMRuntime.preloadDexCaches types total=18345 before=6389 after=6425
I/art     ( 1108): VMRuntime.preloadDexCaches fields total=85569 before=32261 after=32595
I/art     ( 1108): VMRuntime.preloadDexCaches methods total=151780 before=66835 after=67736
I/art     ( 1108): VMRuntime.preloadDexCaches finished
I/art     ( 1108): Counter: 0
I/art     ( 1108): Counter: 1
I/art     ( 1108): Explicit concurrent mark sweep GC freed 61(15KB) AllocSpace objects, 0(0B) LOS objects, 40% free, 1503KB/2MB, paused 26us total 2.566ms
D/idmap   ( 1284): error: no read access to /vendor/overlay: No such file or directory
I/Zygote  ( 1108): Preloading resources...
I/art     ( 1108): Explicit concurrent mark sweep GC freed 86(3KB) AllocSpace objects, 0(0B) LOS objects, 39% free, 1551KB/2MB, paused 33us total 2.043ms
I/art     ( 1108): Explicit concurrent mark sweep GC freed 89(4KB) AllocSpace objects, 0(0B) LOS objects, 40% free, 1597KB/2MB, paused 27us total 1.763ms
I/art     ( 1108): Explicit concurrent mark sweep GC freed 122(5KB) AllocSpace objects, 0(0B) LOS objects, 39% free, 1646KB/2MB, paused 32us total 1.839ms
I/art     ( 1108): Explicit concurrent mark sweep GC freed 101(4KB) AllocSpace objects, 0(0B) LOS objects, 39% free, 1691KB/2MB, paused 28us total 1.792ms
I/art     ( 1108): Explicit concurrent mark sweep GC freed 93(4KB) AllocSpace objects, 0(0B) LOS objects, 40% free, 1735KB/2MB, paused 29us total 1.785ms
I/art     ( 1108): Explicit concurrent mark sweep GC freed 103(4KB) AllocSpace objects, 0(0B) LOS objects, 39% free, 1782KB/2MB, paused 28us total 1.861ms
I/art     ( 1108): Explicit concurrent mark sweep GC freed 112(5KB) AllocSpace objects, 0(0B) LOS objects, 39% free, 1827KB/2MB, paused 30us total 2.538ms
I/art     ( 1108): Explicit concurrent mark sweep GC freed 117(5KB) AllocSpace objects, 0(0B) LOS objects, 39% free, 1873KB/3MB, paused 30us total 2.152ms
I/art     ( 1108): Explicit concurrent mark sweep GC freed 108(5KB) AllocSpace objects, 0(0B) LOS objects, 39% free, 1922KB/3MB, paused 30us total 1.852ms
I/art     ( 1108): Explicit concurrent mark sweep GC freed 147(6KB) AllocSpace objects, 0(0B) LOS objects, 40% free, 1993KB/3MB, paused 30us total 1.888ms
I/art     ( 1108): Explicit concurrent mark sweep GC freed 136(5KB) AllocSpace objects, 0(0B) LOS objects, 39% free, 2036KB/3MB, paused 29us total 1.918ms
I/art     ( 1108): Explicit concurrent mark sweep GC freed 84(7KB) AllocSpace objects, 0(0B) LOS objects, 40% free, 2MB/3MB, paused 30us total 1.891ms
I/art     ( 1108): Explicit concurrent mark sweep GC freed 112(4KB) AllocSpace objects, 0(0B) LOS objects, 39% free, 2MB/3MB, paused 30us total 1.934ms
I/art     ( 1108): Explicit concurrent mark sweep GC freed 135(5KB) AllocSpace objects, 0(0B) LOS objects, 40% free, 2MB/3MB, paused 30us total 1.954ms
I/art     ( 1108): Explicit concurrent mark sweep GC freed 62(2752B) AllocSpace objects, 0(0B) LOS objects, 39% free, 2MB/3MB, paused 30us total 2.110ms
I/art     ( 1108): Explicit concurrent mark sweep GC freed 111(4KB) AllocSpace objects, 0(0B) LOS objects, 39% free, 2MB/4MB, paused 31us total 8.019ms
I/art     ( 1108): Explicit concurrent mark sweep GC freed 206(9KB) AllocSpace objects, 0(0B) LOS objects, 40% free, 2MB/4MB, paused 31us total 2.006ms
I/art     ( 1108): Explicit concurrent mark sweep GC freed 370(16KB) AllocSpace objects, 0(0B) LOS objects, 39% free, 2MB/4MB, paused 32us total 2.040ms
I/art     ( 1108): Explicit concurrent mark sweep GC freed 214(9KB) AllocSpace objects, 0(0B) LOS objects, 40% free, 2MB/4MB, paused 31us total 1.992ms
I/art     ( 1108): Explicit concurrent mark sweep GC freed 112(6KB) AllocSpace objects, 0(0B) LOS objects, 40% free, 2MB/4MB, paused 33us total 1.961ms
I/art     ( 1108): Explicit concurrent mark sweep GC freed 113(5KB) AllocSpace objects, 0(0B) LOS objects, 39% free, 2MB/4MB, paused 31us total 9.071ms
I/art     ( 1108): Explicit concurrent mark sweep GC freed 49(8KB) AllocSpace objects, 0(0B) LOS objects, 39% free, 2MB/4MB, paused 31us total 2.094ms
I/art     ( 1108): Explicit concurrent mark sweep GC freed 101(4KB) AllocSpace objects, 0(0B) LOS objects, 39% free, 2MB/4MB, paused 31us total 1.967ms
I/art     ( 1108): Explicit concurrent mark sweep GC freed 105(4KB) AllocSpace objects, 0(0B) LOS objects, 40% free, 2MB/4MB, paused 33us total 2.004ms
I/art     ( 1108): Explicit concurrent mark sweep GC freed 99(4KB) AllocSpace objects, 0(0B) LOS objects, 39% free, 2MB/4MB, paused 33us total 9.352ms
I/art     ( 1108): Explicit concurrent mark sweep GC freed 172(7KB) AllocSpace objects, 0(0B) LOS objects, 39% free, 2MB/4MB, paused 640us total 2.630ms
I/art     ( 1108): Explicit concurrent mark sweep GC freed 417(18KB) AllocSpace objects, 0(0B) LOS objects, 40% free, 3MB/5MB, paused 34us total 2.311ms
I/ServiceManager( 1105): Waiting for service batterystats...
I/art     ( 1108): Explicit concurrent mark sweep GC freed 363(16KB) AllocSpace objects, 0(0B) LOS objects, 40% free, 3MB/5MB, paused 34us total 2.159ms
I/art     ( 1108): Explicit concurrent mark sweep GC freed 174(8KB) AllocSpace objects, 0(0B) LOS objects, 39% free, 3MB/5MB, paused 34us total 9.286ms
I/art     ( 1108): Explicit concurrent mark sweep GC freed 515(19KB) AllocSpace objects, 0(0B) LOS objects, 39% free, 3MB/5MB, paused 34us total 2.285ms
I/art     ( 1108): Explicit concurrent mark sweep GC freed 353(14KB) AllocSpace objects, 0(0B) LOS objects, 39% free, 3MB/5MB, paused 34us total 8.187ms
I/art     ( 1108): Explicit concurrent mark sweep GC freed 1153(40KB) AllocSpace objects, 0(0B) LOS objects, 39% free, 3MB/5MB, paused 34us total 2.143ms
I/art     ( 1108): Explicit concurrent mark sweep GC freed 1499(50KB) AllocSpace objects, 0(0B) LOS objects, 39% free, 3MB/5MB, paused 34us total 2.203ms
I/art     ( 1108): Explicit concurrent mark sweep GC freed 1381(49KB) AllocSpace objects, 0(0B) LOS objects, 39% free, 3MB/5MB, paused 44us total 4.767ms
I/art     ( 1108): Explicit concurrent mark sweep GC freed 1453(56KB) AllocSpace objects, 0(0B) LOS objects, 39% free, 3MB/5MB, paused 34us total 8.350ms
I/art     ( 1108): Explicit concurrent mark sweep GC freed 603(27KB) AllocSpace objects, 0(0B) LOS objects, 39% free, 3MB/5MB, paused 35us total 2.238ms
I/art     ( 1108): Explicit concurrent mark sweep GC freed 344(20KB) AllocSpace objects, 0(0B) LOS objects, 39% free, 3MB/6MB, paused 36us total 2.281ms
I/art     ( 1108): Explicit concurrent mark sweep GC freed 384(17KB) AllocSpace objects, 0(0B) LOS objects, 39% free, 3MB/6MB, paused 37us total 2.447ms
I/Zygote  ( 1108): ...preloaded 343 resources in 306ms.
I/art     ( 1108): Explicit concurrent mark sweep GC freed 639(39KB) AllocSpace objects, 0(0B) LOS objects, 39% free, 3MB/6MB, paused 36us total 8.372ms
I/Zygote  ( 1108): ...preloaded 41 resources in 10ms.
I/art     ( 1108): Counter: 0
```sh
D/libEGL  ( 1108): 3D hardware acceleration is disabled
D/libEGL  ( 1108): Emulator without GPU support detected. Fallback to software renderer.
D/libEGL  ( 1108): loaded /system/lib/egl/libGLES_android.so
``sh
I/Zygote  ( 1108): Preloading shared libraries...
D/Zygote  ( 1108): end preload
I/art     ( 1108): Explicit concurrent mark sweep GC freed 450(20KB) AllocSpace objects, 0(0B) LOS objects, 39% free, 3MB/6MB, paused 63us total 2.419ms
I/art     ( 1108): Explicit concurrent mark sweep GC freed 389(16KB) AllocSpace objects, 0(0B) LOS objects, 39% free, 3MB/6MB, paused 36us total 8.405ms
I/art     ( 1108): Explicit concurrent mark sweep GC freed 5(160B) AllocSpace objects, 0(0B) LOS objects, 39% free, 3MB/6MB, paused 37us total 2.377ms
I/Zygote  ( 1108): System server process 1317 has been created
I/Zygote  ( 1108): Accepting command socket connections
I/art     ( 1317): DexFile_isDexOptNeeded file /system/framework/x86/services.odex needs to be relocated for /system/framework/services.jar
I/InstallerConnection( 1317): connecting...
I/installd( 1106): new connection
E/installd( 1334): Running /system/bin/patchoat isa=x86 in-fd=5 (/system/framework/x86/services.odex) out-fd=6 (/data/dalvik-cache/x86/system@framework@services.jar@classes.dex)
E/sdcard  ( 1110): missing packages.list; retrying
I/art     ( 1317): DexFile_isDexOptNeeded file /system/framework/x86/ethernet-service.odex needs to be relocated for /system/framework/ethernet-service.jar
E/installd( 1349): Running /system/bin/patchoat isa=x86 in-fd=5 (/system/framework/x86/ethernet-service.odex) out-fd=6 (/data/dalvik-cache/x86/system@framework@ethernet-service.jar@classes.dex)
I/art     ( 1317): DexFile_isDexOptNeeded file /system/framework/x86/wifi-service.odex needs to be relocated for /system/framework/wifi-service.jar
E/installd( 1356): Running /system/bin/patchoat isa=x86 in-fd=5 (/system/framework/x86/wifi-service.odex) out-fd=6 (/data/dalvik-cache/x86/system@framework@wifi-service.jar@classes.dex)
V/NatController( 1101): runCmd(/system/bin/iptables -F natctrl_FORWARD) res=0
V/NatController( 1101): runCmd(/system/bin/iptables -A natctrl_FORWARD -j DROP) res=0
I/InstallerConnection( 1317): disconnecting...
E/installd( 1106): eof
E/installd( 1106): failed to read size
I/installd( 1106): closing connection
I/SystemServer( 1317): Entered the Android system server!
V/Fingerprint-JNI( 1317): FingerprintManager JNI ready.
D/SensorService( 1317): nuSensorService starting...
D/KbdSensor( 1317): open_kbd_sensor: id=poll
D/KbdSensor( 1317): SensorFd: module=0xb274b2c0 dev=0xb3c51a80
V/NatController( 1101): runCmd(/system/bin/iptables -t nat -F natctrl_nat_POSTROUTING) res=0
V/NatController( 1101): runCmd(/system/bin/iptables -F natctrl_tether_counters) res=1
V/NatController( 1101): runCmd(/system/bin/iptables -X natctrl_tether_counters) res=1
V/NatController( 1101): runCmd(/system/bin/iptables -N natctrl_tether_counters) res=0
V/NatController( 1101): runCmd(/system/bin/iptables -t mangle -A natctrl_mangle_FORWARD -p tcp --tcp-flags SYN SYN -j TCPMSS --clamp-mss-to-pmtu) res=0
I/KbdSensor( 1317): Open AT Translated Set 2 keyboard ok, fd=19
D/KbdSensor( 1317): SensorPollContext: dev=0xb3c51a80 fd=19
D/KbdSensor( 1317): poll_activate: dev=0xb3c51a80 handle=0 enabled=0
I/SystemServiceManager( 1317): Starting com.android.server.pm.Installer
I/Installer( 1317): Waiting for installd to be ready.
I/InstallerConnection( 1317): connecting...
I/installd( 1106): new connection
I/SystemServiceManager( 1317): Starting com.android.server.am.ActivityManagerService$Lifecycle
D/SensorService( 1317): nuSensorService thread starting...
I/ActivityManager( 1317): Memory class: 192
D/SensorService( 1317): new thread SensorEventAckReceiver
I/AppOps  ( 1317): No existing app ops /data/system/appops.xml; starting empty
I/IntentFirewall( 1317): Read new rules (A:0 B:0 S:0)
D/AppOps  ( 1317): AppOpsService published
I/SystemServiceManager( 1317): Starting com.android.server.power.PowerManagerService
I/libsuspend( 1317): Selected early suspend
E/libsuspend( 1317): Error accessing /sys/power/wait_for_fb_sleep: No such file or directory
I/SystemServiceManager( 1317): Starting com.android.server.display.DisplayManagerService
I/SystemServiceManager( 1317): Starting phase 100
I/DisplayManagerService( 1317): Display device added: DisplayDeviceInfo{"Built-in Screen": uniqueId="local:0", 800 x 600, 91.11201 fps, supportedRefreshRates [91.11201], density 130, 160.0 x 160.42105 dpi, appVsyncOff 0, presDeadline 11975502, touch INTERNAL, rotation 0, type BUILT_IN, state UNKNOWN, FLAG_DEFAULT_DISPLAY, FLAG_ROTATES_WITH_CONTENT, FLAG_SECURE, FLAG_SUPPORTS_PROTECTED_BUFFERS}
I/SystemServer( 1317): Package Manager
W/SELinuxMMAC( 1317): Error opening /data/system/seapp_hash. Assuming first boot.
W/FileUtils( 1317): Failed to chmod(/data/system/packages.list): android.system.ErrnoException: chmod failed: ENOENT (No such file or directory)
W/SystemConfig( 1317): No directory /system/etc/sysconfig, skipping
D/SELinuxMMAC( 1317): Using policy file /system/etc/security/mac_permissions.xml
I/PackageManager( 1317): No settings file; creating initial state
I/dex2oat ( 1388): /system/bin/dex2oat --zip-fd=5 --zip-location=/system/framework/com.google.android.media.effects.jar --oat-fd=6 --oat-location=/data/dalvik-cache/x86/system@framework@com.google.android.media.effects.jar@classes.dex --instruction-set=x86 --instruction-set-features=default --runtime-arg -Xms64m --runtime-arg -Xmx512m --swap-fd=7
I/dex2oat ( 1388): Decided to run without swap.
I/iptables( 1101): iptables: Invalid argument. Run `dmesg' for more information.
I/CameraService( 1105): CameraService started (pid=1105)
D/Camera_Factory( 1105): CameraFactory::CameraFactory
D/Camera_Factory( 1105): CameraFactory::parseConfig: configFile = /etc/camera.cfg
D/Camera_Factory( 1105): /etc/camera.cfg not found, using camera configuration defaults
I/CameraService( 1105): Loaded "Camera Module" camera module
D/Camera_Factory( 1105): CameraFactory::get_number_of_cameras
D/Camera_Factory( 1105): CameraFactory::getCameraNum: 0
I/AudioPolicyService( 1105): AudioPolicyService CSTOR in new mode
I/AudioPolicyManager( 1105): loadAudioPolicyConfig() loaded /system/etc/audio_policy.conf
E/audio_hw_primary( 1105): Unable to open the mixer, aborting.
I/AudioFlinger( 1105): loadHwModule() Loaded primary audio interface from Grouper audio HW HAL (audio) handle 1
I/AudioFlinger( 1105): HAL output buffer size 512 frames, normal sink buffer size 1024 frames
I/AudioMixer( 1105): found effect "Multichannel Downmix To Stereo" from The Android Open Source Project
E/MonoPipe( 1105): Failed to fetch local time frequency when constructing a MonoPipe (res = -32).  getNextWriteTimestamp calls will be non-functional
I/iptables( 1101): iptables terminated by exit(1)
E/BandwidthController( 1101): runIptablesCmd(): res=1 status=256 failed /system/bin/iptables -A bw_INPUT -m owner --socket-exists
I/ip6tables( 1101): ip6tables: Invalid argument. Run `dmesg' for more information.
I/ip6tables( 1101): ip6tables terminated by exit(1)
E/BandwidthController( 1101): runIptablesCmd(): res=1 status=256 failed /system/bin/ip6tables -A bw_INPUT -m owner --socket-exists
I/dex2oat ( 1388): dex2oat took 289.056ms (threads: 1) arena alloc=279KB java alloc=128KB native alloc=874KB free=3MB
I/art     ( 1317): DexFile_isDexOptNeeded file /system/framework/x86/com.android.location.provider.odex needs to be relocated for /system/framework/com.android.location.provider.jar
E/installd( 1436): Running /system/bin/patchoat isa=x86 in-fd=5 (/system/framework/x86/com.android.location.provider.odex) out-fd=6 (/data/dalvik-cache/x86/system@framework@com.android.location.provider.jar@classes.dex)
I/art     ( 1317): DexFile_isDexOptNeeded file /system/framework/x86/com.android.future.usb.accessory.odex needs to be relocated for /system/framework/com.android.future.usb.accessory.jar
E/installd( 1438): Running /system/bin/patchoat isa=x86 in-fd=5 (/system/framework/x86/com.android.future.usb.accessory.odex) out-fd=6 (/data/dalvik-cache/x86/system@framework@com.android.future.usb.accessory.jar@classes.dex)
I/art     ( 1317): DexFile_isDexOptNeeded file /system/framework/x86/javax.obex.odex needs to be relocated for /system/framework/javax.obex.jar
E/installd( 1439): Running /system/bin/patchoat isa=x86 in-fd=5 (/system/framework/x86/javax.obex.odex) out-fd=6 (/data/dalvik-cache/x86/system@framework@javax.obex.jar@classes.dex)
I/art     ( 1317): DexFile_isDexOptNeeded file /system/framework/x86/android.test.runner.odex needs to be relocated for /system/framework/android.test.runner.jar
E/installd( 1440): Running /system/bin/patchoat isa=x86 in-fd=5 (/system/framework/x86/android.test.runner.odex) out-fd=6 (/data/dalvik-cache/x86/system@framework@android.test.runner.jar@classes.dex)
I/art     ( 1317): DexFile_isDexOptNeeded file /system/framework/x86/com.android.media.remotedisplay.odex needs to be relocated for /system/framework/com.android.media.remotedisplay.jar
E/installd( 1441): Running /system/bin/patchoat isa=x86 in-fd=5 (/system/framework/x86/com.android.media.remotedisplay.odex) out-fd=6 (/data/dalvik-cache/x86/system@framework@com.android.media.remotedisplay.jar@classes.dex)
I/art     ( 1317): DexFile_isDexOptNeeded file /system/framework/x86/com.android.mediadrm.signer.odex needs to be relocated for /system/framework/com.android.mediadrm.signer.jar
E/installd( 1442): Running /system/bin/patchoat isa=x86 in-fd=5 (/system/framework/x86/com.android.mediadrm.signer.odex) out-fd=6 (/data/dalvik-cache/x86/system@framework@com.android.mediadrm.signer.jar@classes.dex)
E/ProbeModule( 1446): insmod_by_dep: cannot load module: [net-pf-16-proto-5]
E/Netd    ( 1101): Unable to create netlink socket: Protocol not supported
E/Netd    ( 1101): Unable to open quota2 logging socket
D/MDnsDS  ( 1101): MDnsSdListener::Hander starting up
D/MDnsDS  ( 1101): MDnsSdListener starting to monitor
D/MDnsDS  ( 1101): Going to poll with pollCount 1
I/art     ( 1317): DexFile_isDexOptNeeded file /system/framework/x86/am.odex needs to be relocated for /system/framework/am.jar
E/installd( 1452): Running /system/bin/patchoat isa=x86 in-fd=5 (/system/framework/x86/am.odex) out-fd=6 (/data/dalvik-cache/x86/system@framework@am.jar@classes.dex)
I/art     ( 1317): DexFile_isDexOptNeeded file /system/framework/x86/appops.odex needs to be relocated for /system/framework/appops.jar
E/installd( 1453): Running /system/bin/patchoat isa=x86 in-fd=5 (/system/framework/x86/appops.odex) out-fd=6 (/data/dalvik-cache/x86/system@framework@appops.jar@classes.dex)
I/art     ( 1317): DexFile_isDexOptNeeded file /system/framework/x86/appwidget.odex needs to be relocated for /system/framework/appwidget.jar
E/installd( 1454): Running /system/bin/patchoat isa=x86 in-fd=5 (/system/framework/x86/appwidget.odex) out-fd=6 (/data/dalvik-cache/x86/system@framework@appwidget.jar@classes.dex)
I/art     ( 1317): DexFile_isDexOptNeeded file /system/framework/x86/bmgr.odex needs to be relocated for /system/framework/bmgr.jar
E/installd( 1455): Running /system/bin/patchoat isa=x86 in-fd=5 (/system/framework/x86/bmgr.odex) out-fd=6 (/data/dalvik-cache/x86/system@framework@bmgr.jar@classes.dex)
I/art     ( 1317): DexFile_isDexOptNeeded file /system/framework/x86/bu.odex needs to be relocated for /system/framework/bu.jar
E/installd( 1456): Running /system/bin/patchoat isa=x86 in-fd=5 (/system/framework/x86/bu.odex) out-fd=6 (/data/dalvik-cache/x86/system@framework@bu.jar@classes.dex)
I/art     ( 1317): DexFile_isDexOptNeeded file /system/framework/x86/content.odex needs to be relocated for /system/framework/content.jar
E/installd( 1457): Running /system/bin/patchoat isa=x86 in-fd=5 (/system/framework/x86/content.odex) out-fd=6 (/data/dalvik-cache/x86/system@framework@content.jar@classes.dex)
I/art     ( 1317): DexFile_isDexOptNeeded file /system/framework/x86/dpm.odex needs to be relocated for /system/framework/dpm.jar
E/installd( 1458): Running /system/bin/patchoat isa=x86 in-fd=5 (/system/framework/x86/dpm.odex) out-fd=6 (/data/dalvik-cache/x86/system@framework@dpm.jar@classes.dex)
I/art     ( 1317): DexFile_isDexOptNeeded file /system/framework/x86/ime.odex needs to be relocated for /system/framework/ime.jar
E/installd( 1459): Running /system/bin/patchoat isa=x86 in-fd=5 (/system/framework/x86/ime.odex) out-fd=6 (/data/dalvik-cache/x86/system@framework@ime.jar@classes.dex)
I/art     ( 1317): DexFile_isDexOptNeeded file /system/framework/x86/input.odex needs to be relocated for /system/framework/input.jar
E/installd( 1460): Running /system/bin/patchoat isa=x86 in-fd=5 (/system/framework/x86/input.odex) out-fd=6 (/data/dalvik-cache/x86/system@framework@input.jar@classes.dex)
I/art     ( 1317): DexFile_isDexOptNeeded file /system/framework/x86/media_cmd.odex needs to be relocated for /system/framework/media_cmd.jar
E/installd( 1461): Running /system/bin/patchoat isa=x86 in-fd=5 (/system/framework/x86/media_cmd.odex) out-fd=6 (/data/dalvik-cache/x86/system@framework@media_cmd.jar@classes.dex)
I/art     ( 1317): DexFile_isDexOptNeeded file /system/framework/x86/monkey.odex needs to be relocated for /system/framework/monkey.jar
E/installd( 1462): Running /system/bin/patchoat isa=x86 in-fd=5 (/system/framework/x86/monkey.odex) out-fd=6 (/data/dalvik-cache/x86/system@framework@monkey.jar@classes.dex)
I/art     ( 1317): DexFile_isDexOptNeeded file /system/framework/x86/pm.odex needs to be relocated for /system/framework/pm.jar
E/installd( 1463): Running /system/bin/patchoat isa=x86 in-fd=5 (/system/framework/x86/pm.odex) out-fd=6 (/data/dalvik-cache/x86/system@framework@pm.jar@classes.dex)
I/art     ( 1317): DexFile_isDexOptNeeded file /system/framework/x86/requestsync.odex needs to be relocated for /system/framework/requestsync.jar
E/installd( 1464): Running /system/bin/patchoat isa=x86 in-fd=5 (/system/framework/x86/requestsync.odex) out-fd=6 (/data/dalvik-cache/x86/system@framework@requestsync.jar@classes.dex)
I/art     ( 1317): DexFile_isDexOptNeeded file /system/framework/x86/settings.odex needs to be relocated for /system/framework/settings.jar
E/installd( 1465): Running /system/bin/patchoat isa=x86 in-fd=5 (/system/framework/x86/settings.odex) out-fd=6 (/data/dalvik-cache/x86/system@framework@settings.jar@classes.dex)
I/art     ( 1317): DexFile_isDexOptNeeded file /system/framework/x86/svc.odex needs to be relocated for /system/framework/svc.jar
E/installd( 1466): Running /system/bin/patchoat isa=x86 in-fd=5 (/system/framework/x86/svc.odex) out-fd=6 (/data/dalvik-cache/x86/system@framework@svc.jar@classes.dex)
I/art     ( 1317): DexFile_isDexOptNeeded file /system/framework/x86/uiautomator.odex needs to be relocated for /system/framework/uiautomator.jar
E/installd( 1467): Running /system/bin/patchoat isa=x86 in-fd=5 (/system/framework/x86/uiautomator.odex) out-fd=6 (/data/dalvik-cache/x86/system@framework@uiautomator.jar@classes.dex)
I/art     ( 1317): DexFile_isDexOptNeeded file /system/framework/x86/wm.odex needs to be relocated for /system/framework/wm.jar
E/installd( 1468): Running /system/bin/patchoat isa=x86 in-fd=5 (/system/framework/x86/wm.odex) out-fd=6 (/data/dalvik-cache/x86/system@framework@wm.jar@classes.dex)
D/PackageManager( 1317): No files in app dir /vendor/overlay
I/PackageManager( 1317): /system/framework/framework-res.apk changed; collecting certs
W/PackageManager( 1317): Failed to parse /system/framework/x86: Missing base APK in /system/framework/x86
I/PackageManager( 1317): /system/priv-app/BackupRestoreConfirmation changed; collecting certs
I/art     ( 1317): DexFile_isDexOptNeeded file /system/priv-app/BackupRestoreConfirmation/x86/BackupRestoreConfirmation.odex needs to be relocated for /system/priv-app/BackupRestoreConfirmation/BackupRestoreConfirmation.apk
I/PackageManager( 1317): /system/priv-app/CalendarProvider changed; collecting certs
I/PackageManager( 1317): New shared user android.uid.calendar: id=10001
I/art     ( 1317): DexFile_isDexOptNeeded file /system/priv-app/CalendarProvider/x86/CalendarProvider.odex needs to be relocated for /system/priv-app/CalendarProvider/CalendarProvider.apk
W/PackageParser( 1317): No actions in intent filter at /system/priv-app/Contacts/Contacts.apk Binary XML file line #356
I/PackageManager( 1317): /system/priv-app/Contacts changed; collecting certs
I/PackageManager( 1317): New shared user android.uid.shared: id=10002
I/art     ( 1317): DexFile_isDexOptNeeded file /system/priv-app/Contacts/x86/Contacts.odex needs to be relocated for /system/priv-app/Contacts/Contacts.apk
I/PackageManager( 1317): /system/priv-app/ContactsProvider changed; collecting certs
I/art     ( 1317): DexFile_isDexOptNeeded file /system/priv-app/ContactsProvider/x86/ContactsProvider.odex needs to be relocated for /system/priv-app/ContactsProvider/ContactsProvider.apk
I/PackageManager( 1317): /system/priv-app/DefaultContainerService changed; collecting certs
I/art     ( 1317): DexFile_isDexOptNeeded file /system/priv-app/DefaultContainerService/x86/DefaultContainerService.odex needs to be relocated for /system/priv-app/DefaultContainerService/DefaultContainerService.apk
W/PackageParser( 1317): No actions in intent filter at /system/priv-app/Dialer/Dialer.apk Binary XML file line #166
I/PackageManager( 1317): /system/priv-app/Dialer changed; collecting certs
I/art     ( 1317): DexFile_isDexOptNeeded file /system/priv-app/Dialer/x86/Dialer.odex needs to be relocated for /system/priv-app/Dialer/Dialer.apk
I/PackageManager( 1317): /system/priv-app/DownloadProvider changed; collecting certs
I/PackageManager( 1317): New shared user android.media: id=10005
I/art     ( 1317): DexFile_isDexOptNeeded file /system/priv-app/DownloadProvider/x86/DownloadProvider.odex needs to be relocated for /system/priv-app/DownloadProvider/DownloadProvider.apk
I/PackageManager( 1317): /system/priv-app/ExternalStorageProvider changed; collecting certs
I/art     ( 1317): DexFile_isDexOptNeeded file /system/priv-app/ExternalStorageProvider/x86/ExternalStorageProvider.odex needs to be relocated for /system/priv-app/ExternalStorageProvider/ExternalStorageProvider.apk
I/PackageManager( 1317): /system/priv-app/FusedLocation changed; collecting certs
I/art     ( 1317): DexFile_isDexOptNeeded file /system/priv-app/FusedLocation/x86/FusedLocation.odex needs to be relocated for /system/priv-app/FusedLocation/FusedLocation.apk
W/Resources( 1317): Converting to boolean: TypedValue{t=0x3/d=0x333f "true" a=2 r=0x7f120a3e}
I/PackageManager( 1317): /system/priv-app/GmsCore changed; collecting certs
I/PackageManager( 1317): New shared user com.google.uid.shared: id=10007
I/PackageManager( 1317): /system/priv-app/GoogleBackupTransport changed; collecting certs
I/art     ( 1317): DexFile_isDexOptNeeded file /system/priv-app/GoogleBackupTransport/x86/GoogleBackupTransport.odex needs to be relocated for /system/priv-app/GoogleBackupTransport/GoogleBackupTransport.apk
I/PackageManager( 1317): /system/priv-app/GoogleFeedback changed; collecting certs
I/art     ( 1317): DexFile_isDexOptNeeded file /system/priv-app/GoogleFeedback/x86/GoogleFeedback.odex needs to be relocated for /system/priv-app/GoogleFeedback/GoogleFeedback.apk
I/PackageManager( 1317): /system/priv-app/GoogleLoginService changed; collecting certs
I/art     ( 1317): DexFile_isDexOptNeeded file /system/priv-app/GoogleLoginService/x86/GoogleLoginService.odex needs to be relocated for /system/priv-app/GoogleLoginService/GoogleLoginService.apk
I/PackageManager( 1317): /system/priv-app/GoogleOneTimeInitializer changed; collecting certs
I/art     ( 1317): DexFile_isDexOptNeeded file /system/priv-app/GoogleOneTimeInitializer/x86/GoogleOneTimeInitializer.odex needs to be relocated for /system/priv-app/GoogleOneTimeInitializer/GoogleOneTimeInitializer.apk
I/PackageManager( 1317): /system/priv-app/GooglePartnerSetup changed; collecting certs
I/art     ( 1317): DexFile_isDexOptNeeded file /system/priv-app/GooglePartnerSetup/x86/GooglePartnerSetup.odex needs to be relocated for /system/priv-app/GooglePartnerSetup/GooglePartnerSetup.apk
I/PackageManager( 1317): /system/priv-app/GoogleServicesFramework changed; collecting certs
I/art     ( 1317): DexFile_isDexOptNeeded file /system/priv-app/GoogleServicesFramework/x86/GoogleServicesFramework.odex needs to be relocated for /system/priv-app/GoogleServicesFramework/GoogleServicesFramework.apk
I/PackageManager( 1317): /system/priv-app/InputDevices changed; collecting certs
I/art     ( 1317): DexFile_isDexOptNeeded file /system/priv-app/InputDevices/x86/InputDevices.odex needs to be relocated for /system/priv-app/InputDevices/InputDevices.apk
I/PackageManager( 1317): /system/priv-app/ManagedProvisioning changed; collecting certs
I/art     ( 1317): DexFile_isDexOptNeeded file /system/priv-app/ManagedProvisioning/x86/ManagedProvisioning.odex needs to be relocated for /system/priv-app/ManagedProvisioning/ManagedProvisioning.apk
I/PackageManager( 1317): /system/priv-app/MediaProvider changed; collecting certs
I/art     ( 1317): DexFile_isDexOptNeeded file /system/priv-app/MediaProvider/x86/MediaProvider.odex needs to be relocated for /system/priv-app/MediaProvider/MediaProvider.apk
I/PackageManager( 1317): /system/priv-app/Mms changed; collecting certs
I/art     ( 1317): DexFile_isDexOptNeeded file /system/priv-app/Mms/x86/Mms.odex needs to be relocated for /system/priv-app/Mms/Mms.apk
I/PackageManager( 1317): /system/priv-app/MmsService changed; collecting certs
I/art     ( 1317): DexFile_isDexOptNeeded file /system/priv-app/MmsService/x86/MmsService.odex needs to be relocated for /system/priv-app/MmsService/MmsService.apk
I/PackageManager( 1317): /system/priv-app/MusicFX changed; collecting certs
I/art     ( 1317): DexFile_isDexOptNeeded file /system/priv-app/MusicFX/x86/MusicFX.odex needs to be relocated for /system/priv-app/MusicFX/MusicFX.apk
I/PackageManager( 1317): /system/priv-app/Phonesky changed; collecting certs
I/PackageManager( 1317): /system/priv-app/ProxyHandler changed; collecting certs
I/art     ( 1317): DexFile_isDexOptNeeded file /system/priv-app/ProxyHandler/x86/ProxyHandler.odex needs to be relocated for /system/priv-app/ProxyHandler/ProxyHandler.apk
I/PackageManager( 1317): /system/priv-app/Settings changed; collecting certs
I/art     ( 1317): DexFile_isDexOptNeeded file /system/priv-app/Settings/x86/Settings.odex needs to be relocated for /system/priv-app/Settings/Settings.apk
I/PackageManager( 1317): /system/priv-app/SettingsProvider changed; collecting certs
I/art     ( 1317): DexFile_isDexOptNeeded file /system/priv-app/SettingsProvider/x86/SettingsProvider.odex needs to be relocated for /system/priv-app/SettingsProvider/SettingsProvider.apk
W/PackageParser( 1317): No actions in intent filter at /system/priv-app/SetupWizard/SetupWizard.apk Binary XML file line #170
W/PackageParser( 1317): No actions in intent filter at /system/priv-app/SetupWizard/SetupWizard.apk Binary XML file line #347
I/PackageManager( 1317): /system/priv-app/SetupWizard changed; collecting certs
I/art     ( 1317): DexFile_isDexOptNeeded file /system/priv-app/SetupWizard/x86/SetupWizard.odex needs to be relocated for /system/priv-app/SetupWizard/SetupWizard.apk
I/PackageManager( 1317): /system/priv-app/SharedStorageBackup changed; collecting certs
I/art     ( 1317): DexFile_isDexOptNeeded file /system/priv-app/SharedStorageBackup/x86/SharedStorageBackup.odex needs to be relocated for /system/priv-app/SharedStorageBackup/SharedStorageBackup.apk
I/PackageManager( 1317): /system/priv-app/Shell changed; collecting certs
I/art     ( 1317): DexFile_isDexOptNeeded file /system/priv-app/Shell/x86/Shell.odex needs to be relocated for /system/priv-app/Shell/Shell.apk
I/PackageManager( 1317): /system/priv-app/SystemUI changed; collecting certs
I/PackageManager( 1317): New shared user android.uid.systemui: id=10018
I/art     ( 1317): DexFile_isDexOptNeeded file /system/priv-app/SystemUI/x86/SystemUI.odex needs to be relocated for /system/priv-app/SystemUI/SystemUI.apk
I/PackageManager( 1317): /system/priv-app/TSCalibration2 changed; collecting certs
I/art     ( 1317): DexFile_isDexOptNeeded file /system/priv-app/TSCalibration2/x86/TSCalibration2.odex needs to be relocated for /system/priv-app/TSCalibration2/TSCalibration2.apk
W/ResourceType( 1317): Failure getting entry for 0x7f08026f (t=7 e=623) (error -75)
I/PackageManager( 1317): /system/priv-app/TeleService changed; collecting certs
I/art     ( 1317): DexFile_isDexOptNeeded file /system/priv-app/TeleService/x86/TeleService.odex needs to be relocated for /system/priv-app/TeleService/TeleService.apk
W/PackageParser( 1317): Unknown element under <intent-filter>: android at /system/priv-app/Telecom/Telecom.apk Binary XML file line #232
I/PackageManager( 1317): /system/priv-app/Telecom changed; collecting certs
I/art     ( 1317): DexFile_isDexOptNeeded file /system/priv-app/Telecom/x86/Telecom.odex needs to be relocated for /system/priv-app/Telecom/Telecom.apk
I/PackageManager( 1317): /system/priv-app/TelephonyProvider changed; collecting certs
I/art     ( 1317): DexFile_isDexOptNeeded file /system/priv-app/TelephonyProvider/x86/TelephonyProvider.odex needs to be relocated for /system/priv-app/TelephonyProvider/TelephonyProvider.apk
