I/art     ( 1317): DexFile_isDexOptNeeded file /system/priv-app/BackupRestoreConfirmation/x86/BackupRestoreConfirmation.odex needs to be relocated for /system/priv-app/BackupRestoreConfirmation/BackupRestoreConfirmation.apk
I/PackageManager( 1317): Running patchoat on: com.android.backupconfirm
E/installd( 1527): Running /system/bin/patchoat isa=x86 in-fd=5 (/system/priv-app/BackupRestoreConfirmation/x86/BackupRestoreConfirmation.odex) out-fd=6 (/data/dalvik-cache/x86/system@priv-app@BackupRestoreConfirmation@BackupRestoreConfirmation.apk@classes.dex)
I/art     ( 1317): DexFile_isDexOptNeeded file /system/app/PhaseBeam/x86/PhaseBeam.odex needs to be relocated for /system/app/PhaseBeam/PhaseBeam.apk
I/PackageManager( 1317): Running patchoat on: com.android.phasebeam
E/installd( 1528): Running /system/bin/patchoat isa=x86 in-fd=5 (/system/app/PhaseBeam/x86/PhaseBeam.odex) out-fd=6 (/data/dalvik-cache/x86/system@app@PhaseBeam@PhaseBeam.apk@classes.dex)
I/PackageManager( 1317): Running dexopt on: /system/app/AndroidTerm/AndroidTerm.apk pkg=jackpal.androidterm isa=x86 vmSafeMode=false
I/dex2oat ( 1529): /system/bin/dex2oat --zip-fd=5 --zip-location=/system/app/AndroidTerm/AndroidTerm.apk --oat-fd=6 --oat-location=/data/dalvik-cache/x86/system@app@AndroidTerm@AndroidTerm.apk@classes.dex --instruction-set=x86 --instruction-set-features=default --runtime-arg -Xms64m --runtime-arg -Xmx512m --swap-fd=7
I/dex2oat ( 1529): Decided to run without swap.
I/dex2oat ( 1529): dex2oat took 93.861ms (threads: 1) arena alloc=21KB java alloc=412KB native alloc=1253KB free=2MB
I/art     ( 1317): DexFile_isDexOptNeeded file /system/app/Gallery2/x86/Gallery2.odex needs to be relocated for /system/app/Gallery2/Gallery2.apk
I/PackageManager( 1317): Running patchoat on: com.android.gallery3d
E/installd( 1531): Running /system/bin/patchoat isa=x86 in-fd=5 (/system/app/Gallery2/x86/Gallery2.odex) out-fd=6 (/data/dalvik-cache/x86/system@app@Gallery2@Gallery2.apk@classes.dex)
I/art     ( 1317): DexFile_isDexOptNeeded file /system/priv-app/GooglePartnerSetup/x86/GooglePartnerSetup.odex needs to be relocated for /system/priv-app/GooglePartnerSetup/GooglePartnerSetup.apk
I/PackageManager( 1317): Running patchoat on: com.google.android.partnersetup
E/installd( 1532): Running /system/bin/patchoat isa=x86 in-fd=5 (/system/priv-app/GooglePartnerSetup/x86/GooglePartnerSetup.odex) out-fd=6 (/data/dalvik-cache/x86/system@priv-app@GooglePartnerSetup@GooglePartnerSetup.apk@classes.dex)
I/art     ( 1317): DexFile_isDexOptNeeded file /system/priv-app/SharedStorageBackup/x86/SharedStorageBackup.odex needs to be relocated for /system/priv-app/SharedStorageBackup/SharedStorageBackup.apk
I/PackageManager( 1317): Running patchoat on: com.android.sharedstoragebackup
E/installd( 1533): Running /system/bin/patchoat isa=x86 in-fd=5 (/system/priv-app/SharedStorageBackup/x86/SharedStorageBackup.odex) out-fd=6 (/data/dalvik-cache/x86/system@priv-app@SharedStorageBackup@SharedStorageBackup.apk@classes.dex)
I/art     ( 1317): DexFile_isDexOptNeeded file /system/app/Calendar/x86/Calendar.odex needs to be relocated for /system/app/Calendar/Calendar.apk
I/PackageManager( 1317): Running patchoat on: com.android.calendar
E/installd( 1534): Running /system/bin/patchoat isa=x86 in-fd=5 (/system/app/Calendar/x86/Calendar.odex) out-fd=6 (/data/dalvik-cache/x86/system@app@Calendar@Calendar.apk@classes.dex)
I/art     ( 1317): DexFile_isDexOptNeeded file /system/app/Exchange2/x86/Exchange2.odex needs to be relocated for /system/app/Exchange2/Exchange2.apk
I/PackageManager( 1317): Running patchoat on: com.android.exchange
E/installd( 1535): Running /system/bin/patchoat isa=x86 in-fd=5 (/system/app/Exchange2/x86/Exchange2.odex) out-fd=6 (/data/dalvik-cache/x86/system@app@Exchange2@Exchange2.apk@classes.dex)
I/art     ( 1317): DexFile_isDexOptNeeded file /system/app/Provision/x86/Provision.odex needs to be relocated for /system/app/Provision/Provision.apk
I/PackageManager( 1317): Running patchoat on: com.android.provision
E/installd( 1536): Running /system/bin/patchoat isa=x86 in-fd=5 (/system/app/Provision/x86/Provision.odex) out-fd=6 (/data/dalvik-cache/x86/system@app@Provision@Provision.apk@classes.dex)
I/art     ( 1317): DexFile_isDexOptNeeded file /system/app/Development/x86/Development.odex needs to be relocated for /system/app/Development/Development.apk
I/PackageManager( 1317): Running patchoat on: com.android.development
E/installd( 1537): Running /system/bin/patchoat isa=x86 in-fd=5 (/system/app/Development/x86/Development.odex) out-fd=6 (/data/dalvik-cache/x86/system@app@Development@Development.apk@classes.dex)
I/art     ( 1317): DexFile_isDexOptNeeded file /system/priv-app/WallpaperCropper/x86/WallpaperCropper.odex needs to be relocated for /system/priv-app/WallpaperCropper/WallpaperCropper.apk
I/PackageManager( 1317): Running patchoat on: com.android.wallpapercropper
E/installd( 1538): Running /system/bin/patchoat isa=x86 in-fd=5 (/system/priv-app/WallpaperCropper/x86/WallpaperCropper.odex) out-fd=6 (/data/dalvik-cache/x86/system@priv-app@WallpaperCropper@WallpaperCropper.apk@classes.dex)
I/art     ( 1317): DexFile_isDexOptNeeded file /system/app/Email/x86/Email.odex needs to be relocated for /system/app/Email/Email.apk
I/PackageManager( 1317): Running patchoat on: com.android.email
E/installd( 1539): Running /system/bin/patchoat isa=x86 in-fd=5 (/system/app/Email/x86/Email.odex) out-fd=6 (/data/dalvik-cache/x86/system@app@Email@Email.apk@classes.dex)
I/art     ( 1317): DexFile_isDexOptNeeded file /system/app/Launcher3/x86/Launcher3.odex needs to be relocated for /system/app/Launcher3/Launcher3.apk
I/PackageManager( 1317): Running patchoat on: com.android.launcher3
E/installd( 1540): Running /system/bin/patchoat isa=x86 in-fd=5 (/system/app/Launcher3/x86/Launcher3.odex) out-fd=6 (/data/dalvik-cache/x86/system@app@Launcher3@Launcher3.apk@classes.dex)
I/art     ( 1317): DexFile_isDexOptNeeded file /system/app/DocumentsUI/x86/DocumentsUI.odex needs to be relocated for /system/app/DocumentsUI/DocumentsUI.apk
I/PackageManager( 1317): Running patchoat on: com.android.documentsui
E/installd( 1541): Running /system/bin/patchoat isa=x86 in-fd=5 (/system/app/DocumentsUI/x86/DocumentsUI.odex) out-fd=6 (/data/dalvik-cache/x86/system@app@DocumentsUI@DocumentsUI.apk@classes.dex)
I/art     ( 1317): DexFile_isDexOptNeeded file /system/app/PacProcessor/x86/PacProcessor.odex needs to be relocated for /system/app/PacProcessor/PacProcessor.apk
I/PackageManager( 1317): Running patchoat on: com.android.pacprocessor
E/installd( 1542): Running /system/bin/patchoat isa=x86 in-fd=5 (/system/app/PacProcessor/x86/PacProcessor.odex) out-fd=6 (/data/dalvik-cache/x86/system@app@PacProcessor@PacProcessor.apk@classes.dex)
I/art     ( 1317): DexFile_isDexOptNeeded file /system/app/ConfigUpdater/x86/ConfigUpdater.odex needs to be relocated for /system/app/ConfigUpdater/ConfigUpdater.apk
I/PackageManager( 1317): Running patchoat on: com.google.android.configupdater
E/installd( 1543): Running /system/bin/patchoat isa=x86 in-fd=5 (/system/app/ConfigUpdater/x86/ConfigUpdater.odex) out-fd=6 (/data/dalvik-cache/x86/system@app@ConfigUpdater@ConfigUpdater.apk@classes.dex)
I/art     ( 1317): DexFile_isDexOptNeeded file /system/app/CertInstaller/x86/CertInstaller.odex needs to be relocated for /system/app/CertInstaller/CertInstaller.apk
I/PackageManager( 1317): Running patchoat on: com.android.certinstaller
E/installd( 1544): Running /system/bin/patchoat isa=x86 in-fd=5 (/system/app/CertInstaller/x86/CertInstaller.odex) out-fd=6 (/data/dalvik-cache/x86/system@app@CertInstaller@CertInstaller.apk@classes.dex)
I/art     ( 1317): DexFile_isDexOptNeeded file /system/app/PicoTts/x86/PicoTts.odex needs to be relocated for /system/app/PicoTts/PicoTts.apk
I/PackageManager( 1317): Running patchoat on: com.svox.pico
E/installd( 1545): Running /system/bin/patchoat isa=x86 in-fd=5 (/system/app/PicoTts/x86/PicoTts.odex) out-fd=6 (/data/dalvik-cache/x86/system@app@PicoTts@PicoTts.apk@classes.dex)
I/art     ( 1317): DexFile_isDexOptNeeded file /system/app/BasicSmsReceiver/x86/BasicSmsReceiver.odex needs to be relocated for /system/app/BasicSmsReceiver/BasicSmsReceiver.apk
I/PackageManager( 1317): Running patchoat on: com.android.basicsmsreceiver
E/installd( 1546): Running /system/bin/patchoat isa=x86 in-fd=5 (/system/app/BasicSmsReceiver/x86/BasicSmsReceiver.odex) out-fd=6 (/data/dalvik-cache/x86/system@app@BasicSmsReceiver@BasicSmsReceiver.apk@classes.dex)
I/art     ( 1317): DexFile_isDexOptNeeded file /system/app/LiveWallpapersPicker/x86/LiveWallpapersPicker.odex needs to be relocated for /system/app/LiveWallpapersPicker/LiveWallpapersPicker.apk
I/PackageManager( 1317): Running patchoat on: com.android.wallpaper.livepicker
E/installd( 1547): Running /system/bin/patchoat isa=x86 in-fd=5 (/system/app/LiveWallpapersPicker/x86/LiveWallpapersPicker.odex) out-fd=6 (/data/dalvik-cache/x86/system@app@LiveWallpapersPicker@LiveWallpapersPicker.apk@classes.dex)
I/art     ( 1317): DexFile_isDexOptNeeded file /system/app/NotePad/x86/NotePad.odex needs to be relocated for /system/app/NotePad/NotePad.apk
I/PackageManager( 1317): Running patchoat on: com.example.android.notepad
E/installd( 1548): Running /system/bin/patchoat isa=x86 in-fd=5 (/system/app/NotePad/x86/NotePad.odex) out-fd=6 (/data/dalvik-cache/x86/system@app@NotePad@NotePad.apk@classes.dex)
I/art     ( 1317): DexFile_isDexOptNeeded file /system/priv-app/GoogleOneTimeInitializer/x86/GoogleOneTimeInitializer.odex needs to be relocated for /system/priv-app/GoogleOneTimeInitializer/GoogleOneTimeInitializer.apk
I/PackageManager( 1317): Running patchoat on: com.google.android.onetimeinitializer
E/installd( 1549): Running /system/bin/patchoat isa=x86 in-fd=5 (/system/priv-app/GoogleOneTimeInitializer/x86/GoogleOneTimeInitializer.odex) out-fd=6 (/data/dalvik-cache/x86/system@priv-app@GoogleOneTimeInitializer@GoogleOneTimeInitializer.apk@classes.dex)
I/art     ( 1317): DexFile_isDexOptNeeded file /system/app/DownloadProviderUi/x86/DownloadProviderUi.odex needs to be relocated for /system/app/DownloadProviderUi/DownloadProviderUi.apk
I/PackageManager( 1317): Running patchoat on: com.android.providers.downloads.ui
E/installd( 1550): Running /system/bin/patchoat isa=x86 in-fd=5 (/system/app/DownloadProviderUi/x86/DownloadProviderUi.odex) out-fd=6 (/data/dalvik-cache/x86/system@app@DownloadProviderUi@DownloadProviderUi.apk@classes.dex)
I/PackageManager( 1317): Running dexopt on: /system/app/Gmail2/Gmail2.apk pkg=com.google.android.gm isa=x86 vmSafeMode=false
I/dex2oat ( 1551): /system/bin/dex2oat --zip-fd=5 --zip-location=/system/app/Gmail2/Gmail2.apk --oat-fd=6 --oat-location=/data/dalvik-cache/x86/system@app@Gmail2@Gmail2.apk@classes.dex --instruction-set=x86 --instruction-set-features=default --runtime-arg -Xms64m --runtime-arg -Xmx512m --swap-fd=7
I/dex2oat ( 1551): Decided to run without swap.
I/dex2oat ( 1551): dex2oat took 2.930s (threads: 1) arena alloc=1053KB java alloc=10MB native alloc=18MB free=5MB
I/art     ( 1317): DexFile_isDexOptNeeded file /system/priv-app/SetupWizard/x86/SetupWizard.odex needs to be relocated for /system/priv-app/SetupWizard/SetupWizard.apk
I/PackageManager( 1317): Running patchoat on: com.google.android.setupwizard
E/installd( 1553): Running /system/bin/patchoat isa=x86 in-fd=5 (/system/priv-app/SetupWizard/x86/SetupWizard.odex) out-fd=6 (/data/dalvik-cache/x86/system@priv-app@SetupWizard@SetupWizard.apk@classes.dex)
I/art     ( 1317): DexFile_isDexOptNeeded file /system/app/UserDictionaryProvider/x86/UserDictionaryProvider.odex needs to be relocated for /system/app/UserDictionaryProvider/UserDictionaryProvider.apk
I/PackageManager( 1317): Running patchoat on: com.android.providers.userdictionary
E/installd( 1554): Running /system/bin/patchoat isa=x86 in-fd=5 (/system/app/UserDictionaryProvider/x86/UserDictionaryProvider.odex) out-fd=6 (/data/dalvik-cache/x86/system@app@UserDictionaryProvider@UserDictionaryProvider.apk@classes.dex)
I/PackageManager( 1317): Running dexopt on: /system/app/webview/webview.apk pkg=com.android.webview isa=x86 vmSafeMode=false
I/dex2oat ( 1555): /system/bin/dex2oat --zip-fd=5 --zip-location=/system/app/webview/webview.apk --oat-fd=6 --oat-location=/data/dalvik-cache/x86/system@app@webview@webview.apk@classes.dex --instruction-set=x86 --instruction-set-features=default --runtime-arg -Xms64m --runtime-arg -Xmx512m --swap-fd=7
I/dex2oat ( 1555): Decided to run without swap.
I/dex2oat ( 1555): dex2oat took 319.311ms (threads: 1) arena alloc=35KB java alloc=1365KB native alloc=2MB free=5MB
I/art     ( 1317): DexFile_isDexOptNeeded file /system/app/CMFileManager/x86/CMFileManager.odex needs to be relocated for /system/app/CMFileManager/CMFileManager.apk
I/PackageManager( 1317): Running patchoat on: com.cyanogenmod.filemanager
E/installd( 1557): Running /system/bin/patchoat isa=x86 in-fd=5 (/system/app/CMFileManager/x86/CMFileManager.odex) out-fd=6 (/data/dalvik-cache/x86/system@app@CMFileManager@CMFileManager.apk@classes.dex)
I/art     ( 1317): DexFile_isDexOptNeeded file /system/priv-app/Mms/x86/Mms.odex needs to be relocated for /system/priv-app/Mms/Mms.apk
I/PackageManager( 1317): Running patchoat on: com.android.mms
E/installd( 1558): Running /system/bin/patchoat isa=x86 in-fd=5 (/system/priv-app/Mms/x86/Mms.odex) out-fd=6 (/data/dalvik-cache/x86/system@priv-app@Mms@Mms.apk@classes.dex)
I/art     ( 1317): DexFile_isDexOptNeeded file /system/app/Browser/x86/Browser.odex needs to be relocated for /system/app/Browser/Browser.apk
I/PackageManager( 1317): Running patchoat on: com.android.browser
E/installd( 1559): Running /system/bin/patchoat isa=x86 in-fd=5 (/system/app/Browser/x86/Browser.odex) out-fd=6 (/data/dalvik-cache/x86/system@app@Browser@Browser.apk@classes.dex)
I/art     ( 1317): DexFile_isDexOptNeeded file /system/app/DeskClock/x86/DeskClock.odex needs to be relocated for /system/app/DeskClock/DeskClock.apk
I/PackageManager( 1317): Running patchoat on: com.android.deskclock
E/installd( 1560): Running /system/bin/patchoat isa=x86 in-fd=5 (/system/app/DeskClock/x86/DeskClock.odex) out-fd=6 (/data/dalvik-cache/x86/system@app@DeskClock@DeskClock.apk@classes.dex)
I/art     ( 1317): DexFile_isDexOptNeeded file /system/app/Calculator/x86/Calculator.odex needs to be relocated for /system/app/Calculator/Calculator.apk
I/PackageManager( 1317): Running patchoat on: com.android.calculator2
E/installd( 1561): Running /system/bin/patchoat isa=x86 in-fd=5 (/system/app/Calculator/x86/Calculator.odex) out-fd=6 (/data/dalvik-cache/x86/system@app@Calculator@Calculator.apk@classes.dex)
I/art     ( 1317): DexFile_isDexOptNeeded file /system/app/QuickSearchBox/x86/QuickSearchBox.odex needs to be relocated for /system/app/QuickSearchBox/QuickSearchBox.apk
I/PackageManager( 1317): Running patchoat on: com.android.quicksearchbox
E/installd( 1562): Running /system/bin/patchoat isa=x86 in-fd=5 (/system/app/QuickSearchBox/x86/QuickSearchBox.odex) out-fd=6 (/data/dalvik-cache/x86/system@app@QuickSearchBox@QuickSearchBox.apk@classes.dex)
I/PackageManager( 1317): Running dexopt on: /system/app/YouTube/YouTube.apk pkg=com.google.android.youtube isa=x86 vmSafeMode=false
I/dex2oat ( 1563): /system/bin/dex2oat --zip-fd=5 --zip-location=/system/app/YouTube/YouTube.apk --oat-fd=6 --oat-location=/data/dalvik-cache/x86/system@app@YouTube@YouTube.apk@classes.dex --instruction-set=x86 --instruction-set-features=default --runtime-arg -Xms64m --runtime-arg -Xmx512m --swap-fd=7
I/dex2oat ( 1563): Decided to run without swap.
I/dex2oat ( 1563): dex2oat took 5.418s (threads: 1) arena alloc=2MB java alloc=15MB native alloc=32MB free=7MB
I/art     ( 1317): DexFile_isDexOptNeeded file /system/app/HTMLViewer/x86/HTMLViewer.odex needs to be relocated for /system/app/HTMLViewer/HTMLViewer.apk
I/PackageManager( 1317): Running patchoat on: com.android.htmlviewer
E/installd( 1565): Running /system/bin/patchoat isa=x86 in-fd=5 (/system/app/HTMLViewer/x86/HTMLViewer.odex) out-fd=6 (/data/dalvik-cache/x86/system@app@HTMLViewer@HTMLViewer.apk@classes.dex)
I/art     ( 1317): DexFile_isDexOptNeeded file /system/app/BasicDreams/x86/BasicDreams.odex needs to be relocated for /system/app/BasicDreams/BasicDreams.apk
I/PackageManager( 1317): Running patchoat on: com.android.dreams.basic
E/installd( 1566): Running /system/bin/patchoat isa=x86 in-fd=5 (/system/app/BasicDreams/x86/BasicDreams.odex) out-fd=6 (/data/dalvik-cache/x86/system@app@BasicDreams@BasicDreams.apk@classes.dex)
I/art     ( 1317): DexFile_isDexOptNeeded file /system/priv-app/MusicFX/x86/MusicFX.odex needs to be relocated for /system/priv-app/MusicFX/MusicFX.apk
I/PackageManager( 1317): Running patchoat on: com.android.musicfx
E/installd( 1567): Running /system/bin/patchoat isa=x86 in-fd=5 (/system/priv-app/MusicFX/x86/MusicFX.odex) out-fd=6 (/data/dalvik-cache/x86/system@priv-app@MusicFX@MusicFX.apk@classes.dex)
I/art     ( 1317): DexFile_isDexOptNeeded file /system/app/LiveWallpapers/x86/LiveWallpapers.odex needs to be relocated for /system/app/LiveWallpapers/LiveWallpapers.apk
I/PackageManager( 1317): Running patchoat on: com.android.wallpaper
E/installd( 1568): Running /system/bin/patchoat isa=x86 in-fd=5 (/system/app/LiveWallpapers/x86/LiveWallpapers.odex) out-fd=6 (/data/dalvik-cache/x86/system@app@LiveWallpapers@LiveWallpapers.apk@classes.dex)
I/art     ( 1317): DexFile_isDexOptNeeded file /system/app/PackageInstaller/x86/PackageInstaller.odex needs to be relocated for /system/app/PackageInstaller/PackageInstaller.apk
I/PackageManager( 1317): Running patchoat on: com.android.packageinstaller
E/installd( 1569): Running /system/bin/patchoat isa=x86 in-fd=5 (/system/app/PackageInstaller/x86/PackageInstaller.odex) out-fd=6 (/data/dalvik-cache/x86/system@app@PackageInstaller@PackageInstaller.apk@classes.dex)
I/art     ( 1317): DexFile_isDexOptNeeded file /system/app/CaptivePortalLogin/x86/CaptivePortalLogin.odex needs to be relocated for /system/app/CaptivePortalLogin/CaptivePortalLogin.apk
I/PackageManager( 1317): Running patchoat on: com.android.captiveportallogin
E/installd( 1570): Running /system/bin/patchoat isa=x86 in-fd=5 (/system/app/CaptivePortalLogin/x86/CaptivePortalLogin.odex) out-fd=6 (/data/dalvik-cache/x86/system@app@CaptivePortalLogin@CaptivePortalLogin.apk@classes.dex)
I/art     ( 1317): DexFile_isDexOptNeeded file /system/priv-app/VpnDialogs/x86/VpnDialogs.odex needs to be relocated for /system/priv-app/VpnDialogs/VpnDialogs.apk
I/PackageManager( 1317): Running patchoat on: com.android.vpndialogs
E/installd( 1571): Running /system/bin/patchoat isa=x86 in-fd=5 (/system/priv-app/VpnDialogs/x86/VpnDialogs.odex) out-fd=6 (/data/dalvik-cache/x86/system@priv-app@VpnDialogs@VpnDialogs.apk@classes.dex)
I/art     ( 1317): DexFile_isDexOptNeeded file /system/app/Camera2/x86/Camera2.odex needs to be relocated for /system/app/Camera2/Camera2.apk
I/PackageManager( 1317): Running patchoat on: com.android.camera2
E/installd( 1572): Running /system/bin/patchoat isa=x86 in-fd=5 (/system/app/Camera2/x86/Camera2.odex) out-fd=6 (/data/dalvik-cache/x86/system@app@Camera2@Camera2.apk@classes.dex)
I/art     ( 1317): DexFile_isDexOptNeeded file /system/priv-app/DownloadProvider/x86/DownloadProvider.odex needs to be relocated for /system/priv-app/DownloadProvider/DownloadProvider.apk
I/PackageManager( 1317): Running patchoat on: com.android.providers.downloads
E/installd( 1573): Running /system/bin/patchoat isa=x86 in-fd=5 (/system/priv-app/DownloadProvider/x86/DownloadProvider.odex) out-fd=6 (/data/dalvik-cache/x86/system@priv-app@DownloadProvider@DownloadProvider.apk@classes.dex)
I/art     ( 1317): DexFile_isDexOptNeeded file /system/priv-app/Contacts/x86/Contacts.odex needs to be relocated for /system/priv-app/Contacts/Contacts.apk
I/PackageManager( 1317): Running patchoat on: com.android.contacts
E/installd( 1574): Running /system/bin/patchoat isa=x86 in-fd=5 (/system/priv-app/Contacts/x86/Contacts.odex) out-fd=6 (/data/dalvik-cache/x86/system@priv-app@Contacts@Contacts.apk@classes.dex)
I/PackageManager( 1317): Running dexopt on: /system/app/Music2/Music2.apk pkg=com.google.android.music isa=x86 vmSafeMode=false
I/dex2oat ( 1575): /system/bin/dex2oat --zip-fd=5 --zip-location=/system/app/Music2/Music2.apk --oat-fd=6 --oat-location=/data/dalvik-cache/x86/system@app@Music2@Music2.apk@classes.dex --instruction-set=x86 --instruction-set-features=default --runtime-arg -Xms64m --runtime-arg -Xmx512m --swap-fd=7
I/dex2oat ( 1575): Decided to run without swap.
I/dex2oat ( 1575): dex2oat took 4.633s (threads: 1) arena alloc=2MB java alloc=16MB native alloc=29MB free=6MB
I/art     ( 1317): DexFile_isDexOptNeeded file /system/app/PrintSpooler/x86/PrintSpooler.odex needs to be relocated for /system/app/PrintSpooler/PrintSpooler.apk
I/PackageManager( 1317): Running patchoat on: com.android.printspooler
E/installd( 1577): Running /system/bin/patchoat isa=x86 in-fd=5 (/system/app/PrintSpooler/x86/PrintSpooler.odex) out-fd=6 (/data/dalvik-cache/x86/system@app@PrintSpooler@PrintSpooler.apk@classes.dex)
I/art     ( 1317): DexFile_isDexOptNeeded file /system/app/RSSReader/x86/RSSReader.odex needs to be relocated for /system/app/RSSReader/RSSReader.apk
I/PackageManager( 1317): Running patchoat on: com.example.android.rssreader
E/installd( 1578): Running /system/bin/patchoat isa=x86 in-fd=5 (/system/app/RSSReader/x86/RSSReader.odex) out-fd=6 (/data/dalvik-cache/x86/system@app@RSSReader@RSSReader.apk@classes.dex)
I/art     ( 1317): DexFile_isDexOptNeeded file /system/priv-app/GoogleFeedback/x86/GoogleFeedback.odex needs to be relocated for /system/priv-app/GoogleFeedback/GoogleFeedback.apk
I/PackageManager( 1317): Running patchoat on: com.google.android.feedback
E/installd( 1579): Running /system/bin/patchoat isa=x86 in-fd=5 (/system/priv-app/GoogleFeedback/x86/GoogleFeedback.odex) out-fd=6 (/data/dalvik-cache/x86/system@priv-app@GoogleFeedback@GoogleFeedback.apk@classes.dex)
I/art     ( 1317): DexFile_isDexOptNeeded file /system/app/HoloSpiralWallpaper/x86/HoloSpiralWallpaper.odex needs to be relocated for /system/app/HoloSpiralWallpaper/HoloSpiralWallpaper.apk
I/PackageManager( 1317): Running patchoat on: com.android.wallpaper.holospiral
E/installd( 1580): Running /system/bin/patchoat isa=x86 in-fd=5 (/system/app/HoloSpiralWallpaper/x86/HoloSpiralWallpaper.odex) out-fd=6 (/data/dalvik-cache/x86/system@app@HoloSpiralWallpaper@HoloSpiralWallpaper.apk@classes.dex)
I/art     ( 1317): DexFile_isDexOptNeeded file /system/priv-app/ExternalStorageProvider/x86/ExternalStorageProvider.odex needs to be relocated for /system/priv-app/ExternalStorageProvider/ExternalStorageProvider.apk
I/PackageManager( 1317): Running patchoat on: com.android.externalstorage
E/installd( 1581): Running /system/bin/patchoat isa=x86 in-fd=5 (/system/priv-app/ExternalStorageProvider/x86/ExternalStorageProvider.odex) out-fd=6 (/data/dalvik-cache/x86/system@priv-app@ExternalStorageProvider@ExternalStorageProvider.apk@classes.dex)
I/PackageManager( 1317): Running dexopt on: /system/priv-app/GmsCore/GmsCore.apk pkg=com.google.android.gms isa=x86 vmSafeMode=false
I/dex2oat ( 1582): /system/bin/dex2oat --zip-fd=5 --zip-location=/system/priv-app/GmsCore/GmsCore.apk --oat-fd=6 --oat-location=/data/dalvik-cache/x86/system@priv-app@GmsCore@GmsCore.apk@classes.dex --instruction-set=x86 --instruction-set-features=default --runtime-arg -Xms64m --runtime-arg -Xmx512m --swap-fd=7
I/dex2oat ( 1582): Accepted running with swap.
I/dex2oat ( 1582): Method exceeds compiler instruction limit: 20154 in void com.google.android.gms.icing.proxy.l.<init>()
I/dex2oat ( 1582): Method exceeds compiler instruction limit: 21296 in void g.a.a.a.f.<init>()
I/dex2oat ( 1582): dex2oat took 15.211s (threads: 1) arena alloc=9MB java alloc=39MB native alloc=23MB free=16MB swap=64MB
I/art     ( 1317): DexFile_isDexOptNeeded file /system/app/Galaxy4/x86/Galaxy4.odex needs to be relocated for /system/app/Galaxy4/Galaxy4.apk
I/PackageManager( 1317): Running patchoat on: com.android.galaxy4
E/installd( 1584): Running /system/bin/patchoat isa=x86 in-fd=5 (/system/app/Galaxy4/x86/Galaxy4.odex) out-fd=6 (/data/dalvik-cache/x86/system@app@Galaxy4@Galaxy4.apk@classes.dex)
I/art     ( 1317): DexFile_isDexOptNeeded file /system/app/VisualizationWallpapers/x86/VisualizationWallpapers.odex needs to be relocated for /system/app/VisualizationWallpapers/VisualizationWallpapers.apk
I/PackageManager( 1317): Running patchoat on: com.android.musicvis
E/installd( 1585): Running /system/bin/patchoat isa=x86 in-fd=5 (/system/app/VisualizationWallpapers/x86/VisualizationWallpapers.odex) out-fd=6 (/data/dalvik-cache/x86/system@app@VisualizationWallpapers@VisualizationWallpapers.apk@classes.dex)
I/SystemServer( 1317): LockSettingsService
I/SystemServiceManager( 1317): Starting com.android.server.devicepolicy.DevicePolicyManagerService$Lifecycle
I/SystemServer( 1317): Status Bar
I/SystemServer( 1317): Clipboard Service
I/SystemServer( 1317): NetworkManagement Service
I/SystemServer( 1317): Text Service Manager Service
D/SettingsProvider( 1317): User 0 external modification to /data/data/com.android.providers.settings/databases/settings.db; event=2
D/SettingsProvider( 1317): User 0 updating our caches for /data/data/com.android.providers.settings/databases/settings.db
D/SettingsProvider( 1317): User 0 external modification to /data/data/com.android.providers.settings/databases/settings.db; event=2
D/SettingsProvider( 1317): User 0 updating our caches for /data/data/com.android.providers.settings/databases/settings.db
I/SystemServer( 1317): Network Score Service
I/SystemServer( 1317): NetworkStats Service
I/SystemServer( 1317): NetworkPolicy Service
I/SystemServiceManager( 1317): Starting com.android.server.wifi.p2p.WifiP2pService
I/WifiP2pService( 1317): Registering wifip2p
I/SystemServiceManager( 1317): Starting com.android.server.wifi.WifiService
E/WifiConfigStore( 1317): associatedPartialScanPeriodMilli set to 20000
D/WifiController( 1317): isAirplaneModeOn = false, isWifiEnabled = false, isScanningAvailable = false
I/WifiService( 1317): Registering wifi
I/SystemServiceManager( 1317): Starting com.android.server.wifi.WifiScanningService
I/WifiScanningService( 1317): Creating wifiscanner
I/WifiScanningService( 1317): Starting wifiscanner
I/SystemServiceManager( 1317): Starting com.android.server.wifi.RttService
I/RttService( 1317): Creating rttmanager
I/RttService( 1317): Starting rttmanager
I/SystemServiceManager( 1317): Starting com.android.server.ethernet.EthernetService
I/EthernetServiceImpl( 1317): Creating EthernetConfigStore
E/IpConfigStore( 1317): Error parsing configuration: java.io.FileNotFoundException: /data/misc/ethernet/ipconfig.txt: open failed: ENOENT (No such file or directory)
W/EthernetConfigStore( 1317): No Ethernet configuration found. Using default.
I/EthernetServiceImpl( 1317): Read stored IP configuration: IP assignment: DHCP
I/EthernetServiceImpl( 1317): Proxy settings: NONE
I/EthernetService( 1317): Registering service ethernet
I/SystemServer( 1317): Connectivity Service
D/ConnectivityService( 1317): ConnectivityService starting up
D/ConnectivityService( 1317): wifiOnly=false
E/ConnectivityService( 1317): Ignoring protectedNetwork 14
E/ConnectivityService( 1317): Ignoring protectedNetwork 15
I/SystemServer( 1317): Network Service Discovery Service
D/NsdService( 1317): Network service discovery enabled true
I/SystemServer( 1317): UpdateLock Service
I/SystemServiceManager( 1317): Starting com.android.server.notification.NotificationManagerService
D/ZenLog  ( 1317): set_zen_mode: off,setting
I/SystemServiceManager( 1317): Starting com.android.server.storage.DeviceStorageMonitorService
I/SystemServer( 1317): Location Manager
I/SystemServer( 1317): Country Detector
I/SystemServer( 1317): Search Service
I/SystemServer( 1317): DropBox Service
I/SystemServer( 1317): Wallpaper Service
W/WallpaperManagerService( 1317): no current wallpaper -- first boot?
I/SystemServer( 1317): Audio Service
W/TelecomManager( 1317): Telecom Service not found.
D/SettingsProvider( 1317): User 0 external modification to /data/data/com.android.providers.settings/databases/settings.db; event=2
D/SettingsProvider( 1317): User 0 updating our caches for /data/data/com.android.providers.settings/databases/settings.db
D/BlueZ   ( 1105): external/bluetooth/bluez/android/hal-audio.c:audio_set_mic_mute() 
I/SystemServiceManager( 1317): Starting com.android.server.DockObserver
W/DockObserver( 1317): This kernel does not have dock station support
I/SystemServer( 1317): Wired Accessory Manager
W/WiredAccessoryManager( 1317): This kernel does not have usb audio support
W/WiredAccessoryManager( 1317): This kernel does not have HDMI audio support
I/SystemServiceManager( 1317): Starting com.android.server.usb.UsbService$Lifecycle
I/SystemServer( 1317): Serial Service
I/SystemServiceManager( 1317): Starting com.android.server.twilight.TwilightService
I/SystemServiceManager( 1317): Starting com.android.server.UiModeManagerService
I/SystemServiceManager( 1317): Starting com.android.server.job.JobSchedulerService
I/SystemServiceManager( 1317): Starting com.android.server.backup.BackupManagerService$Lifecycle
I/SystemServiceManager( 1317): Starting com.android.server.appwidget.AppWidgetService
I/SystemServiceManager( 1317): Starting com.android.server.voiceinteraction.VoiceInteractionManagerService
W/SoundTriggerHelper( 1317): listModules status=0, # of modules=0
I/SystemServer( 1317): DiskStats Service
I/SystemServer( 1317): SamplingProfiler Service
I/SystemServer( 1317): NetworkTimeUpdateService
I/SystemServer( 1317): CommonTimeManagementService
I/SystemServer( 1317): CertBlacklister
I/SystemServiceManager( 1317): Starting com.android.server.dreams.DreamManagerService
I/SystemServer( 1317): Assets Atlas Service
I/SystemServiceManager( 1317): Starting com.android.server.print.PrintManagerService
I/SystemServiceManager( 1317): Starting com.android.server.restrictions.RestrictionsManagerService
I/SystemServiceManager( 1317): Starting com.android.server.media.MediaSessionService
I/SystemServer( 1317): Media Router Service
I/SystemServiceManager( 1317): Starting com.android.server.trust.TrustManagerService
D/AssetAtlas( 1317): Computing best atlas configuration...
D/AssetAtlas( 1317): Running Thread-52
I/SystemServiceManager( 1317): Starting com.android.server.fingerprint.FingerprintService
V/Fingerprint-JNI( 1317): nativeInit()
V/Fingerprint-JNI( 1317): nativeOpenHal()
E/Fingerprint-JNI( 1317): Can't open fingerprint HW Module, error: -2
I/SystemServer( 1317): BackgroundDexOptService
I/SystemServiceManager( 1317): Starting com.android.server.pm.LauncherAppsService
I/SystemServiceManager( 1317): Starting com.android.server.media.projection.MediaProjectionManagerService
I/WindowManager( 1317): SAFE MODE not enabled
I/SystemServiceManager( 1317): Starting com.android.server.MmsServiceBroker
E/SQLiteLog( 1317): (1) no such table: locksettings
I/LockSettingsService( 1317): Migrated lock settings to new location
I/LockSettingsService( 1317): Migrated per-user lock settings to new location
E/LockSettingsStorage( 1317): Cannot read file java.io.FileNotFoundException: /data/system/password.key: open failed: ENOENT (No such file or directory)
E/LockSettingsStorage( 1317): Cannot read file java.io.FileNotFoundException: /data/system/gesture.key: open failed: ENOENT (No such file or directory)
I/SystemServiceManager( 1317): Starting phase 480
I/SystemServiceManager( 1317): Starting phase 500
I/WifiService( 1317): WifiService starting up with Wi-Fi disabled
D/WifiService( 1317): New client listening to asynchronous messages
I/WifiScanningService( 1317): Registering wifiscanner
D/WifiScanningService( 1317): New client, channel: null messenger: null
I/RttService( 1317): Registering rttmanager
D/WifiChangeStateMachine( 1317): Entering IdleState
D/WifiScanningService( 1317): DefaultState
D/AssetAtlas( 1317): Found best atlas configuration in 0.03s
D/AssetAtlas( 1317): Loaded configuration: SliceMinArea (768x768) flags=0x2 count=446
I/EthernetServiceImpl( 1317): Starting Ethernet service
W/AssetAtlasService( 1317): Could not find EGL configuration
D/AssetAtlas( 1317): Rendered atlas in 2.60ms (2.54+0.06ms)
D/Ethernet( 1317): Registering NetworkFactory
D/ConnectivityService( 1317): Got NetworkFactory Messenger for Ethernet
D/EthernetNetworkFactory( 1317): Started tracking interface eth0
D/CommandListener( 1101): Setting iface cfg
D/CommandListener( 1101): Trying to bring up eth0
D/EthernetNetworkFactory( 1317): updateInterface: eth0 link up
I/ActivityManager( 1317): Config changes=200 {1.0 ?mcc?mnc en_US ?layoutDir sw738dp w984dp h665dp 130dpi lrg land -touch qwerty/v/v -nav/h s.5}
D/Ethernet( 1317): got request NetworkRequest [ id=1, legacyType=-1, [ Capabilities: INTERNET&NOT_RESTRICTED&TRUSTED&NOT_VPN] ] with score 0
I/EthernetNetworkFactory( 1317): dhcpThread(+eth0): mNetworkInfo=[type: Ethernet[], state: UNKNOWN/IDLE, reason: (unspecified), extra: 52:54:00:12:34:56, roaming: false, failover: false, isAvailable: true, isConnectedToProvisioningNetwork: false]
V/BackupManagerService( 1317): No ancestral data
D/BackupManagerService( 1317): Now staging backup of com.android.browser
D/BackupManagerService( 1317): Now staging backup of com.android.vending
D/BackupManagerService( 1317): Now staging backup of android
D/BackupManagerService( 1317): Now staging backup of com.google.android.gm
D/BackupManagerService( 1317): Now staging backup of com.android.calendar
D/BackupManagerService( 1317): Now staging backup of com.android.providers.settings
D/BackupManagerService( 1317): Now staging backup of com.android.sharedstoragebackup
D/BackupManagerService( 1317): Now staging backup of com.android.dialer
D/BackupManagerService( 1317): Now staging backup of com.android.providers.userdictionary
V/BackupManagerService( 1317): Starting with transport android/com.android.internal.backup.LocalTransport
V/BackupManagerService( 1317): Found transports: 3
I/BackupManagerService( 1317): Binding to transport host ComponentInfo{android/com.android.internal.backup.LocalTransportService}
I/BackupManagerService( 1317): Binding to transport host ComponentInfo{com.google.android.gms/com.google.android.gms.backup.BackupTransportService}
I/BackupManagerService( 1317): Binding to transport host ComponentInfo{com.google.android.backuptransport/com.google.android.backup.BackupTransportService}
E/dhcpcd  ( 1607): fopen `/system/etc/dhcpcd/dhcpcd.conf': No such file or directory
I/dhcpcd  ( 1607): version 5.5.6 starting
E/dhcpcd  ( 1607): fopen `/system/etc/dhcpcd/dhcpcd.conf': No such file or directory
E/dhcpcd  ( 1607): get_duid: Read-only file system
I/ActivityManager( 1317): Sending system update to ComponentInfo{com.android.providers.calendar/com.android.providers.calendar.CalendarUpgradeReceiver} for user 0
I/ActivityManager( 1317): Sending system update to ComponentInfo{com.android.providers.contacts/com.android.providers.contacts.ContactsUpgradeReceiver} for user 0
I/ActivityManager( 1317): Sending system update to ComponentInfo{com.google.android.gsf/com.google.android.gsf.loginservice.MigrateToAccountManagerBroadcastReceiver} for user 0
I/ActivityManager( 1317): Sending system update to ComponentInfo{com.android.managedprovisioning/com.android.managedprovisioning.PreBootListener} for user 0
I/ActivityManager( 1317): Sending system update to ComponentInfo{com.android.providers.media/com.android.providers.media.MediaUpgradeReceiver} for user 0
I/ActivityManager( 1317): Sending system update to ComponentInfo{com.android.settings/com.android.settings.ManagedProfileSetup} for user 0
I/ActivityThread( 1317): Switching default density from 160 to 130
V/ActivityManager( 1317): Display changed displayId=0
V/ActivityManager( 1317): Display changed displayId=0
D/WifiScanningService( 1317): SCAN_AVAILABLE : 1
D/RttService( 1317): SCAN_AVAILABLE : 1
D/WifiScanningService( 1317): DefaultState got{ when=0 what=160007 target=com.android.internal.util.StateMachine$SmHandler }
D/RttService( 1317): DefaultState got{ when=0 what=160513 target=com.android.internal.util.StateMachine$SmHandler }
I/Zygote  ( 1317): Process: zygote socket opened, supported ABIS: x86,armeabi-v7a,armeabi
I/dhcpcd  ( 1607): eth0: broadcasting for a lease
I/ActivityManager( 1317): Start proc 1617:com.android.providers.calendar/u0a1 for broadcast com.android.providers.calendar/.CalendarUpgradeReceiver
I/ActivityManager( 1317): Launching preboot mode app: ProcessRecord{18b96313 1617:com.android.providers.calendar/u0a1}
I/dhcpcd  ( 1607): eth0: offered 10.0.2.15 from 10.0.2.2
I/dhcpcd  ( 1607): eth0: acknowledged 10.0.2.15 from 10.0.2.2
I/ActivityThread( 1617): Switching default density from 160 to 130
W/ResourcesManager( 1617): Asset path '/system/framework/android.test.runner.jar' does not exist or contains no resources.
I/dhcpcd  ( 1607): eth0: leased 10.0.2.15 for 86400 seconds
V/BackupManagerService( 1317): Connected to transport ComponentInfo{android/com.android.internal.backup.LocalTransportService}
V/BackupManagerService( 1317): Registering transport android/com.android.internal.backup.LocalTransportService::android/com.android.internal.backup.LocalTransport = android.app.backup.BackupTransport$TransportImpl@36d12950
I/ActivityManager( 1317): Start proc 1635:android.process.acore/u0a2 for broadcast com.android.providers.contacts/.ContactsUpgradeReceiver
I/ActivityManager( 1317): Launching preboot mode app: ProcessRecord{15852749 1635:android.process.acore/u0a2}
I/ActivityThread( 1635): Switching default density from 160 to 130
I/ContactsUpgradeReceiver( 1635): Creating or opening contacts database
I/ContactsDatabaseHelper( 1635): Bootstrapping database version: 910
I/ContactsProviderV1( 1635): Bootstrapping database legacy support
I/ContactsDatabaseHelper( 1635): Bootstrapping database version: 910
I/ContactsProviderV1( 1635): Bootstrapping database legacy support
I/ContactsProvider( 1635): Locale has changed from null to en-US
I/ContactsDatabaseHelper( 1635): Switching to locale en-US (ICU v53.1.0.1)
I/ContactsDatabaseHelper( 1635): Locale change completed in 7ms
I/ContactsDatabaseHelper( 1635): Switching to locale en-US (ICU v53.1.0.1)
I/ContactsDatabaseHelper( 1635): Locale change completed in 10ms
I/ActivityManager( 1317): Start proc 1672:com.google.process.gapps/u0a7 for broadcast com.google.android.gsf/.loginservice.MigrateToAccountManagerBroadcastReceiver
I/ActivityManager( 1317): Launching preboot mode app: ProcessRecord{1eb8218b 1672:com.google.process.gapps/u0a7}
I/ActivityThread( 1672): Switching default density from 160 to 130
D/GoogleLoginService( 1672): no legacy android id exists to migrate
D/GoogleLoginService( 1672): skipping migration because /data/data/com.google.android.gsf/databases/accounts.db doesn't exist
D/GoogleLoginService( 1672): disabling the migration script since the migration is complete
I/ActivityManager( 1317): Start proc 1690:com.android.managedprovisioning/u0a11 for broadcast com.android.managedprovisioning/.PreBootListener
I/ActivityManager( 1317): Launching preboot mode app: ProcessRecord{2b20d268 1690:com.android.managedprovisioning/u0a11}
I/ActivityThread( 1690): Switching default density from 160 to 130
I/ActivityManager( 1317): Start proc 1705:android.process.media/u0a5 for broadcast com.android.providers.media/.MediaUpgradeReceiver
I/ActivityManager( 1317): Launching preboot mode app: ProcessRecord{1857681 1705:android.process.media/u0a5}
I/ActivityThread( 1705): Switching default density from 160 to 130
I/ActivityManager( 1317): Start proc 1721:com.android.settings/1000 for broadcast com.android.settings/.ManagedProfileSetup
I/ActivityManager( 1317): Launching preboot mode app: ProcessRecord{38b4f326 1721:com.android.settings/1000}
I/ActivityThread( 1721): Switching default density from 160 to 130
I/ActivityManager( 1317): Removing system update proc: ProcessRecord{18b96313 1617:com.android.providers.calendar/u0a1}
I/ActivityManager( 1317): Killing 1617:com.android.providers.calendar/u0a1 (adj 13): system update done
I/ActivityManager( 1317): Removing system update proc: ProcessRecord{15852749 1635:android.process.acore/u0a2}
I/ActivityManager( 1317): Killing 1635:android.process.acore/u0a2 (adj 13): system update done
I/ActivityManager( 1317): Removing system update proc: ProcessRecord{1eb8218b 1672:com.google.process.gapps/u0a7}
I/ActivityManager( 1317): Killing 1672:com.google.process.gapps/u0a7 (adj 11): system update done
I/ActivityManager( 1317): Removing system update proc: ProcessRecord{2b20d268 1690:com.android.managedprovisioning/u0a11}
I/ActivityManager( 1317): Killing 1690:com.android.managedprovisioning/u0a11 (adj 11): system update done
I/ActivityManager( 1317): Removing system update proc: ProcessRecord{1857681 1705:android.process.media/u0a5}
I/ActivityManager( 1317): Killing 1705:android.process.media/u0a5 (adj 9): system update done
I/ActivityManager( 1317): Removing system update proc: ProcessRecord{38b4f326 1721:com.android.settings/1000}
I/ActivityManager( 1317): Killing 1721:com.android.settings/1000 (adj 9): system update done
I/ActivityManager( 1317): System now ready
W/ActivityManager( 1317): Spurious death for ProcessRecord{18b96313 1617:com.android.providers.calendar/u0a1}, curProc for 1617: null
W/ActivityManager( 1317): Spurious death for ProcessRecord{15852749 1635:android.process.acore/u0a2}, curProc for 1635: null
W/ActivityManager( 1317): Spurious death for ProcessRecord{1eb8218b 1672:com.google.process.gapps/u0a7}, curProc for 1672: null
W/ActivityManager( 1317): Spurious death for ProcessRecord{2b20d268 1690:com.android.managedprovisioning/u0a11}, curProc for 1690: null
W/ActivityManager( 1317): Spurious death for ProcessRecord{1857681 1705:android.process.media/u0a5}, curProc for 1705: null
W/ActivityManager( 1317): Spurious death for ProcessRecord{38b4f326 1721:com.android.settings/1000}, curProc for 1721: null
I/SystemServer( 1317): Making services ready
I/SystemServiceManager( 1317): Starting phase 550
I/SystemServer( 1317): WebViewFactory preparation
I/Telecom ( 1317): TelecomGlobals: TelecomGlobals initializing
V/WebViewFactory( 1743): RelroFileCreator (64bit = false),  32-bit lib: /system/app/webview/lib/x86/libwebviewchromium.so, 64-bit lib: 
I/ActivityManager( 1317): Start proc 1743:WebViewLoader-x86/1037 [android.webkit.WebViewFactory$RelroFileCreator] for 
I/ActivityManager( 1317): Start proc 1757:com.android.systemui/u0a18 for service com.android.systemui/.SystemUIService
D/SettingsProvider( 1317): User 0 external modification to /data/data/com.android.providers.settings/databases/settings.db; event=2
D/SettingsProvider( 1317): User 0 updating our caches for /data/data/com.android.providers.settings/databases/settings.db
E/MountService( 1317): Boot-time mount failed (-1)
W/MountService( 1317): Duplicate state transition (mounted -> mounted) for /storage/emulated/0
D/NetworkManagementService( 1317): not enabling bandwidth control
I/art     ( 1108): Explicit concurrent mark sweep GC freed 703(30KB) AllocSpace objects, 0(0B) LOS objects, 39% free, 1918KB/3MB, paused 37us total 36.524ms
I/art     ( 1743): System.exit called, status: 0
I/AndroidRuntime( 1743): VM exiting with result code 0, cleanup skipped.
I/art     ( 1108): Explicit concurrent mark sweep GC freed 5(160B) AllocSpace objects, 0(0B) LOS objects, 39% free, 1918KB/3MB, paused 52us total 5.919ms
I/art     ( 1108): Explicit concurrent mark sweep GC freed 5(160B) AllocSpace objects, 0(0B) LOS objects, 39% free, 1918KB/3MB, paused 35us total 8.594ms
I/ActivityManager( 1317): Start proc 1777:android.process.acore/u0a2 for content provider com.android.providers.contacts/.CallLogProvider
D/BluetoothManagerService( 1317): Trying to bind to profile: 1, while Bluetooth was disabled
D/BluetoothManagerService( 1317): Message: 20
D/BluetoothManagerService( 1317): Added callback: android.bluetooth.BluetoothAdapter$1@3ad8837b:true
D/BluetoothManagerService( 1317): Message: 30
I/Telecom ( 1317): TelecomGlobals: CallsManager initialized
W/ContextImpl( 1317): Calling a method in the system process without a qualified user: android.app.ContextImpl.startService:1692 android.content.ContextWrapper.startService:516 com.android.server.telecom.BluetoothPhoneService.start:440 com.android.server.telecom.TelecomGlobals.initialize:93 com.android.server.telecom.TelecomService.onCreate:164 
D/BluetoothManagerService( 1317): Trying to bind to profile: 1, while Bluetooth was disabled
D/BluetoothManagerService( 1317): Message: 30
I/ActivityThread( 1757): Switching default density from 160 to 130
V/SystemUIService( 1757): Starting SystemUI services.
V/FingerprintService( 1317): startListening(android.service.fingerprint.IFingerprintServiceReceiver$Stub$Proxy@3dff0279)
E/WVMExtractor( 1105): Failed to open libwvm.so: dlopen failed: library "libwvm.so" not found
D/NuPlayerDriver( 1105): start(0xb5d3a100)
I/GenericSource( 1105): start
D/ConnectivityService( 1317): registerNetworkAgent NetworkAgentInfo{ ni{[type: Ethernet[], state: CONNECTED/CONNECTED, reason: (unspecified), extra: 52:54:00:12:34:56, roaming: false, failover: false, isAvailable: true, isConnectedToProvisioningNetwork: false]}  network{null}  lp{{InterfaceName: eth0 LinkAddresses: [10.0.2.15/24,]  Routes: [10.0.2.0/24 -> 0.0.0.0 eth0,0.0.0.0/0 -> 10.0.2.2 eth0,] DnsAddresses: [10.0.2.3,] Domains:  MTU: 0 TcpBufferSizes: 524288,1048576,3145728,524288,1048576,2097152}}  nc{[ Transports: ETHERNET Capabilities: INTERNET&NOT_RESTRICTED&TRUSTED&NOT_VPN LinkUpBandwidth>=100000Kbps LinkDnBandwidth>=100000Kbps]}  Score{30}  everValidated{false}  lastValidated{false}  created{false}  explicitlySelected{false} }
D/ConnectivityService( 1317): NetworkAgentInfo [Ethernet () - 100] EVENT_NETWORK_INFO_CHANGED, going from null to CONNECTED
W/NetworkStats( 1317): bandwidth controls disabled, unable to track stats
W/NetworkPolicy( 1317): bandwidth controls disabled, unable to enforce policy
D/ConnectivityService( 1317): Adding iface eth0 to network 100
W/OMXNodeInstance( 1105): [e:google.mpeg4.decoder] component does not support metadata mode; using fallback
W/OMXNodeInstance( 1105): [f:google.h263.decoder] component does not support metadata mode; using fallback
W/OMXNodeInstance( 1105): [10:google.h264.decoder] component does not support metadata mode; using fallback
D/SoftHEVC( 1105): Number of CPU cores: 1
D/SoftHEVC( 1105): Initializing decoder
D/SoftHEVC( 1105): Set number of cores to 1
D/SoftHEVC( 1105): Ittiam decoder version number: @(#)Id:HEVCDEC_production Ver:04.01 Released by ITTIAM Build: Oct  7 2015 @ 00:32:57
W/OMXNodeInstance( 1105): [11:google.hevc.decoder] component does not support metadata mode; using fallback
D/SoftHEVC( 1105): Freeing codec memory
D/SoftHEVC( 1105): Number of CPU cores: 1
D/SoftHEVC( 1105): Initializing decoder
D/SoftHEVC( 1105): Set number of cores to 1
D/SoftHEVC( 1105): Ittiam decoder version number: @(#)Id:HEVCDEC_production Ver:04.01 Released by ITTIAM Build: Oct  7 2015 @ 00:32:57
I/ActivityThread( 1777): Switching default density from 160 to 130
D/SoftHEVC( 1105): In SoftHEVC::~SoftHEVC
D/SoftHEVC( 1105): Freeing codec memory
W/OMXNodeInstance( 1105): [12:google.vp8.decoder] component does not support metadata mode; using fallback
W/OMXNodeInstance( 1105): [13:google.vp9.decoder] component does not support metadata mode; using fallback
I/SoftMPEG4Encoder( 1105): Construct SoftMPEG4Encoder
W/ACodec  ( 1105): do not know color format 0x7f000789 = 2130708361
I/SoftAVCEncoder( 1105): Construct SoftAVCEncoder
W/ACodec  ( 1105): do not know color format 0x7f000789 = 2130708361
I/SoftMPEG4Encoder( 1105): Construct SoftMPEG4Encoder
W/ACodec  ( 1105): do not know color format 0x7f000789 = 2130708361
W/ACodec  ( 1105): do not know color format 0x7f000789 = 2130708361
E/ConnectivityService( 1317): Unexpected mtu value: 0, eth0
D/ConnectivityService( 1317): Adding Route [10.0.2.0/24 -> 0.0.0.0 eth0] to network 100
D/NuPlayerDriver( 1105): reset(0xb5d3a100)
D/NuPlayerDriver( 1105): notifyResetComplete(0xb5d3a100)
D/NuPlayerDriver( 1105): start(0xb5c4ef40)
I/GenericSource( 1105): start
D/VolumeUI( 1757): Registering volume controller
D/NuPlayerDriver( 1105): reset(0xb5c4ef40)
D/NuPlayerDriver( 1105): notifyResetComplete(0xb5c4ef40)
I/StatusBarManagerService( 1317): registerStatusBar bar=com.android.internal.statusbar.IStatusBar$Stub$Proxy@13033aa3
D/NuPlayerDriver( 1105): start(0xb5c4eca0)
I/GenericSource( 1105): start
D/NuPlayerDriver( 1105): reset(0xb5c4eca0)
D/NuPlayerDriver( 1105): notifyResetComplete(0xb5c4eca0)
D/PermissionMonitor( 1317): Monitoring
D/PermissionMonitor( 1317): Users: 1, Apps: 65
D/ConnectivityService( 1317): Adding Route [0.0.0.0/0 -> 10.0.2.2 eth0] to network 100
D/ConnectivityService( 1317): Setting Dns servers for network 100 to [/10.0.2.3]
D/ConnectivityService( 1317): notifyType IP_CHANGED for NetworkAgentInfo [Ethernet () - 100]
D/ConnectivityService( 1317): notifyType PRECHECK for NetworkAgentInfo [Ethernet () - 100]
D/ConnectivityService( 1317): rematching NetworkAgentInfo [Ethernet () - 100]
D/ConnectivityService( 1317):    accepting network in place of null
D/ConnectivityService( 1317): Switching to new default network: NetworkAgentInfo{ ni{[type: Ethernet[], state: CONNECTED/CONNECTED, reason: (unspecified), extra: 52:54:00:12:34:56, roaming: false, failover: false, isAvailable: true, isConnectedToProvisioningNetwork: false]}  network{100}  lp{{InterfaceName: eth0 LinkAddresses: [10.0.2.15/24,]  Routes: [10.0.2.0/24 -> 0.0.0.0 eth0,0.0.0.0/0 -> 10.0.2.2 eth0,] DnsAddresses: [10.0.2.3,] Domains:  MTU: 0 TcpBufferSizes: 524288,1048576,3145728,524288,1048576,2097152}}  nc{[ Transports: ETHERNET Capabilities: INTERNET&NOT_RESTRICTED&TRUSTED&NOT_VPN LinkUpBandwidth>=100000Kbps LinkDnBandwidth>=100000Kbps]}  Score{30}  everValidated{false}  lastValidated{false}  created{true}  explicitlySelected{false} }
