I/dex2oat ( 2770): /system/bin/dex2oat --runtime-arg -classpath --runtime-arg  --instruction-set=x86 --instruction-set-features=default --runtime-arg -Xrelocate --boot-image=/system/framework/boot.art --dex-file=/data/data/com.google.android.youtube/cache/ads976499314.jar --oat-fd=37 --oat-location=/data/data/com.google.android.youtube/cache/ads976499314.dex --runtime-arg -Xms64m --runtime-arg -Xmx512m
W/art     ( 2775): Suspending all threads took: 13.279ms
I/art     ( 2775): Background sticky concurrent mark sweep GC freed 18558(918KB) AllocSpace objects, 2(32KB) LOS objects, 14% free, 4MB/5MB, paused 13.605ms total 20.560ms
D/NativeLibraryUtils( 2775): Install completed successfully. count=0 extracted=0
I/art     ( 2098): Explicit concurrent mark sweep GC freed 45176(2MB) AllocSpace objects, 15(240KB) LOS objects, 39% free, 6MB/10MB, paused 135us total 28.319ms
V/GmsCoreStatsServiceLauncher( 2098): Received broadcast intent Intent { act=android.intent.action.BOOT_COMPLETED flg=0x8000010 cmp=com.google.android.gms/.common.stats.GmsCoreStatsServiceLauncher (has extras) }
W/dex2oat ( 2770): Skipping non-existent dex file '/data/data/com.google.android.youtube/cache/ads976499314.jar'
I/dex2oat ( 2770): dex2oat took 49.057ms (threads: 1) arena alloc=0B java alloc=576B native alloc=196KB free=3MB
I/GoogleURLConnFactory( 2775): Using platform SSLCertificateSocketFactory
V/AuthZen ( 2098): Handling intent: com.google.android.gms.GMS_UPDATED
D/AuthZenEventHandler( 2098): Handling event: com.google.android.gms.GMS_UPDATED
D/PersistentNotificationBroadcastReceiver( 2062): Received intent: Intent { act=android.intent.action.BOOT_COMPLETED flg=0x8000010 cmp=com.google.android.gms/.common.notification.PersistentNotificationBroadcastReceiver (has extras) }
E/JavaBinder( 2098): *** Uncaught remote exception!  (Exceptions are not yet supported across processes.)
E/JavaBinder( 2098): java.lang.RuntimeException: android.os.RemoteException
E/JavaBinder( 2098): 	at android.os.Parcel.writeException(Parcel.java:1446)
E/JavaBinder( 2098): 	at android.os.Binder.execTransact(Binder.java:452)
E/JavaBinder( 2098): Caused by: android.os.RemoteException
E/JavaBinder( 2098): 	at com.google.android.gms.ads.identifier.service.b.a(SourceFile:77)
E/JavaBinder( 2098): 	at com.google.android.gms.ads.identifier.a.e.onTransact(SourceFile:63)
E/JavaBinder( 2098): 	at android.os.Binder.execTransact(Binder.java:446)
I/art     ( 2062): Explicit concurrent mark sweep GC freed 3248(152KB) AllocSpace objects, 0(0B) LOS objects, 39% free, 5MB/9MB, paused 99us total 35.996ms
W/BaseAppContext( 2098): Using Auth Proxy for data requests.
D/WearInitializer( 2098): Running WearInitializer
D/WearInitializer( 2098): enabled .WearableService
D/LocationInitializer( 2098): Restart initialization of location
D/LocationInitializer( 2098): Restart initialization of location
D/LocationInitializer( 2098): Restart initialization of location
E/JavaBinder( 2098): *** Uncaught remote exception!  (Exceptions are not yet supported across processes.)
E/JavaBinder( 2098): java.lang.RuntimeException: android.os.RemoteException
E/JavaBinder( 2098): 	at android.os.Parcel.writeException(Parcel.java:1446)
E/JavaBinder( 2098): 	at android.os.Binder.execTransact(Binder.java:452)
E/JavaBinder( 2098): Caused by: android.os.RemoteException
E/JavaBinder( 2098): 	at com.google.android.gms.ads.identifier.service.b.a(SourceFile:77)
E/JavaBinder( 2098): 	at com.google.android.gms.ads.identifier.a.e.onTransact(SourceFile:63)
E/JavaBinder( 2098): 	at android.os.Binder.execTransact(Binder.java:446)
I/PhenotypeConfigurator( 2098): Scheduling Phenotype for one-off execution 3894 seconds from now (1460276289256)
W/GCoreFlp( 2300): No location to return for getLastLocation()
W/FusedLocationProvider( 2062): location=null
W/GCoreFlp( 2300): No location to return for getLastLocation()
W/FusedLocationProvider( 2062): location=null
W/GCoreFlp( 2300): No location to return for getLastLocation()
W/FusedLocationProvider( 2062): location=null
D/GCM     ( 2062): GcmService start Intent { act=android.intent.action.BOOT_COMPLETED flg=0x8000010 cmp=com.google.android.gms/.gcm.GcmService (has extras) } android.intent.action.BOOT_COMPLETED
D/SystemUpdateService( 2098): onCreate
D/SystemUpdateService( 2098): onStartCommand: intent: Intent { cmp=com.google.android.gms/.update.SystemUpdateService (has extras) }
I/ConfigFetchService( 2098): onStartCommand Intent { cmp=com.google.android.gms/.config.ConfigFetchService (has extras) }
E/copresGcore( 2062): ObfuscatedGaiaIdLookup: Could not load ObfuscatedGaiaIds: /data/data/com.google.android.gms/files/copresence_gaia_id: open failed: ENOENT (No such file or directory)
I/ConfigService( 2062): onCreate
V/AuthZen ( 2098): Handling intent: android.intent.action.BOOT_COMPLETED
D/AuthZenEventHandler( 2098): Handling event: android.intent.action.BOOT_COMPLETED
D/AuthZenTransactionCache( 2098): Initialized cache in: /data/data/com.google.android.gms/files
D/AuthZenTransactionCache( 2098): Clearing transaction cache
I/GCoreUlr( 2098): Starting service, intent=Intent { act=com.google.android.location.reporting.ACTION_UPDATE_WORLD cmp=com.google.android.gms/com.google.android.location.reporting.service.DispatchingService (has extras) }, extras=Bundle[{receiverAction=android.intent.action.BOOT_COMPLETED}]
I/GCoreUlr( 2300): DispatchingService.onCreate()
I/SystemUpdateService( 2098): cancelUpdate (empty URL)
I/SystemUpdateService( 2098): active receiver: disabled
D/ChimeraCfgMgr( 2098): Loading module com.google.android.gms.kids from APK com.google.android.gms
I/ConfigFetchService( 2098): service connected
D/ChimeraCfgMgr( 2098): Loading module com.google.android.gms.kids from APK com.google.android.gms
D/ConfigFetchService( 2098): ConfigApi connection successful.
D/SystemUpdateService( 2098): onDestroy
I/ActivityManager( 1317): Start proc 2897:com.google.android.onetimeinitializer/u0a9 for broadcast com.google.android.onetimeinitializer/.OneTimeInitializerReceiver
V/GLSActivity( 2062): AuthDelegateWrapperCreated with selected intent: Intent { cmp=com.google.android.gms/.auth.DefaultAuthDelegateService }
W/Kids    ( 2098): [AbstractKidsOperation] Invalid device state 3
V/GLSActivity( 2062): AuthDelegateWrapperCreated with selected intent: Intent { cmp=com.google.android.gms/.auth.DefaultAuthDelegateService }
V/GLSActivity( 2062): AuthDelegateWrapperCreated with selected intent: Intent { cmp=com.google.android.gms/.auth.DefaultAuthDelegateService }
I/GCoreUlr( 2300): WorldUpdater received intent Intent { act=com.google.android.location.reporting.ACTION_UPDATE_WORLD cmp=com.google.android.gms/com.google.android.location.reporting.service.DispatchingService (has extras) } with receiverAction android.intent.action.BOOT_COMPLETED
I/ActivityThread( 2897): Switching default density from 160 to 130
V/OneTimeInitializerReceiver( 2897): OneTimeInitializerReceiver.onReceive
I/art     ( 1108): Explicit concurrent mark sweep GC freed 703(30KB) AllocSpace objects, 0(0B) LOS objects, 39% free, 1918KB/3MB, paused 41us total 4.555ms
I/ActivityManager( 1317): Start proc 2914:com.google.android.partnersetup/u0a10 for broadcast com.google.android.partnersetup/.GooglePartnerSetup
V/OneTimeService( 2897): OneTimeService.onHandleIntent
V/OneTimeService( 2897): Updating shortcuts
V/OneTimeService( 2897): updateShortcut: uri=content://com.android.launcher2.settings/favorites?notify=true
E/ActivityThread( 2897): Failed to find provider info for com.android.launcher2.settings
V/OneTimeService( 2897): updateShortcut: uri=content://com.google.android.launcher.settings/favorites
E/ActivityThread( 2897): Failed to find provider info for com.google.android.launcher.settings
I/art     ( 1108): Explicit concurrent mark sweep GC freed 5(160B) AllocSpace objects, 0(0B) LOS objects, 39% free, 1918KB/3MB, paused 36us total 2.976ms
I/ActivityThread( 2914): Switching default density from 160 to 130
I/art     ( 1108): Explicit concurrent mark sweep GC freed 5(160B) AllocSpace objects, 0(0B) LOS objects, 39% free, 1918KB/3MB, paused 36us total 2.589ms
I/GCoreUlr( 2300): WorldUpdater:android.intent.action.BOOT_COMPLETED: Ensuring that reporting is stopped because of reasons: (no Google accounts)
I/ActivityManager( 1317): Start proc 2938:com.android.managedprovisioning/u0a11 for broadcast com.android.managedprovisioning/.BootReminder
I/art     ( 1317): Explicit concurrent mark sweep GC freed 19395(1591KB) AllocSpace objects, 31(496KB) LOS objects, 33% free, 9MB/14MB, paused 143us total 40.844ms
I/RlzPingService( 2914): Setting next ping for 1460881089468
I/ActivityManager( 1317): Killing 1952:com.google.android.music:main/u0a47 (adj 15): empty #17
I/ActivityThread( 2938): Switching default density from 160 to 130
I/GCoreUlr( 2300): Unbound from all location providers
I/GCoreUlr( 2300): DispatchingService.onDestroy()
I/GCoreUlr( 2300): Stopping handler for UlrDispSvcFast
I/GCoreUlr( 2300): Unbound from all location providers
I/ActivityManager( 1317): Killing 1992:com.android.settings/1000 (adj 15): empty #17
D/ConnectivityManager( 2233): getMobileDataEnabled()+ subId=-1
D/PhoneInterfaceManager( 1910): [PhoneIntfMgr] getDataEnabled: subId=-1 phoneId=-1
E/PhoneInterfaceManager( 1910): [PhoneIntfMgr] getDataEnabled: no phone subId=-1 retVal=false
D/ConnectivityManager( 2233): getMobileDataEnabled()- subId=-1 retVal=false
I/ActivityManager( 1317): Start proc 2963:com.android.settings/1000 for broadcast com.android.settings/.sim.SimBootReceiver
D/Mms     ( 2233): cancelNotification
I/ActivityThread( 2963): Switching default density from 160 to 130
D/AlertReceiver( 2248): onReceive: a=android.intent.action.BOOT_COMPLETED Intent { act=android.intent.action.BOOT_COMPLETED flg=0x8000010 cmp=com.android.calendar/.alerts.AlertReceiver (has extras) }
D/AlertService( 2248): 0 Action = android.intent.action.BOOT_COMPLETED
I/ActivityManager( 1317): Start proc 2979:com.android.camera2/u0a28 for broadcast com.android.camera2/com.android.camera.DisableCameraReceiver
D/Mms     ( 2233): cancelNotification
D/AlertService( 2248): Scheduling next alarm with AlarmScheduler. sEventReminderReceived: null
I/MediaProvider( 2126): Upgrading media database from version 0 to 800, which will destroy all old data
D/AlarmScheduler( 2248): No events found starting within 1 week.
I/ActivityThread( 2979): Switching default density from 160 to 130
E/Vold    ( 1098): Failed to find mounted volume for /storage/usb0/Android/data/com.android.camera2/cache/
W/ContextImpl( 2979): Failed to ensure directory: /storage/usb0/Android/data/com.android.camera2/cache
E/Vold    ( 1098): Failed to find mounted volume for /storage/usb1/Android/data/com.android.camera2/cache/
W/ContextImpl( 2979): Failed to ensure directory: /storage/usb1/Android/data/com.android.camera2/cache
E/Vold    ( 1098): Failed to find mounted volume for /storage/usb2/Android/data/com.android.camera2/cache/
W/ContextImpl( 2979): Failed to ensure directory: /storage/usb2/Android/data/com.android.camera2/cache
E/Vold    ( 1098): Failed to find mounted volume for /storage/usb3/Android/data/com.android.camera2/cache/
W/ContextImpl( 2979): Failed to ensure directory: /storage/usb3/Android/data/com.android.camera2/cache
E/Vold    ( 1098): Failed to find mounted volume for /storage/sdcard1/Android/data/com.android.camera2/cache/
W/ContextImpl( 2979): Failed to ensure directory: /storage/sdcard1/Android/data/com.android.camera2/cache
E/Vold    ( 1098): Failed to find mounted volume for /storage/usb0/Android/data/com.android.camera2/files/
W/ContextImpl( 2979): Failed to ensure directory: /storage/usb0/Android/data/com.android.camera2/files
E/Vold    ( 1098): Failed to find mounted volume for /storage/usb1/Android/data/com.android.camera2/files/
W/ContextImpl( 2979): Failed to ensure directory: /storage/usb1/Android/data/com.android.camera2/files
E/Vold    ( 1098): Failed to find mounted volume for /storage/usb2/Android/data/com.android.camera2/files/
W/ContextImpl( 2979): Failed to ensure directory: /storage/usb2/Android/data/com.android.camera2/files
E/Vold    ( 1098): Failed to find mounted volume for /storage/usb3/Android/data/com.android.camera2/files/
W/ContextImpl( 2979): Failed to ensure directory: /storage/usb3/Android/data/com.android.camera2/files
E/Vold    ( 1098): Failed to find mounted volume for /storage/sdcard1/Android/data/com.android.camera2/files/
W/ContextImpl( 2979): Failed to ensure directory: /storage/sdcard1/Android/data/com.android.camera2/files
D/CAM_MemoryManagerImpl( 2979): Max native memory: 358 MB
I/CAM_DisableCamRcver( 2979): no back camera
I/CAM_DisableCamRcver( 2979): disable all camera activities
I/ActivityManager( 1317): Start proc 2996:com.google.android.configupdater/u0a31 for broadcast com.google.android.configupdater/.CertPin.CertPinUpdateRequestReceiver
I/ActivityManager( 1317): Killing 2352:com.android.exchange/u0a36 (adj 15): empty #17
I/ActivityThread( 2996): Switching default density from 160 to 130
E/UpdateRequestReceiver( 2996): ignoring update request
E/UpdateRequestReceiver( 2996): ignoring update request
E/UpdateRequestReceiver( 2996): ignoring update request
E/UpdateRequestReceiver( 2996): ignoring update request
E/UpdateRequestReceiver( 2996): ignoring update request
E/UpdateRequestReceiver( 2996): ignoring update request
V/AlarmClock( 2317): AlarmInitReceiver android.intent.action.BOOT_COMPLETED
V/AlarmClock( 2317): AlarmInitReceiver - Reset timers and clear stopwatch data
V/AlarmClock( 2317): AlarmInitReceiver - resetting volume button default
V/AlarmClock( 2317): AlarmInitReceiver finished
I/G:DisableCameraReceiver( 2554): no back camera
I/G:DisableCameraReceiver( 2554): disable all camera activities
I/Email   ( 2371): Onetime initialization: 1
I/Email   ( 2371): Onetime initialization: 2
I/Email   ( 2371): Onetime initialization: completed.
I/ActivityManager( 1317): Start proc 3027:com.android.exchange/u0a36 for service com.android.exchange/.service.EasService
E/ActivityThread( 2371): Service com.android.email.service.EmailBroadcastProcessorService has leaked ServiceConnection com.android.emailcommon.service.ServiceProxy$ProxyConnection@2f8292cd that was originally bound here
E/ActivityThread( 2371): android.app.ServiceConnectionLeaked: Service com.android.email.service.EmailBroadcastProcessorService has leaked ServiceConnection com.android.emailcommon.service.ServiceProxy$ProxyConnection@2f8292cd that was originally bound here
E/ActivityThread( 2371): 	at android.app.LoadedApk$ServiceDispatcher.<init>(LoadedApk.java:1077)
E/ActivityThread( 2371): 	at android.app.LoadedApk.getServiceDispatcher(LoadedApk.java:971)
E/ActivityThread( 2371): 	at android.app.ContextImpl.bindServiceCommon(ContextImpl.java:1774)
E/ActivityThread( 2371): 	at android.app.ContextImpl.bindService(ContextImpl.java:1757)
E/ActivityThread( 2371): 	at android.content.ContextWrapper.bindService(ContextWrapper.java:539)
E/ActivityThread( 2371): 	at com.android.emailcommon.service.ServiceProxy.setTask(ServiceProxy.java:181)
E/ActivityThread( 2371): 	at com.android.emailcommon.service.ServiceProxy.test(ServiceProxy.java:224)
E/ActivityThread( 2371): 	at com.android.email.service.EmailServiceUtils.isServiceAvailable(EmailServiceUtils.java:160)
E/ActivityThread( 2371): 	at com.android.email.provider.AccountReconciler.reconcileAccountsInternal(AccountReconciler.java:171)
E/ActivityThread( 2371): 	at com.android.email.provider.AccountReconciler.reconcileAccounts(AccountReconciler.java:115)
E/ActivityThread( 2371): 	at com.android.email.service.EmailBroadcastProcessorService.reconcileAndStartServices(EmailBroadcastProcessorService.java:305)
E/ActivityThread( 2371): 	at com.android.email.service.EmailBroadcastProcessorService.onBootCompleted(EmailBroadcastProcessorService.java:295)
E/ActivityThread( 2371): 	at com.android.email.service.EmailBroadcastProcessorService.onHandleIntent(EmailBroadcastProcessorService.java:130)
E/ActivityThread( 2371): 	at android.app.IntentService$ServiceHandler.handleMessage(IntentService.java:65)
E/ActivityThread( 2371): 	at android.os.Handler.dispatchMessage(Handler.java:102)
E/ActivityThread( 2371): 	at android.os.Looper.loop(Looper.java:135)
E/ActivityThread( 2371): 	at android.os.HandlerThread.run(HandlerThread.java:61)
V/GLSActivity( 2062): AuthDelegateWrapperCreated with selected intent: Intent { cmp=com.google.android.gms/.auth.DefaultAuthDelegateService }
I/Gmail   ( 2462): getAccountsCursor
I/SystemBroadcastReceiver( 1898): Boot has been completed
I/LauncherIconVisibilityManager( 1898): Disable activity: ComponentInfo{com.android.inputmethod.latin/com.android.inputmethod.latin.setup.SetupActivity}
I/Gmail   ( 2462): Onetime initialization: 1
I/Gmail   ( 2462): Onetime initialization: 2
I/Gmail   ( 2462): Onetime initialization: completed.
W/ActivityManager( 1317): Unable to start service Intent { act=com.google.android.gm.email.EXCHANGE_INTENT pkg=com.google.android.gm.exchange } U=0: not found
W/ActivityManager( 1317): Unable to start service Intent { act=com.google.android.gm.email.EXCHANGE_INTENT pkg=com.google.android.gm.exchange } U=0: not found
E/ActivityThread( 2462): Service com.android.email.service.EmailBroadcastProcessorService has leaked ServiceConnection com.android.emailcommon.service.am@2d0c93df that was originally bound here
E/ActivityThread( 2462): android.app.ServiceConnectionLeaked: Service com.android.email.service.EmailBroadcastProcessorService has leaked ServiceConnection com.android.emailcommon.service.am@2d0c93df that was originally bound here
E/ActivityThread( 2462): 	at android.app.LoadedApk$ServiceDispatcher.<init>(LoadedApk.java:1077)
E/ActivityThread( 2462): 	at android.app.LoadedApk.getServiceDispatcher(LoadedApk.java:971)
E/ActivityThread( 2462): 	at android.app.ContextImpl.bindServiceCommon(ContextImpl.java:1774)
E/ActivityThread( 2462): 	at android.app.ContextImpl.bindService(ContextImpl.java:1757)
E/ActivityThread( 2462): 	at android.content.ContextWrapper.bindService(ContextWrapper.java:539)
E/ActivityThread( 2462): 	at com.android.emailcommon.service.ak.a(SourceFile:181)
E/ActivityThread( 2462): 	at com.android.emailcommon.service.ak.e(SourceFile:222)
E/ActivityThread( 2462): 	at com.android.email.service.m.c(SourceFile:158)
E/ActivityThread( 2462): 	at com.android.email.provider.b.a(SourceFile:201)
E/ActivityThread( 2462): 	at com.android.email.provider.b.a(SourceFile:145)
E/ActivityThread( 2462): 	at com.android.email.service.EmailBroadcastProcessorService.c(SourceFile:349)
E/ActivityThread( 2462): 	at com.android.email.service.EmailBroadcastProcessorService.onHandleIntent(SourceFile:1334)
E/ActivityThread( 2462): 	at android.app.IntentService$ServiceHandler.handleMessage(IntentService.java:65)
E/ActivityThread( 2462): 	at android.os.Handler.dispatchMessage(Handler.java:102)
E/ActivityThread( 2462): 	at android.os.Looper.loop(Looper.java:135)
E/ActivityThread( 2462): 	at android.os.HandlerThread.run(HandlerThread.java:61)
W/ActivityManager( 1317): Unbind failed: could not find connection for android.os.BinderProxy@e9c6b9c
V/GLSActivity( 2062): AuthDelegateWrapperCreated with selected intent: Intent { cmp=com.google.android.gms/.auth.DefaultAuthDelegateService }
D/GCM     ( 2062): GcmService start Intent { act=com.google.android.gms.INITIALIZE flg=0x10 pkg=com.google.android.gms cmp=com.google.android.gms/.gcm.GcmService } com.google.android.gms.INITIALIZE
D/AuthorizationBluetoothService( 2062): Received GmsCore event: Intent { act=com.google.android.gms.INITIALIZE flg=0x10 pkg=com.google.android.gms cmp=com.google.android.gms/.auth.be.proximity.authorization.bt.AuthorizationBluetoothService$AutoStarter }.
E/AuthorizationBluetoothService( 2062): Proximity feature is not enabled.
I/ActivityThread( 3027): Switching default density from 160 to 130
I/Exchange( 3027): EasService.onCreate
V/GLSActivity( 2062): AuthDelegateWrapperCreated with selected intent: Intent { cmp=com.google.android.gms/.auth.DefaultAuthDelegateService }
V/GLSActivity( 2062): AuthDelegateWrapperCreated with selected intent: Intent { cmp=com.google.android.gms/.auth.DefaultAuthDelegateService }
V/GmsCoreStatsServiceLauncher( 2098): Received broadcast intent Intent { act=com.google.android.gms.INITIALIZE flg=0x10 pkg=com.google.android.gms cmp=com.google.android.gms/.common.stats.GmsCoreStatsServiceLauncher }
E/MDM     ( 2300): [166] b.run: Couldn't connect to Google API client: ConnectionResult{statusCode=API_UNAVAILABLE, resolution=null, message=null}
D/AlertReceiver( 2248): onReceive: a=android.intent.action.PROVIDER_CHANGED Intent { act=android.intent.action.PROVIDER_CHANGED dat=content://com.android.calendar flg=0x10 cmp=com.android.calendar/.alerts.AlertReceiver }
I/Exchange( 3027): RestartPingTask
D/LocationInitializer( 2098): Restart initialization of location
D/AlertService( 2248): 0 Action = android.intent.action.PROVIDER_CHANGED
D/SIP     ( 1910): [SipSharedPreferences] isReceivingCallsEnabled, option not set; use default value, exception: android.provider.Settings$SettingNotFoundException: sip_receive_calls
W/GCoreFlp( 2300): No location to return for getLastLocation()
W/FusedLocationProvider( 2062): location=null
I/Exchange( 3027): RestartPingsTask did not start any pings.
I/Exchange( 3027): PSS stopIfIdle
I/Exchange( 3027): PSS has no active accounts; stopping service.
I/Exchange( 3027): onDestroy
I/ActivityManager( 1317): Killing 2716:com.android.dialer/u0a4 (adj 15): empty #17
D/GCM     ( 2062): GcmService start Intent { act=com.google.android.gms.INITIALIZE flg=0x10 pkg=com.google.android.gms cmp=com.google.android.gms/.gcm.GcmService } com.google.android.gms.INITIALIZE
D/AuthorizationBluetoothService( 2062): Received GmsCore event: Intent { act=com.google.android.gms.INITIALIZE flg=0x10 pkg=com.google.android.gms cmp=com.google.android.gms/.auth.be.proximity.authorization.bt.AuthorizationBluetoothService$AutoStarter }.
E/AuthorizationBluetoothService( 2062): Proximity feature is not enabled.
V/GLSActivity( 2062): AuthDelegateWrapperCreated with selected intent: Intent { cmp=com.google.android.gms/.auth.DefaultAuthDelegateService }
V/GmsCoreStatsServiceLauncher( 2098): Received broadcast intent Intent { act=com.google.android.gms.INITIALIZE flg=0x10 pkg=com.google.android.gms cmp=com.google.android.gms/.common.stats.GmsCoreStatsServiceLauncher }
E/MDM     ( 2300): [168] b.run: Couldn't connect to Google API client: ConnectionResult{statusCode=API_UNAVAILABLE, resolution=null, message=null}
W/ProcessCpuTracker( 1317): Skipping unknown process pid 2716
D/LocationInitializer( 2098): Restart initialization of location
W/MplexGcmListener( 2613): GCM error: AUTHENTICATION_FAILED
W/GCoreFlp( 2300): No location to return for getLastLocation()
W/FusedLocationProvider( 2062): location=null
W/Settings( 2098): Setting device_provisioned has moved from android.provider.Settings.Secure to android.provider.Settings.Global.
I/ActivityManager( 1317): Start proc 3069:com.google.android.music:main/u0a47 for broadcast com.google.android.music/.store.MediaStoreImportService$Receiver
W/GCoreFlp( 2300): No location to return for getLastLocation()
W/FusedLocationProvider( 2062): location=null
W/Icing   ( 2098): PackageManager.queryIntentActivities threw an exception Invalid index 0, size is 0 for intent Intent { act=android.intent.action.MAIN cat=[android.intent.category.LAUNCHER] pkg=com.android.inputmethod.latin }
I/ActivityThread( 3069): Switching default density from 160 to 130
I/MultiDex( 3069): VM with version 2.1.0 has multidex support
I/MultiDex( 3069): install
I/MultiDex( 3069): VM has multidex support, MultiDex support library is disabled.
W/ActivityManager( 1317): getRunningAppProcesses: caller 10047 does not hold REAL_GET_TASKS; limiting output
I/MusicStore( 3069): Database version: 121
I/art     ( 1317): Explicit concurrent mark sweep GC freed 21723(1635KB) AllocSpace objects, 20(320KB) LOS objects, 33% free, 9MB/14MB, paused 143us total 22.004ms
I/art     ( 2062): Explicit concurrent mark sweep GC freed 17921(864KB) AllocSpace objects, 1(16KB) LOS objects, 39% free, 5MB/9MB, paused 95us total 9.752ms
E/Vold    ( 1098): Failed to find mounted volume for /storage/usb0/Android/data/com.google.android.music/files/
W/ContextImpl( 3069): Failed to ensure directory: /storage/usb0/Android/data/com.google.android.music/files
E/Vold    ( 1098): Failed to find mounted volume for /storage/usb1/Android/data/com.google.android.music/files/
W/ContextImpl( 3069): Failed to ensure directory: /storage/usb1/Android/data/com.google.android.music/files
E/Vold    ( 1098): Failed to find mounted volume for /storage/usb2/Android/data/com.google.android.music/files/
W/ContextImpl( 3069): Failed to ensure directory: /storage/usb2/Android/data/com.google.android.music/files
E/Vold    ( 1098): Failed to find mounted volume for /storage/usb3/Android/data/com.google.android.music/files/
W/ContextImpl( 3069): Failed to ensure directory: /storage/usb3/Android/data/com.google.android.music/files
E/Vold    ( 1098): Failed to find mounted volume for /storage/sdcard1/Android/data/com.google.android.music/files/
W/ContextImpl( 3069): Failed to ensure directory: /storage/sdcard1/Android/data/com.google.android.music/files
E/Vold    ( 1098): Failed to find mounted volume for /storage/usb0/Android/data/com.google.android.music/files/
W/ContextImpl( 3069): Failed to ensure directory: /storage/usb0/Android/data/com.google.android.music/files
E/Vold    ( 1098): Failed to find mounted volume for /storage/usb1/Android/data/com.google.android.music/files/
W/ContextImpl( 3069): Failed to ensure directory: /storage/usb1/Android/data/com.google.android.music/files
E/Vold    ( 1098): Failed to find mounted volume for /storage/usb2/Android/data/com.google.android.music/files/
W/ContextImpl( 3069): Failed to ensure directory: /storage/usb2/Android/data/com.google.android.music/files
E/Vold    ( 1098): Failed to find mounted volume for /storage/usb3/Android/data/com.google.android.music/files/
W/ContextImpl( 3069): Failed to ensure directory: /storage/usb3/Android/data/com.google.android.music/files
E/Vold    ( 1098): Failed to find mounted volume for /storage/sdcard1/Android/data/com.google.android.music/files/
W/ContextImpl( 3069): Failed to ensure directory: /storage/sdcard1/Android/data/com.google.android.music/files
E/Vold    ( 1098): Failed to find mounted volume for /storage/usb0/Android/data/com.google.android.music/files/
W/ContextImpl( 3069): Failed to ensure directory: /storage/usb0/Android/data/com.google.android.music/files
E/Vold    ( 1098): Failed to find mounted volume for /storage/usb1/Android/data/com.google.android.music/files/
W/ContextImpl( 3069): Failed to ensure directory: /storage/usb1/Android/data/com.google.android.music/files
E/Vold    ( 1098): Failed to find mounted volume for /storage/usb2/Android/data/com.google.android.music/files/
W/ContextImpl( 3069): Failed to ensure directory: /storage/usb2/Android/data/com.google.android.music/files
E/Vold    ( 1098): Failed to find mounted volume for /storage/usb3/Android/data/com.google.android.music/files/
W/ContextImpl( 3069): Failed to ensure directory: /storage/usb3/Android/data/com.google.android.music/files
E/Vold    ( 1098): Failed to find mounted volume for /storage/sdcard1/Android/data/com.google.android.music/files/
W/ContextImpl( 3069): Failed to ensure directory: /storage/sdcard1/Android/data/com.google.android.music/files
D/MusicLifecycle( 3069): com.google.android.music.MusicApplication generated event: Application created
W/ResourcesManager( 3069): Asset path '/system/framework/com.android.media.remotedisplay.jar' does not exist or contains no resources.
W/ResourcesManager( 3069): Asset path '/system/framework/com.android.location.provider.jar' does not exist or contains no resources.
V/JNIHelp ( 3069): Registering com/google/android/gms/org/conscrypt/NativeCrypto's 240 native methods...
I/Icing   ( 2098): Indexing done 1F335F402E2A59080DB906CEC4C02D57FB41F0EF
I/ProviderInstaller( 3069): Installed default security provider GmsCore_OpenSSL
D/AndroidMusic( 3069): GMSCore installation verified
I/ConfigStore( 3069): Config Database version: 1
I/MediaRouter( 3069): Found default route: MediaRouter.RouteInfo{ uniqueId=android/.support.v7.media.SystemMediaRouteProvider:DEFAULT_ROUTE, name=Tablet, description=null, iconUri=null, enabled=true, connecting=false, connectionState=0, canDisconnect=false, playbackType=0, playbackStream=3, volumeHandling=1, volume=11, volumeMax=15, presentationDisplayId=-1, extras=null, settingsIntent=null, providerPackageName=android }
D/MusicLifecycle( 3069): com.google.android.music.store.MediaStoreImportService$Receiver generated event: Broadcast received with context android.app.ReceiverRestrictedContext@778ac89 and intent Intent { act=android.intent.action.MEDIA_SCANNER_STARTED dat=file:///system/media flg=0x10 cmp=com.google.android.music/.store.MediaStoreImportService$Receiver }
D/MusicLifecycle( 3069): com.google.android.music.net.NetworkMonitor generated event: Service created
I/NetworkMonitor( 3069): type=Ethernet subType= reason=null isConnected=true
I/ActivityManager( 1317): Start proc 3096:com.google.android.gms.ui/u0a7 for broadcast com.google.android.gms/.mdm.receivers.MdmDeviceAdminReceiver
D/MusicLifecycle( 3069): com.google.android.music.preferences.MusicPreferenceService$MusicPreferenceServiceBinder generated event: Service created
D/MusicLifecycle( 3069): com.google.android.music.download.cache.StorageMigrationService generated event: Service created
D/MusicLifecycle( 3069): com.google.android.music.download.artwork.ArtDownloadService generated event: Service created
D/MusicLifecycle( 3069): com.google.android.music.net.NetworkMonitor$2 generated event: Broadcast received with context com.google.android.music.net.NetworkMonitor@3cd744af and intent Intent { act=android.net.conn.CONNECTIVITY_CHANGE flg=0x4000010 (has extras) }
I/NetworkMonitor( 3069): type=Ethernet subType= reason=null isConnected=true
D/MusicLifecycle( 3069): com.google.android.music.download.ArtDownloadQueueService generated event: Service created
I/GHttpClientFactory( 3069): Using our fixed implementation of GMSCore's GoogleHttpClient
I/GoogleURLConnFactory( 3069): Using platform SSLCertificateSocketFactory
I/ActivityThread( 3096): Switching default density from 160 to 130
W/ResourcesManager( 3096): Asset path '/system/framework/com.android.media.remotedisplay.jar' does not exist or contains no resources.
W/ResourcesManager( 3096): Asset path '/system/framework/com.android.location.provider.jar' does not exist or contains no resources.
D/MusicLifecycle( 3069): com.google.android.music.download.cache.ArtCacheService generated event: Service created
D/MusicLifecycle( 3069): com.google.android.music.download.cache.StorageMigrationService generated event: Service destroyed
I/art     ( 3096): Rejecting re-init on previously-failed class java.lang.Class<com.google.android.gms.common.h.c>
I/art     ( 3096): Rejecting re-init on previously-failed class java.lang.Class<com.google.android.gms.common.h.c>
I/ActivityManager( 1317): Killing 2733:com.android.keychain/1000 (adj 15): empty #17
E/JavaBinder( 2098): *** Uncaught remote exception!  (Exceptions are not yet supported across processes.)
E/JavaBinder( 2098): java.lang.RuntimeException: android.os.RemoteException
E/JavaBinder( 2098): 	at android.os.Parcel.writeException(Parcel.java:1446)
E/JavaBinder( 2098): 	at android.os.Binder.execTransact(Binder.java:452)
E/JavaBinder( 2098): Caused by: android.os.RemoteException
E/JavaBinder( 2098): 	at com.google.android.gms.ads.identifier.service.b.a(SourceFile:77)
E/JavaBinder( 2098): 	at com.google.android.gms.ads.identifier.a.e.onTransact(SourceFile:63)
E/JavaBinder( 2098): 	at android.os.Binder.execTransact(Binder.java:446)
I/MultiDex( 3096): VM with version 2.1.0 has multidex support
I/MultiDex( 3096): install
I/MultiDex( 3096): VM has multidex support, MultiDex support library is disabled.
V/JNIHelp ( 3096): Registering com/google/android/gms/org/conscrypt/NativeCrypto's 240 native methods...
I/ProviderInstaller( 3096): Installed default security provider GmsCore_OpenSSL
E/MDM     ( 3096): [1] SitrepService.a: No Google accounts; deferring server state update.
I/ActivityManager( 1317): Killing 2897:com.google.android.onetimeinitializer/u0a9 (adj 15): empty #17
D/GCM     ( 2062): GcmService start Intent { act=com.google.android.gms.INITIALIZE flg=0x10 pkg=com.google.android.gms cmp=com.google.android.gms/.gcm.GcmService } com.google.android.gms.INITIALIZE
D/AuthorizationBluetoothService( 2062): Received GmsCore event: Intent { act=com.google.android.gms.INITIALIZE flg=0x10 pkg=com.google.android.gms cmp=com.google.android.gms/.auth.be.proximity.authorization.bt.AuthorizationBluetoothService$AutoStarter }.
E/AuthorizationBluetoothService( 2062): Proximity feature is not enabled.
D/NativeLibraryUtils( 3096): Install completed successfully. count=0 extracted=0
V/GLSActivity( 2062): AuthDelegateWrapperCreated with selected intent: Intent { cmp=com.google.android.gms/.auth.DefaultAuthDelegateService }
V/GLSActivity( 2062): AuthDelegateWrapperCreated with selected intent: Intent { cmp=com.google.android.gms/.auth.DefaultAuthDelegateService }
V/GmsCoreStatsServiceLauncher( 2098): Received broadcast intent Intent { act=com.google.android.gms.INITIALIZE flg=0x10 pkg=com.google.android.gms cmp=com.google.android.gms/.common.stats.GmsCoreStatsServiceLauncher }
E/MDM     ( 2300): [166] b.run: Couldn't connect to Google API client: ConnectionResult{statusCode=API_UNAVAILABLE, resolution=null, message=null}
D/LocationInitializer( 2098): Restart initialization of location
W/GCoreFlp( 2300): No location to return for getLastLocation()
W/FusedLocationProvider( 2062): location=null
D/MediaProvider( 2126): Adjusting external storage paths to: /storage/emulated/0
D/KbdSensor( 1317): poll_setDelay: dev=0xb3c51a80 delay-ns=66667000
E/SQLiteLog( 2126): (1) no such table: files
D/GCM     ( 2062): GcmService start Intent { act=com.google.android.c2dm.intent.REGISTER pkg=com.google.android.gms cmp=com.google.android.gms/.gcm.GcmService (has extras) } com.google.android.c2dm.intent.REGISTER
E/GCM     ( 2062): Missing checkin config file
W/GCM     ( 2062): GCM FAILED TO INITIALIZE - missing checkin
W/YouTube ( 2613): (unknown) Could not register with GCM: 
W/YouTube ( 2613): java.io.IOException: AUTHENTICATION_FAILED
W/YouTube ( 2613): 	at eom.a(Unknown Source)
W/YouTube ( 2613): 	at kek.run(SourceFile:2038)
W/YouTube ( 2613): 	at java.util.concurrent.Executors$RunnableAdapter.call(Executors.java:422)
W/YouTube ( 2613): 	at java.util.concurrent.FutureTask.run(FutureTask.java:237)
W/YouTube ( 2613): 	at java.util.concurrent.ScheduledThreadPoolExecutor$ScheduledFutureTask.access$201(ScheduledThreadPoolExecutor.java:152)
W/YouTube ( 2613): 	at java.util.concurrent.ScheduledThreadPoolExecutor$ScheduledFutureTask.run(ScheduledThreadPoolExecutor.java:265)
W/YouTube ( 2613): 	at java.util.concurrent.ThreadPoolExecutor.runWorker(ThreadPoolExecutor.java:1112)
W/YouTube ( 2613): 	at java.util.concurrent.ThreadPoolExecutor$Worker.run(ThreadPoolExecutor.java:587)
W/YouTube ( 2613): 	at gzp.run(SourceFile:40)
W/YouTube ( 2613): 	at java.lang.Thread.run(Thread.java:818)
W/MplexGcmListener( 2613): GCM error: AUTHENTICATION_FAILED
I/ActivityManager( 1317): Killing 2938:com.android.managedprovisioning/u0a11 (adj 15): empty #17
I/dex2oat ( 2851): dex2oat took 1.991s (threads: 1) arena alloc=407KB java alloc=2MB native alloc=7MB free=4MB
D/DexOptUtils( 2098): Odex created at:/data/data/com.google.android.gms/app_chimera/chimera-module-root/module-13de3980f029dc34d7f6bdadf7b693ead0480f20/x86/MapsModule.dex
D/DexOptUtils( 2098): Set odex to world readable.
D/DexOptUtils( 2098): Renamed odex to /data/data/com.google.android.gms/app_chimera/chimera-module-root/module-13de3980f029dc34d7f6bdadf7b693ead0480f20/x86/MapsModule.odex
D/FileApkUtils( 2098): Keeping up-to-date module: module-13de3980f029dc34d7f6bdadf7b693ead0480f20
D/GmsModuleFndr( 2098): Beginning GMS chimera module scan
D/GmsModuleFndr( 2098): Module pkg com.google.android.play.games not installed, skipping
D/ChimeraCfgMgr( 2098): Beginning module configuration check
D/ChimeraFileApk( 2098): Loading chimera manifest from FileApk(/data/data/com.google.android.gms/app_chimera/chimera-module-root/module-13de3980f029dc34d7f6bdadf7b693ead0480f20/MapsModule.apk)
D/ChimeraCfgMgr( 2098): Considering module(com.google.android.gms.maps,v8118000) from FileApk(/data/data/com.google.android.gms/app_chimera/chimera-module-root/module-13de3980f029dc34d7f6bdadf7b693ead0480f20/MapsModule.apk)
D/ChimeraModuleApk( 2098): Loading chimera manifest from ContainerApk(com.google.android.gms)
D/ChimeraCfgMgr( 2098): Considering module(built-in,v0) from ContainerApk(com.google.android.gms)
D/ChimeraCfgMgr( 2098): Considering module(com.google.android.gms.games,v1) from ContainerApk(com.google.android.gms)
D/ChimeraCfgMgr( 2098): Considering module(com.google.android.gms.kids,v3) from ContainerApk(com.google.android.gms)
D/ChimeraCfgMgr( 2098): Considering module(com.google.android.gms.vision,v1) from ContainerApk(com.google.android.gms)
D/ChimeraCfgMgr( 2098): Considering module(com.google.android.gms.youtube,v1) from ContainerApk(com.google.android.gms)
D/ChimeraCfgRslvr( 2098): Beginning module config resolution
D/ChimeraCfgRslvr( 2098): module(built-in,v0) has no external dependencies, accepted
D/ChimeraCfgRslvr( 2098): module(com.google.android.gms.youtube,v1) has no external dependencies, accepted
D/ChimeraCfgRslvr( 2098): module(com.google.android.gms.games,v1) accepted
D/ChimeraCfgRslvr( 2098): module(com.google.android.gms.kids,v3) accepted
D/ChimeraCfgRslvr( 2098): module(com.google.android.gms.maps,v8118000) accepted
D/ChimeraCfgRslvr( 2098): module(com.google.android.gms.vision,v1) accepted
D/ChimeraCfgRslvr( 2098): Module config resolution complete
D/FileApkUtils( 2098): Module already staged or being staged:chimera-modules/MapsModule.apk
D/DexOptUtils( 2098): Module /data/data/com.google.android.gms/app_chimera/chimera-module-root/module-13de3980f029dc34d7f6bdadf7b693ead0480f20/MapsModule.apk is already optimized. Bailing.
D/FileApkUtils( 2098): Keeping up-to-date module: module-13de3980f029dc34d7f6bdadf7b693ead0480f20
D/GmsModuleFndr( 2098): Beginning GMS chimera module scan
D/GmsModuleFndr( 2098): Module pkg com.google.android.play.games not installed, skipping
D/ChimeraCfgMgr( 2098): Beginning module configuration check
D/ChimeraCfgMgr( 2098): Module APKs unchanged, check complete
I/Icing   ( 2098): Indexing 1F335F402E2A59080DB906CEC4C02D57FB41F0EF from com.google.android.gms
I/Icing   ( 2098): Indexing done 1F335F402E2A59080DB906CEC4C02D57FB41F0EF
E/MetadataRetrieverClient( 1105): failed to extract an album art
D/SettingsProvider( 1317): User 0 external modification to /data/data/com.android.providers.settings/databases/settings.db; event=2
D/SettingsProvider( 1317): User 0 updating our caches for /data/data/com.android.providers.settings/databases/settings.db
W/BackupManagerService( 1317): dataChanged but no participant pkg='com.android.providers.settings' uid=10005
E/MetadataRetrieverClient( 1105): failed to extract an album art
E/MetadataRetrieverClient( 1105): failed to extract an album art
W/MediaScanner( 2126): Error opening directory '/oem/media/', skipping: No such file or directory.
E/MetadataRetrieverClient( 1105): failed to extract an album art
D/MusicLifecycle( 3069): com.google.android.music.store.MediaStoreImportService$Receiver generated event: Broadcast received with context android.app.ReceiverRestrictedContext@778ac89 and intent Intent { act=android.intent.action.MEDIA_SCANNER_FINISHED dat=file:///system/media flg=0x10 cmp=com.google.android.music/.store.MediaStoreImportService$Receiver }
D/MusicLifecycle( 3069): com.google.android.music.store.MediaStoreImportService$Receiver generated event: Broadcast received with context android.app.ReceiverRestrictedContext@778ac89 and intent Intent { act=android.intent.action.MEDIA_SCANNER_STARTED dat=file:///storage/emulated/0 flg=0x10 cmp=com.google.android.music/.store.MediaStoreImportService$Receiver }
D/MusicLifecycle( 3069): com.google.android.music.store.MediaStoreImportService generated event: Service created
D/MusicLifecycle( 3069): com.google.android.music.store.MediaStoreImportService generated event: Service destroyed
I/iu.UploadsManager( 2098): #reloadSettings(); account: -1; IU: disabled; IS: disabled; IS account: -1; photoWiFi: true; videoWiFi: true; roam: false; battery: true; size: FULL; maxMobile: 157286400
I/iu.UploadsManager( 2098): End new media; added: 0, uploading: 0, time: 4 ms
W/MediaScanner( 2126): Error opening directory '/storage/sdcard1/', skipping: Permission denied.
W/MediaScanner( 2126): Error opening directory '/storage/usb0/', skipping: Permission denied.
W/MediaScanner( 2126): Error opening directory '/storage/usb1/', skipping: Permission denied.
W/MediaScanner( 2126): Error opening directory '/storage/usb2/', skipping: Permission denied.
W/MediaScanner( 2126): Error opening directory '/storage/usb3/', skipping: Permission denied.
V/MediaScanner( 2126): pruneDeadThumbnailFiles... android.database.sqlite.SQLiteCursor@543b7fc
V/MediaScanner( 2126): /pruneDeadThumbnailFiles... android.database.sqlite.SQLiteCursor@543b7fc
D/MusicLifecycle( 3069): com.google.android.music.store.MediaStoreImportService$Receiver generated event: Broadcast received with context android.app.ReceiverRestrictedContext@778ac89 and intent Intent { act=android.intent.action.MEDIA_SCANNER_FINISHED dat=file:///storage/emulated/0 flg=0x10 cmp=com.google.android.music/.store.MediaStoreImportService$Receiver }
D/MusicLifecycle( 3069): com.google.android.music.store.MediaStoreImportService generated event: Service created
E/Vold    ( 1098): Failed to find mounted volume for /storage/usb0/Android/data/com.google.android.music/files/
W/ContextImpl( 3069): Failed to ensure directory: /storage/usb0/Android/data/com.google.android.music/files
E/Vold    ( 1098): Failed to find mounted volume for /storage/usb1/Android/data/com.google.android.music/files/
W/ContextImpl( 3069): Failed to ensure directory: /storage/usb1/Android/data/com.google.android.music/files
E/Vold    ( 1098): Failed to find mounted volume for /storage/usb2/Android/data/com.google.android.music/files/
W/ContextImpl( 3069): Failed to ensure directory: /storage/usb2/Android/data/com.google.android.music/files
E/Vold    ( 1098): Failed to find mounted volume for /storage/usb3/Android/data/com.google.android.music/files/
W/ContextImpl( 3069): Failed to ensure directory: /storage/usb3/Android/data/com.google.android.music/files
E/Vold    ( 1098): Failed to find mounted volume for /storage/sdcard1/Android/data/com.google.android.music/files/
W/ContextImpl( 3069): Failed to ensure directory: /storage/sdcard1/Android/data/com.google.android.music/files
I/AppDataSearchHelper( 3069): Upgrade from -1 to 121 took 29 ms
I/MediaStoreImporter( 3069): Update: full Added music: 0 Updated music: 0 Deleted music: 0 Created playlists: 0 Updated playlists: 0 Deleted playlists: 0 Inserted playlist items: 0 Deleted playlist items: 0 Removed orphaned playlist items: 0
D/MusicLifecycle( 3069): com.google.android.music.wear.WearBroadcastReceiver generated event: Broadcast received with context android.app.ReceiverRestrictedContext@778ac89 and intent Intent { act=com.google.android.music.IMPORT_COMPLETE flg=0x10 cmp=com.google.android.music/.wear.WearBroadcastReceiver }
D/MusicLifecycle( 3069): com.google.android.music.wear.WearMetadataSyncService generated event: Service created
D/MusicLifecycle( 3069): com.google.android.music.wear.WearMetadataSyncService generated event: Service started with intent Intent { cmp=com.google.android.music/.wear.WearMetadataSyncService }
D/MusicLifecycle( 3069): com.google.android.music.store.MediaStoreImportService generated event: Service destroyed
E/GmsUtils( 3069): Failed to connect to Google API client: ConnectionResult{statusCode=API_UNAVAILABLE, resolution=null}
E/GmsUtils( 3069): Failed to connect to Google API client: ConnectionResult{statusCode=API_UNAVAILABLE, resolution=null}
D/MusicLifecycle( 3069): com.google.android.music.wear.WearMetadataSyncService generated event: Service destroyed
D/BluetoothManagerService( 1317): Message: 100
E/BluetoothManagerService( 1317): MESSAGE_TIMEOUT_BIND
W/ActivityManager( 1317): Unable to start service Intent { act=com.google.android.gms.analytics.service.START cmp=com.google.android.gms/.analytics.service.AnalyticsService (has extras) } U=0: not found
W/GAV2    ( 2462): Thread[GAThread,5,main]: Service unavailable (code=1), will retry.
I/GAV2    ( 2462): Thread[GAThread,5,main]: No campaign data found.
D/GCM     ( 2062): GcmService start Intent { act=com.google.android.c2dm.intent.REGISTER pkg=com.google.android.gms cmp=com.google.android.gms/.gcm.GcmService (has extras) } com.google.android.c2dm.intent.REGISTER
E/GCM     ( 2062): Missing checkin config file
W/GCM     ( 2062): GCM FAILED TO INITIALIZE - missing checkin
W/YouTube ( 2613): (unknown) Could not register with GCM: 
W/YouTube ( 2613): java.io.IOException: AUTHENTICATION_FAILED
W/YouTube ( 2613): 	at eom.a(Unknown Source)
W/YouTube ( 2613): 	at kek.run(SourceFile:2038)
W/YouTube ( 2613): 	at java.util.concurrent.Executors$RunnableAdapter.call(Executors.java:422)
W/YouTube ( 2613): 	at java.util.concurrent.FutureTask.run(FutureTask.java:237)
W/YouTube ( 2613): 	at java.util.concurrent.ScheduledThreadPoolExecutor$ScheduledFutureTask.access$201(ScheduledThreadPoolExecutor.java:152)
W/YouTube ( 2613): 	at java.util.concurrent.ScheduledThreadPoolExecutor$ScheduledFutureTask.run(ScheduledThreadPoolExecutor.java:265)
W/YouTube ( 2613): 	at java.util.concurrent.ThreadPoolExecutor.runWorker(ThreadPoolExecutor.java:1112)
W/YouTube ( 2613): 	at java.util.concurrent.ThreadPoolExecutor$Worker.run(ThreadPoolExecutor.java:587)
W/YouTube ( 2613): 	at gzp.run(SourceFile:40)
W/YouTube ( 2613): 	at java.lang.Thread.run(Thread.java:818)
W/MplexGcmListener( 2613): GCM error: AUTHENTICATION_FAILED
I/bluetoothd( 2747): Stopping SDP server
I/bluetoothd( 2747): Exit
I/sh      ( 3140): /system/etc/init.sh[390]: cat: /sys/class/dmi/id/board_name: No such file or directory
I/bluetoothd( 3149): stopped () 
E/SQLiteLog( 2337): (284) automatic index on view_events(_id)
I/GlobalDismissManager( 2248): no sender configured
D/AlertService( 2248): Beginning updateAlertNotification
D/AlertService( 2248): No fired or scheduled alerts
D/AlertService( 2248): Scheduling next alarm with AlarmScheduler. sEventReminderReceived: null
D/AlarmScheduler( 2248): No events found starting within 1 week.
D/MusicLifecycle( 3069): com.google.android.music.leanback.AutoCacheSchedulingService$EnablingReceiver generated event: Broadcast received with context android.app.ReceiverRestrictedContext@778ac89 and intent Intent { act=com.google.android.music.START_DOWNLOAD_SCHEDULING flg=0x10 cmp=com.google.android.music/.leanback.AutoCacheSchedulingService$EnablingReceiver }
D/MusicLifecycle( 3069): com.google.android.music.leanback.AutoCacheSchedulingService generated event: Service created
D/MusicLifecycle( 3069): com.google.android.music.leanback.AutoCacheSchedulingService generated event: Service started with intent Intent { act=com.google.android.music.leanback.APP_IN_USE cmp=com.google.android.music/.leanback.AutoCacheSchedulingService (has extras) }
D/MusicLifecycle( 3069): com.google.android.music.wear.WearBroadcastReceiver generated event: Broadcast received with context android.app.ReceiverRestrictedContext@778ac89 and intent Intent { act=com.google.android.music.START_DOWNLOAD_SCHEDULING flg=0x10 cmp=com.google.android.music/.wear.WearBroadcastReceiver }
D/MusicLifecycle( 3069): com.google.android.music.download.TrackDownloadQueueService generated event: Service created
D/MusicLifecycle( 3069): com.google.android.music.download.cache.TrackCacheService generated event: Service created
D/MusicLifecycle( 3069): com.google.android.music.wear.WearMetadataSyncService generated event: Service created
D/MusicLifecycle( 3069): com.google.android.music.wear.WearMetadataSyncService generated event: Service started with intent Intent { cmp=com.google.android.music/.wear.WearMetadataSyncService }
E/GmsUtils( 3069): Failed to connect to Google API client: ConnectionResult{statusCode=API_UNAVAILABLE, resolution=null}
E/GmsUtils( 3069): Failed to connect to Google API client: ConnectionResult{statusCode=API_UNAVAILABLE, resolution=null}
D/MusicLifecycle( 3069): com.google.android.music.wear.WearMetadataSyncService generated event: Service destroyed
I/MusicLeanback( 3069): Conditions not met for autocaching. okToAttempt=false
I/MusicLeanback( 3069): Stop autocaching.
D/MusicLifecycle( 3069): com.google.android.music.download.cache.TrackCacheService generated event: Service destroyed
D/MusicLifecycle( 3069): com.google.android.music.download.TrackDownloadQueueService generated event: Service destroyed
I/InputReader( 1317): Reconfiguring input devices.  changes=0x00000010
I/InputReader( 1317): Reconfiguring input devices.  changes=0x00000010
I/InputReader( 1317): Reconfiguring input devices.  changes=0x00000010
I/InputReader( 1317): Reconfiguring input devices.  changes=0x00000010
I/InputReader( 1317): Reconfiguring input devices.  changes=0x00000010
I/InputReader( 1317): Reconfiguring input devices.  changes=0x00000010
D/BackupManagerService( 1317): Received broadcast Intent { act=android.intent.action.PACKAGE_CHANGED dat=package:com.google.android.youtube flg=0x4000010 (has extras) }
W/Launcher( 2583): setApplicationContext called twice! old=com.android.launcher3.LauncherApplication@13355f0f new=com.android.launcher3.LauncherApplication@13355f0f
